12-16 13:53:49.982 D/Module_system(  761): ExtcarModuleToSysModule_Dispatch_Msg pBuf[0]:e1,pBuf[1]:7
12-16 13:53:49.982 D/Module_system(  761): GetExtcarMsg_BENZ, param[0] = 0x7, param[1] = 0x1
12-16 13:53:49.982 D/Module_system(  761): systemToBackcarAppMsg p[0] = 0x7
12-16 13:53:49.982 D/Module_system(  761): Module_system  sendModuleId 20  cCmdType 80  
12-16 13:53:49.982 D/Module_system(  761): ExtcarModuleToSysModule_Dispatch_Msg pBuf[0]:80,pBuf[1]:0
12-16 13:53:49.982 D/Module_system(  761): pBuf[0]=0,2,6,6,2,
12-16 13:53:49.982 D/Module_system(  761): halToSystem_Radar_Info_F b_Visible 1
12-16 13:53:49.982 D/Module_system(  761): [DYB702] setVisible(halToSystem_Radar_Info_F,true);
12-16 13:53:49.982 D/Module_system(  761): halToSystem_Radar_Info_FF b_Visible 1
12-16 13:53:49.982 D/Module_system(  761): Module_system  sendModuleId 20  cCmdType 80  
12-16 13:53:49.982 D/Module_system(  761): ExtcarModuleToSysModule_Dispatch_Msg pBuf[0]:80,pBuf[1]:0
12-16 13:53:49.982 D/Module_system(  761): pBuf[0]=1,0,0,0,0,
12-16 13:53:49.982 D/Module_system(  761): halToSystem_Radar_Info_B b_Visible 1
12-16 13:53:49.982 D/Module_system(  761): halToSystem_Radar_Info_BB b_Visible 1
12-16 13:53:49.982 D/Module_sv(  761): [getCarMsg_BENZ] Module_SVC200 06 03 03 03 03 05 00 00 00 
12-16 13:53:49.982 D/Module_sv(  761): svc200 sendRadarMsgToSV200
12-16 13:53:49.982 D/Module_system(  761): Module_system  sendModuleId 20  cCmdType 80  
12-16 13:53:49.982 D/Module_system(  761): ExtcarModuleToSysModule_Dispatch_Msg pBuf[0]:80,pBuf[1]:2
12-16 13:53:49.982 D/Module_system(  761): pBuf[0]=0,3,3,3,3,
12-16 13:53:49.982 D/Module_system(  761): halToSystem_Radar_Info_F b_Visible 1
12-16 13:53:49.982 D/Module_system(  761): [DYB702] setVisible(halToSystem_Radar_Info_F,true);
12-16 13:53:49.982 D/Module_system(  761): halToSystem_Radar_Info_FF b_Visible 1
12-16 13:53:49.982 D/Module_system(  761): Module_system  sendModuleId 20  cCmdType 80  
12-16 13:53:49.982 D/Module_system(  761): ExtcarModuleToSysModule_Dispatch_Msg pBuf[0]:80,pBuf[1]:2
12-16 13:53:49.982 D/Module_system(  761): pBuf[0]=1,0,0,0,1,
12-16 13:53:49.982 D/Module_system(  761): halToSystem_Radar_Info_B b_Visible 1
12-16 13:53:49.982 D/Module_system(  761): [DYB702] setVisible(halToSystem_Radar_Info_B,true);
12-16 13:53:49.982 D/Module_system(  761): halToSystem_Radar_Info_BB b_Visible 1
12-16 13:53:49.989 D/BackCarMsg( 2441): UPDATE_UI :FF550A00070125010000000000
12-16 13:53:50.002 D/BackCarMsg( 2441): UPDATE_UI :FF550A00070021010000000100
12-16 13:53:50.003 D/BackCarMsg( 2441): UPDATE_UI :FF550A00070022010000000400
12-16 13:53:50.004 D/BackCarMsg( 2441): UPDATE_UI :FF550A00070024010000000400
12-16 13:53:50.004 D/serviceHAL(  761): 
12-16 13:53:50.004 D/serviceHAL(  761):  hardwareReadProc read ID:14
12-16 13:53:50.004 D/serviceHAL(  761): 
12-16 13:53:50.004 D/serviceHAL(  761):  hardwareReadProc read ID:14
12-16 13:53:50.004 D/BackCarMsg( 2441): UPDATE_UI :FF550A00070025010000000000
12-16 13:53:50.004 D/serviceHAL(  761): 
12-16 13:53:50.004 D/serviceHAL(  761):  hardwareReadProc read ID:14
12-16 13:53:50.004 D/golf_carinfo(  761): resCmd:0x82
12-16 13:53:50.004 D/AUDI    (  761): [analyseCarInfo] analyseCarInfo 1E 33 33 10 00 11 11 00 01 
12-16 13:53:50.004 D/Module_system(  761): Module_system  sendModuleId 20  cCmdType e1  
12-16 13:53:50.004 D/Module_system(  761): ExtcarModuleToSysModule_Dispatch_Msg pBuf[0]:e1,pBuf[1]:b
12-16 13:53:50.004 D/Module_system(  761): GetExtcarMsg_BENZ, param[0] = 0xb, param[1] = 0x3
12-16 13:53:50.004 D/Module_system(  761): systemToBackcarAppMsg p[0] = 0xa
12-16 13:53:50.004 D/golf_carinfo(  761): resCmd:0x82
12-16 13:53:50.004 D/AUDI    (  761): [analyseCarInfo] analyseCarInfo 0F 01 27 24 24 24 45 FF FF FF 30 30 30 34 FF FF FF 57 
12-16 13:53:50.004 D/AUDI    (  761): [getRadarStatus]  param =  01 27 24 24 24 45 FF FF FF 30 30 30 34 FF FF FF 57 
12-16 13:53:50.005 D/Module_system(  761): Module_system  sendModuleId 20  cCmdType e1  
12-16 13:53:50.005 D/Module_system(  761): ExtcarModuleToSysModule_Dispatch_Msg pBuf[0]:e1,pBuf[1]:7
12-16 13:53:50.005 D/Module_system(  761): GetExtcarMsg_BENZ, param[0] = 0x7, param[1] = 0x1
12-16 13:53:50.005 D/Module_system(  761): systemToBackcarAppMsg p[0] = 0x7
12-16 13:53:50.005 D/Module_system(  761): Module_system  sendModuleId 20  cCmdType 80  
12-16 13:53:50.005 D/Module_system(  761): ExtcarModuleToSysModule_Dispatch_Msg pBuf[0]:80,pBuf[1]:0
12-16 13:53:50.005 D/Module_system(  761): pBuf[0]=0,2,6,6,2,
12-16 13:53:50.005 D/Module_system(  761): halToSystem_Radar_Info_F b_Visible 1
12-16 13:53:50.005 D/Module_system(  761): [DYB702] setVisible(halToSystem_Radar_Info_F,true);
12-16 13:53:50.005 D/Module_system(  761): halToSystem_Radar_Info_FF b_Visible 1
12-16 13:53:50.005 D/Module_system(  761): Module_system  sendModuleId 20  cCmdType 80  
12-16 13:53:50.005 D/Module_system(  761): ExtcarModuleToSysModule_Dispatch_Msg pBuf[0]:80,pBuf[1]:0
12-16 13:53:50.005 D/Module_system(  761): pBuf[0]=1,0,0,0,0,
12-16 13:53:50.005 D/Module_system(  761): halToSystem_Radar_Info_B b_Visible 1
12-16 13:53:50.005 D/Module_system(  761): halToSystem_Radar_Info_BB b_Visible 1
12-16 13:53:50.005 D/Module_sv(  761): [getCarMsg_BENZ] Module_SVC200 06 03 03 03 03 05 00 00 00 
12-16 13:53:50.005 D/Module_sv(  761): svc200 sendRadarMsgToSV200
12-16 13:53:50.005 D/Module_system(  761): Module_system  sendModuleId 20  cCmdType 80  
12-16 13:53:50.005 D/Module_system(  761): ExtcarModuleToSysModule_Dispatch_Msg pBuf[0]:80,pBuf[1]:2
12-16 13:53:50.005 D/Module_system(  761): pBuf[0]=0,3,3,3,3,
12-16 13:53:50.005 D/Module_system(  761): halToSystem_Radar_Info_F b_Visible 1
12-16 13:53:50.005 D/BackCarMsg( 2441): UPDATE_UI :FF550800070120FF000100
12-16 13:53:50.005 D/Module_system(  761): [DYB702] setVisible(halToSystem_Radar_Info_F,true);
12-16 13:53:50.005 D/Module_system(  761): halToSystem_Radar_Info_FF b_Visible 1
12-16 13:53:50.005 D/Module_system(  761): Module_system  sendModuleId 20  cCmdType 80  
12-16 13:53:50.005 D/Module_system(  761): ExtcarModuleToSysModule_Dispatch_Msg pBuf[0]:80,pBuf[1]:2
12-16 13:53:50.005 D/Module_system(  761): pBuf[0]=1,0,0,0,1,
12-16 13:53:50.005 D/Module_system(  761): halToSystem_Radar_Info_B b_Visible 1
12-16 13:53:50.005 D/Module_system(  761): [DYB702] setVisible(halToSystem_Radar_Info_B,true);
12-16 13:53:50.005 D/Module_system(  761): halToSystem_Radar_Info_BB b_Visible 1
12-16 13:53:50.005 D/golf_carinfo(  761): resCmd:0x82
12-16 13:53:50.005 D/AUDI    (  761): [analyseCarInfo] analyseCarInfo 1E 33 33 10 00 11 11 00 01 
12-16 13:53:50.005 D/Module_system(  761): Module_system  sendModuleId 20  cCmdType e1  
12-16 13:53:50.005 D/Module_system(  761): ExtcarModuleToSysModule_Dispatch_Msg pBuf[0]:e1,pBuf[1]:b
12-16 13:53:50.005 D/Module_system(  761): GetExtcarMsg_BENZ, param[0] = 0xb, param[1] = 0x3
12-16 13:53:50.005 D/Module_system(  761): systemToBackcarAppMsg p[0] = 0xa
12-16 13:53:50.005 D/BackCarMsg( 2441): UPDATE_UI :FF550A00070127010000000100
12-16 13:53:50.006 D/BackCarMsg( 2441): UPDATE_UI :FF550A00070128010000000000
12-16 13:53:50.007 D/BackCarMsg( 2441): UPDATE_UI :FF550A0007012A010000000000
12-16 13:53:50.007 D/BackCarMsg( 2441): UPDATE_UI :FF550A0007012B010000000000
12-16 13:53:50.008 D/BackCarMsg( 2441): UPDATE_UI :FF550A00070027010000000100
12-16 13:53:50.008 D/BackCarMsg( 2441): UPDATE_UI :FF550A00070028010000000000
12-16 13:53:50.009 D/BackCarMsg( 2441): UPDATE_UI :FF550A0007002A010000000000
12-16 13:53:50.010 D/BackCarMsg( 2441): UPDATE_UI :FF550A0007002B010000000000
12-16 13:53:50.010 D/BackCarMsg( 2441): UPDATE_UI :FF550800070120FF000100
12-16 13:53:50.011 D/BackCarMsg( 2441): UPDATE_UI :FF550A00070221010000000300
12-16 13:53:50.011 D/BackCarMsg( 2441): UPDATE_UI :FF550A00070222010000000300
12-16 13:53:50.012 D/BackCarMsg( 2441): UPDATE_UI :FF550A00070224010000000300
12-16 13:53:50.012 D/BackCarMsg( 2441): UPDATE_UI :FF550A00070225010000000300
12-16 13:53:50.013 D/BackCarMsg( 2441): UPDATE_UI :FF550A00070321010000000300
12-16 13:53:50.013 D/DDDB    ( 2441):  0x0a  edgeRadar 
12-16 13:53:50.013 D/DDDD    ( 2441):  EdgeRadarDealWithData 18  1033331000111100000
12-16 13:53:50.014 D/BackCarMsg( 2441): UPDATE_UI :FF550A00070121020000000100
12-16 13:53:50.017 D/dataxml (  688): handleControlUIMessage can't find id:462848
12-16 13:53:50.017 D/dataxml (  688): handleControlUIMessage can't find id:0
12-16 13:53:50.017 D/data    (  688): ----visible1
12-16 13:53:50.020 D/dataxml (  688): handleControlUIMessage can't find id:0
12-16 13:53:50.020 D/dataxml (  688): handleControlUIMessage can't find id:0
12-16 13:53:50.023 D/dataxml (  688): handleControlUIMessage can't find id:0
12-16 13:53:50.023 D/dataxml (  688): handleControlUIMessage can't find id:0
12-16 13:53:50.028 D/BackCarMsg( 2441): UPDATE_UI :FF550A00070122020000000100
12-16 13:53:50.028 D/dataxml (  688): handleControlUIMessage can't find id:0
12-16 13:53:50.030 D/dataxml (  688): handleControlUIMessage can't find id:0
12-16 13:53:50.034 D/serviceHAL(  761): 
12-16 13:53:50.034 D/serviceHAL(  761):  hardwareReadProc read ID:14
12-16 13:53:50.034 D/serviceHAL(  761): 
12-16 13:53:50.034 D/serviceHAL(  761):  hardwareReadProc read ID:14
12-16 13:53:50.034 D/golf_carinfo(  761): resCmd:0x82
12-16 13:53:50.034 D/AUDI    (  761): [analyseCarInfo] analyseCarInfo 0F 01 27 24 24 24 39 FF FF FF 30 30 30 34 FF FF FF 57 
12-16 13:53:50.034 D/AUDI    (  761): [getRadarStatus]  param =  01 27 24 24 24 39 FF FF FF 30 30 30 34 FF FF FF 57 
12-16 13:53:50.034 D/Module_system(  761): Module_system  sendModuleId 20  cCmdType e1  
12-16 13:53:50.034 D/Module_system(  761): ExtcarModuleToSysModule_Dispatch_Msg pBuf[0]:e1,pBuf[1]:7
12-16 13:53:50.034 D/Module_system(  761): GetExtcarMsg_BENZ, param[0] = 0x7, param[1] = 0x1
12-16 13:53:50.034 D/Module_system(  761): systemToBackcarAppMsg p[0] = 0x7
12-16 13:53:50.034 D/Module_system(  761): Module_system  sendModuleId 20  cCmdType 80  
12-16 13:53:50.034 D/Module_system(  761): ExtcarModuleToSysModule_Dispatch_Msg pBuf[0]:80,pBuf[1]:0
12-16 13:53:50.034 D/Module_system(  761): pBuf[0]=0,2,6,6,2,
12-16 13:53:50.034 D/Module_system(  761): halToSystem_Radar_Info_F b_Visible 1
12-16 13:53:50.034 D/Module_system(  761): [DYB702] setVisible(halToSystem_Radar_Info_F,true);
12-16 13:53:50.034 D/Module_system(  761): halToSystem_Radar_Info_FF b_Visible 1
12-16 13:53:50.034 D/Module_system(  761): Module_system  sendModuleId 20  cCmdType 80  
12-16 13:53:50.034 D/Module_system(  761): ExtcarModuleToSysModule_Dispatch_Msg pBuf[0]:80,pBuf[1]:0
12-16 13:53:50.034 D/Module_system(  761): pBuf[0]=1,1,0,0,0,
12-16 13:53:50.034 D/Module_system(  761): halToSystem_Radar_Info_B b_Visible 1
12-16 13:53:50.034 D/Module_system(  761): [DYB702] setVisible(halToSystem_Radar_Info_B,true);
12-16 13:53:50.034 D/Module_system(  761): halToSystem_Radar_Info_BB b_Visible 1
12-16 13:53:50.034 D/Module_sv(  761): [getCarMsg_BENZ] Module_SVC200 06 03 03 03 03 04 00 00 00 
12-16 13:53:50.034 D/Module_sv(  761): svc200 sendRadarMsgToSV200
12-16 13:53:50.034 D/Module_system(  761): Module_system  sendModuleId 20  cCmdType 80  
12-16 13:53:50.034 D/Module_system(  761): ExtcarModuleToSysModule_Dispatch_Msg pBuf[0]:80,pBuf[1]:2
12-16 13:53:50.034 D/Module_system(  761): pBuf[0]=0,3,3,3,3,
12-16 13:53:50.034 D/Module_system(  761): halToSystem_Radar_Info_F b_Visible 1
12-16 13:53:50.034 D/Module_system(  761): [DYB702] setVisible(halToSystem_Radar_Info_F,true);
12-16 13:53:50.034 D/Module_system(  761): halToSystem_Radar_Info_FF b_Visible 1
12-16 13:53:50.034 D/Module_system(  761): Module_system  sendModuleId 20  cCmdType 80  
12-16 13:53:50.034 D/Module_system(  761): ExtcarModuleToSysModule_Dispatch_Msg pBuf[0]:80,pBuf[1]:2
12-16 13:53:50.034 D/Module_system(  761): pBuf[0]=1,0,0,0,1,
12-16 13:53:50.034 D/Module_system(  761): halToSystem_Radar_Info_B b_Visible 1
12-16 13:53:50.034 D/Module_system(  761): [DYB702] setVisible(halToSystem_Radar_Info_B,true);
12-16 13:53:50.034 D/Module_system(  761): halToSystem_Radar_Info_BB b_Visible 1
12-16 13:53:50.035 D/golf_carinfo(  761): resCmd:0x82
12-16 13:53:50.035 D/AUDI    (  761): [analyseCarInfo] analyseCarInfo 1E 33 33 10 00 11 11 00 01 
12-16 13:53:50.035 D/Module_system(  761): Module_system  sendModuleId 20  cCmdType e1  
12-16 13:53:50.035 D/Module_system(  761): ExtcarModuleToSysModule_Dispatch_Msg pBuf[0]:e1,pBuf[1]:b
12-16 13:53:50.035 D/Module_system(  761): GetExtcarMsg_BENZ, param[0] = 0xb, param[1] = 0x3
12-16 13:53:50.035 D/Module_system(  761): systemToBackcarAppMsg p[0] = 0xa
12-16 13:53:50.035 D/dataxml (  688): handleControlUIMessage can't find id:0
12-16 13:53:50.035 D/dataxml (  688): handleControlUIMessage can't find id:0
12-16 13:53:50.035 D/data    (  688): ----visible1
12-16 13:53:50.036 D/dataxml (  688): handleControlUIMessage can't find id:459297
12-16 13:53:50.036 D/dataxml (  688): handleControlUIMessage can't find id:459298
12-16 13:53:50.037 D/dataxml (  688): handleControlUIMessage can't find id:459300
12-16 13:53:50.038 D/dataxml (  688): handleControlUIMessage can't find id:459301
12-16 13:53:50.041 D/dataxml (  688): handleControlUIMessage can't find id:0
12-16 13:53:50.041 D/dataxml (  688): handleControlUIMessage can't find id:0
12-16 13:53:50.041 D/dataxml (  688): handleControlUIMessage can't find id:459553
12-16 13:53:50.042 D/dataxml (  688): handleControlUIMessage can't find id:459554
12-16 13:53:50.043 D/BackCarMsg( 2441): UPDATE_UI :FF550A00070124020000000100
12-16 13:53:50.044 D/dalvikvm(  761): GC_CONCURRENT freed 427K, 48% free 1151K/2188K, paused 3ms+1ms, total 17ms
12-16 13:53:50.046 D/dataxml (  688): handleControlUIMessage can't find id:459556
12-16 13:53:50.046 D/dataxml (  688): handleControlUIMessage can't find id:459557
12-16 13:53:50.047 D/dataxml (  688): handleControlUIMessage can't find id:0
12-16 13:53:50.048 D/dataxml (  688): handleControlUIMessage can't find id:0
12-16 13:53:50.048 D/data    (  688): ----visible1
12-16 13:53:50.049 D/dataxml (  688): handleControlUIMessage can't find id:459303
12-16 13:53:50.050 D/dataxml (  688): handleControlUIMessage can't find id:459304
12-16 13:53:50.051 D/dataxml (  688): handleControlUIMessage can't find id:459306
12-16 13:53:50.051 D/dataxml (  688): handleControlUIMessage can't find id:459307
12-16 13:53:50.052 D/dataxml (  688): handleControlUIMessage can't find id:0
12-16 13:53:50.052 D/dataxml (  688): handleControlUIMessage can't find id:0
12-16 13:53:50.052 D/dataxml (  688): handleControlUIMessage can't find id:459559
12-16 13:53:50.053 D/dataxml (  688): handleControlUIMessage can't find id:459560
12-16 13:53:50.054 D/dataxml (  688): handleControlUIMessage can't find id:459562
12-16 13:53:50.054 D/dataxml (  688): handleControlUIMessage can't find id:459563
12-16 13:53:50.055 D/dataxml (  688): handleControlUIMessage can't find id:0
12-16 13:53:50.055 D/dataxml (  688): handleControlUIMessage can't find id:462848
12-16 13:53:50.056 D/dataxml (  688): handleControlUIMessage can't find id:462848
12-16 13:53:50.057 D/dataxml (  688): handleControlUIMessage can't find id:0
12-16 13:53:50.057 D/data    (  688): ----visible1
12-16 13:53:50.058 D/BackCarMsg( 2441): UPDATE_UI :FF550A00070125020000000100
12-16 13:53:50.061 D/dataxml (  688): handleControlUIMessage can't find id:0
12-16 13:53:50.061 D/dataxml (  688): handleControlUIMessage can't find id:0
12-16 13:53:50.064 D/dataxml (  688): handleControlUIMessage can't find id:0
12-16 13:53:50.064 D/dataxml (  688): handleControlUIMessage can't find id:0
12-16 13:53:50.066 D/dataxml (  688): handleControlUIMessage can't find id:0
12-16 13:53:50.066 D/dataxml (  688): handleControlUIMessage can't find id:0
12-16 13:53:50.069 D/dataxml (  688): handleControlUIMessage can't find id:0
12-16 13:53:50.069 D/dataxml (  688): handleControlUIMessage can't find id:0
12-16 13:53:50.069 D/data    (  688): ----visible1
12-16 13:53:50.070 D/dataxml (  688): handleControlUIMessage can't find id:459297
12-16 13:53:50.071 D/dataxml (  688): handleControlUIMessage can't find id:459298
12-16 13:53:50.072 D/dataxml (  688): handleControlUIMessage can't find id:459300
12-16 13:53:50.072 D/BackCarMsg( 2441): UPDATE_UI :FF550A00070127020000000000
12-16 13:53:50.072 D/dataxml (  688): handleControlUIMessage can't find id:459301
12-16 13:53:50.072 D/BackCarMsg( 2441): UPDATE_UI :FF550A00070421FF000100
12-16 13:53:50.073 D/dataxml (  688): handleControlUIMessage can't find id:0
12-16 13:53:50.073 D/BackCarMsg( 2441): UPDATE_UI :FF550A00070221020000000000
12-16 13:53:50.073 D/dataxml (  688): handleControlUIMessage can't find id:0
12-16 13:53:50.074 D/BackCarMsg( 2441): UPDATE_UI :FF550A00070422FF000100
12-16 13:53:50.074 D/dataxml (  688): handleControlUIMessage can't find id:459553
12-16 13:53:50.074 D/dataxml (  688): handleControlUIMessage can't find id:459554
12-16 13:53:50.075 D/BackCarMsg( 2441): UPDATE_UI :FF550A00070222020000000000
12-16 13:53:50.075 D/dataxml (  688): handleControlUIMessage can't find id:459556
12-16 13:53:50.075 D/BackCarMsg( 2441): UPDATE_UI :FF550A00070424FF000100
12-16 13:53:50.075 D/dataxml (  688): handleControlUIMessage can't find id:459557
12-16 13:53:50.076 D/BackCarMsg( 2441): UPDATE_UI :FF550A00070224020000000000
12-16 13:53:50.076 D/dataxml (  688): handleControlUIMessage can't find id:0
12-16 13:53:50.077 D/BackCarMsg( 2441): UPDATE_UI :FF550A00070425FF000100
12-16 13:53:50.077 D/dataxml (  688): handleControlUIMessage can't find id:0
12-16 13:53:50.077 D/data    (  688): ----visible1
12-16 13:53:50.077 D/BackCarMsg( 2441): UPDATE_UI :FF550A00070225020000000000
12-16 13:53:50.077 D/dataxml (  688): handleControlUIMessage can't find id:459303
12-16 13:53:50.078 D/BackCarMsg( 2441): UPDATE_UI :FF550A00070427FF000100
12-16 13:53:50.078 D/dataxml (  688): handleControlUIMessage can't find id:459304
12-16 13:53:50.079 D/BackCarMsg( 2441): UPDATE_UI :FF550A00070428FF000100
12-16 13:53:50.079 D/dataxml (  688): handleControlUIMessage can't find id:459306
12-16 13:53:50.079 D/BackCarMsg( 2441): UPDATE_UI :FF550A0007042AFF000100
12-16 13:53:50.080 D/dataxml (  688): handleControlUIMessage can't find id:459307
12-16 13:53:50.080 D/BackCarMsg( 2441): UPDATE_UI :FF550A0007042BFF000100
12-16 13:53:50.080 D/dataxml (  688): handleControlUIMessage can't find id:0
12-16 13:53:50.081 D/BackCarMsg( 2441): UPDATE_UI :FF550A00070322010000000300
12-16 13:53:50.081 D/dataxml (  688): handleControlUIMessage can't find id:0
12-16 13:53:50.081 D/dataxml (  688): handleControlUIMessage can't find id:459559
12-16 13:53:50.081 D/DDD     ( 2441):  cmd 7 paramer[1] 1  tmpRadarShow 1
12-16 13:53:50.082 D/BackCarMsg( 2441): UPDATE_UI :FF550A00070324010000000300
12-16 13:53:50.082 D/dataxml (  688): handleControlUIMessage can't find id:459560
12-16 13:53:50.082 D/dataxml (  688): handleControlUIMessage can't find id:459562
12-16 13:53:50.083 D/BackCarMsg( 2441): UPDATE_UI :FF550A00070325010000000300
12-16 13:53:50.083 D/dataxml (  688): handleControlUIMessage can't find id:459563
12-16 13:53:50.083 D/BackCarMsg( 2441): UPDATE_UI :FF550800070120FF000100
12-16 13:53:50.084 D/dataxml (  688): handleControlUIMessage can't find id:0
12-16 13:53:50.084 D/BackCarMsg( 2441): UPDATE_UI :FF550A00070227010000000000
12-16 13:53:50.084 D/dataxml (  688): handleControlUIMessage can't find id:462848
12-16 13:53:50.085 D/BackCarMsg( 2441): UPDATE_UI :FF550A00070228010000000000
12-16 13:53:50.085 D/dataxml (  688): handleControlUIMessage can't find id:462848
12-16 13:53:50.086 D/BackCarMsg( 2441): UPDATE_UI :FF550A0007022A010000000000
12-16 13:53:50.086 D/dataxml (  688): handleControlUIMessage can't find id:0
12-16 13:53:50.086 D/data    (  688): ----visible1
12-16 13:53:50.086 D/BackCarMsg( 2441): UPDATE_UI :FF550A0007022B010000000100
12-16 13:53:50.087 D/BackCarMsg( 2441): UPDATE_UI :FF550A00070327010000000000
12-16 13:53:50.088 D/BackCarMsg( 2441): UPDATE_UI :FF550A00070328010000000000
12-16 13:53:50.088 D/BackCarMsg( 2441): UPDATE_UI :FF550A0007032A010000000000
12-16 13:53:50.089 D/dataxml (  688): handleControlUIMessage can't find id:0
12-16 13:53:50.089 D/dataxml (  688): handleControlUIMessage can't find id:0
12-16 13:53:50.089 D/BackCarMsg( 2441): UPDATE_UI :FF550A0007032B010000000100
12-16 13:53:50.090 D/BackCarMsg( 2441): UPDATE_UI :FF551700071000FF0A0303030301000000010101010000000100
12-16 13:53:50.091 D/BackCarMsg( 2441): UPDATE_UI :FF550800071000FF070100
12-16 13:53:50.092 D/BackCarMsg( 2441): UPDATE_UI :FF550800070120FF000100
12-16 13:53:50.092 D/dataxml (  688): handleControlUIMessage can't find id:0
12-16 13:53:50.092 D/dataxml (  688): handleControlUIMessage can't find id:0
12-16 13:53:50.092 D/DDDB    ( 2441):  0x0a  edgeRadar 
12-16 13:53:50.092 D/DDDD    ( 2441):  EdgeRadarDealWithData 18  1033331000111100000
12-16 13:53:50.093 D/BackCarMsg( 2441): UPDATE_UI :FF550A00070121020000000100
12-16 13:53:50.095 D/dataxml (  688): handleControlUIMessage can't find id:0
12-16 13:53:50.095 D/dataxml (  688): handleControlUIMessage can't find id:0
12-16 13:53:50.096 D/serviceHAL(  761): 
12-16 13:53:50.096 D/serviceHAL(  761):  hardwareReadProc read ID:14
12-16 13:53:50.096 D/serviceHAL(  761): 
12-16 13:53:50.096 D/serviceHAL(  761):  hardwareReadProc read ID:14
12-16 13:53:50.096 D/golf_carinfo(  761): resCmd:0x82
12-16 13:53:50.096 D/AUDI    (  761): [analyseCarInfo] analyseCarInfo 0F 01 24 20 20 23 39 FF FF FF 30 30 30 34 FF FF FF 57 
12-16 13:53:50.096 D/AUDI    (  761): [getRadarStatus]  param =  01 24 20 20 23 39 FF FF FF 30 30 30 34 FF FF FF 57 
12-16 13:53:50.096 D/Module_system(  761): Module_system  sendModuleId 20  cCmdType e1  
12-16 13:53:50.096 D/Module_system(  761): ExtcarModuleToSysModule_Dispatch_Msg pBuf[0]:e1,pBuf[1]:7
12-16 13:53:50.096 D/Module_system(  761): GetExtcarMsg_BENZ, param[0] = 0x7, param[1] = 0x1
12-16 13:53:50.096 D/Module_system(  761): systemToBackcarAppMsg p[0] = 0x7
12-16 13:53:50.096 D/Module_system(  761): Module_system  sendModuleId 20  cCmdType 80  
12-16 13:53:50.096 D/Module_system(  761): ExtcarModuleToSysModule_Dispatch_Msg pBuf[0]:80,pBuf[1]:0
12-16 13:53:50.096 D/Module_system(  761): pBuf[0]=0,2,6,6,2,
12-16 13:53:50.096 D/Module_system(  761): halToSystem_Radar_Info_F b_Visible 1
12-16 13:53:50.096 D/Module_system(  761): [DYB702] setVisible(halToSystem_Radar_Info_F,true);
12-16 13:53:50.096 D/Module_system(  761): halToSystem_Radar_Info_FF b_Visible 1
12-16 13:53:50.096 D/Module_system(  761): Module_system  sendModuleId 20  cCmdType 80  
12-16 13:53:50.096 D/Module_system(  761): ExtcarModuleToSysModule_Dispatch_Msg pBuf[0]:80,pBuf[1]:0
12-16 13:53:50.096 D/Module_system(  761): pBuf[0]=1,1,0,0,0,
12-16 13:53:50.096 D/Module_system(  761): halToSystem_Radar_Info_B b_Visible 1
12-16 13:53:50.096 D/Module_system(  761): [DYB702] setVisible(halToSystem_Radar_Info_B,true);
12-16 13:53:50.096 D/Module_system(  761): halToSystem_Radar_Info_BB b_Visible 1
12-16 13:53:50.096 D/Module_sv(  761): [getCarMsg_BENZ] Module_SVC200 06 03 03 03 03 04 00 00 00 
12-16 13:53:50.096 D/Module_sv(  761): svc200 sendRadarMsgToSV200
12-16 13:53:50.096 D/Module_system(  761): Module_system  sendModuleId 20  cCmdType 80  
12-16 13:53:50.097 D/Module_system(  761): ExtcarModuleToSysModule_Dispatch_Msg pBuf[0]:80,pBuf[1]:2
12-16 13:53:50.097 D/Module_system(  761): pBuf[0]=0,3,3,3,3,
12-16 13:53:50.097 D/Module_system(  761): halToSystem_Radar_Info_F b_Visible 1
12-16 13:53:50.097 D/Module_system(  761): [DYB702] setVisible(halToSystem_Radar_Info_F,true);
12-16 13:53:50.097 D/Module_system(  761): halToSystem_Radar_Info_FF b_Visible 1
12-16 13:53:50.097 D/Module_system(  761): Module_system  sendModuleId 20  cCmdType 80  
12-16 13:53:50.097 D/Module_system(  761): ExtcarModuleToSysModule_Dispatch_Msg pBuf[0]:80,pBuf[1]:2
12-16 13:53:50.097 D/Module_system(  761): pBuf[0]=1,0,0,0,1,
12-16 13:53:50.097 D/Module_system(  761): halToSystem_Radar_Info_B b_Visible 1
12-16 13:53:50.097 D/Module_system(  761): [DYB702] setVisible(halToSystem_Radar_Info_B,true);
12-16 13:53:50.097 D/Module_system(  761): halToSystem_Radar_Info_BB b_Visible 1
12-16 13:53:50.097 D/golf_carinfo(  761): resCmd:0x82
12-16 13:53:50.097 D/AUDI    (  761): [analyseCarInfo] analyseCarInfo 1E 33 33 10 00 11 11 00 01 
12-16 13:53:50.097 D/Module_system(  761): Module_system  sendModuleId 20  cCmdType e1  
12-16 13:53:50.097 D/Module_system(  761): ExtcarModuleToSysModule_Dispatch_Msg pBuf[0]:e1,pBuf[1]:b
12-16 13:53:50.097 D/Module_system(  761): GetExtcarMsg_BENZ, param[0] = 0xb, param[1] = 0x3
12-16 13:53:50.097 D/Module_system(  761): systemToBackcarAppMsg p[0] = 0xa
12-16 13:53:50.099 D/dataxml (  688): handleControlUIMessage can't find id:0
12-16 13:53:50.100 D/dataxml (  688): handleControlUIMessage can't find id:0
12-16 13:53:50.100 D/data    (  688): ----visible1
12-16 13:53:50.101 D/dataxml (  688): handleControlUIMessage can't find id:459297
12-16 13:53:50.101 D/dataxml (  688): handleControlUIMessage can't find id:459298
12-16 13:53:50.102 D/dataxml (  688): handleControlUIMessage can't find id:459300
12-16 13:53:50.103 D/dataxml (  688): handleControlUIMessage can't find id:459301
12-16 13:53:50.103 D/dataxml (  688): handleControlUIMessage can't find id:0
12-16 13:53:50.107 D/BackCarMsg( 2441): UPDATE_UI :FF550A00070122020000000100
12-16 13:53:50.114 D/dataxml (  688): handleControlUIMessage can't find id:0
12-16 13:53:50.115 D/dalvikvm(  761): GC_CONCURRENT freed 427K, 48% free 1144K/2188K, paused 2ms+1ms, total 12ms
12-16 13:53:50.115 D/dataxml (  688): handleControlUIMessage can't find id:459553
12-16 13:53:50.115 D/dataxml (  688): handleControlUIMessage can't find id:459554
12-16 13:53:50.115 D/dataxml (  688): handleControlUIMessage can't find id:459556
12-16 13:53:50.115 D/dataxml (  688): handleControlUIMessage can't find id:459557
12-16 13:53:50.115 D/dataxml (  688): handleControlUIMessage can't find id:0
12-16 13:53:50.116 D/dataxml (  688): handleControlUIMessage can't find id:0
12-16 13:53:50.116 D/data    (  688): ----visible1
12-16 13:53:50.116 D/dataxml (  688): handleControlUIMessage can't find id:459303
12-16 13:53:50.116 D/dataxml (  688): handleControlUIMessage can't find id:459304
12-16 13:53:50.117 D/dataxml (  688): handleControlUIMessage can't find id:459306
12-16 13:53:50.117 D/dataxml (  688): handleControlUIMessage can't find id:459307
12-16 13:53:50.117 D/dataxml (  688): handleControlUIMessage can't find id:0
12-16 13:53:50.117 D/dataxml (  688): handleControlUIMessage can't find id:0
12-16 13:53:50.118 D/dataxml (  688): handleControlUIMessage can't find id:459559
12-16 13:53:50.118 D/dataxml (  688): handleControlUIMessage can't find id:459560
12-16 13:53:50.119 D/dataxml (  688): handleControlUIMessage can't find id:459562
12-16 13:53:50.120 D/dataxml (  688): handleControlUIMessage can't find id:459563
12-16 13:53:50.121 D/dataxml (  688): handleControlUIMessage can't find id:0
12-16 13:53:50.121 D/dataxml (  688): handleControlUIMessage can't find id:462848
12-16 13:53:50.121 D/BackCarMsg( 2441): UPDATE_UI :FF550A00070124020000000100
12-16 13:53:50.135 D/BackCarMsg( 2441): UPDATE_UI :FF550A00070125020000000100
12-16 13:53:50.148 D/BackCarMsg( 2441): UPDATE_UI :FF550A00070127020000000000
12-16 13:53:50.149 D/BackCarMsg( 2441): UPDATE_UI :FF550A00070421FF000100
12-16 13:53:50.149 D/BackCarMsg( 2441): UPDATE_UI :FF550A00070221020000000000
12-16 13:53:50.150 D/BackCarMsg( 2441): UPDATE_UI :FF550A00070422FF000100
12-16 13:53:50.150 D/BackCarMsg( 2441): UPDATE_UI :FF550A00070222020000000000
12-16 13:53:50.151 D/BackCarMsg( 2441): UPDATE_UI :FF550A00070424FF000100
12-16 13:53:50.151 D/BackCarMsg( 2441): UPDATE_UI :FF550A00070224020000000000
12-16 13:53:50.152 D/BackCarMsg( 2441): UPDATE_UI :FF550A00070425FF000100
12-16 13:53:50.152 D/BackCarMsg( 2441): UPDATE_UI :FF550A00070225020000000000
12-16 13:53:50.153 D/BackCarMsg( 2441): UPDATE_UI :FF550A00070427FF000100
12-16 13:53:50.153 D/BackCarMsg( 2441): UPDATE_UI :FF550A00070428FF000100
12-16 13:53:50.154 D/BackCarMsg( 2441): UPDATE_UI :FF550A0007042AFF000100
12-16 13:53:50.154 D/BackCarMsg( 2441): UPDATE_UI :FF550A0007042BFF000100
12-16 13:53:50.155 D/DDD     ( 2441):  cmd 7 paramer[1] 1  tmpRadarShow 1
12-16 13:53:50.155 D/BackCarMsg( 2441): UPDATE_UI :FF550A00070121010000000100
12-16 13:53:50.169 D/BackCarMsg( 2441): UPDATE_UI :FF550A00070122010000000400
12-16 13:53:50.172 D/mnl_linux( 3466): mtk_gps_sys_gps_mnl_callback: MTK_GPS_MSG_FIX_READY
12-16 13:53:50.172 D/MNLD    (  843): mnl_set_alarm: (0, 0x80000000, 5)
12-16 13:53:50.172 D/dataxml (  688): handleControlUIMessage can't find id:462848
12-16 13:53:50.175 D/gps_mtk_gps(  417): nmea_reader_parse: line = 980: GPS get accuracy from driver:3.900000
12-16 13:53:50.175 D/gps_mtk_gps(  417): nmea_reader_parse: line = 1044: Found 13 Satellites, mask = 0x909a5a10
12-16 13:53:50.177 D/GPS     (  554): count:11
12-16 13:53:50.178 D/GPS     (  915): count:11
12-16 13:53:50.178 D/PowerManagerService(  417): acquireWakeLockInternal: lock=1094777160, flags=0x1, tag="LocationManagerService", ws=null, uid=1000, pid=417
12-16 13:53:50.178 D/PowerManagerNotifier(  417): onWakeLockAcquired: flags=1, tag="LocationManagerService", ownerUid=1000, ownerPid=417, workSource=null
12-16 13:53:50.179 D/PowerManagerService(  417): updateWakeLockSummaryLocked: mWakefulness=Awake, mWakeLockSummary=0x1
12-16 13:53:50.179 D/PowerManagerService(  417): updateScreenStateLocked: mDisplayReady=true, newScreenState=2, mWakefulness=1, mWakeLockSummary=0x1, mUserActivitySummary=0x1, mBootCompleted=true
12-16 13:53:50.179 D/PowerManagerService(  417): handleSandman: canDream=true, mWakefulness=Awake
12-16 13:53:50.179 D/PowerManagerService(  417): releaseWakeLockInternal: lock=1094777160, flags=0x0
12-16 13:53:50.179 D/PowerManagerNotifier(  417): onWakeLockReleased: flags=1, tag="LocationManagerService", ownerUid=1000, ownerPid=417, workSource=null
12-16 13:53:50.179 D/PowerManagerService(  417): updateWakeLockSummaryLocked: mWakefulness=Awake, mWakeLockSummary=0x1
12-16 13:53:50.180 D/PowerManagerService(  417): updateScreenStateLocked: mDisplayReady=true, newScreenState=2, mWakefulness=1, mWakeLockSummary=0x1, mUserActivitySummary=0x1, mBootCompleted=true
12-16 13:53:50.180 D/PowerManagerService(  417): handleSandman: canDream=true, mWakefulness=Awake
12-16 13:53:50.182 D/dataxml (  688): handleControlUIMessage can't find id:0
12-16 13:53:50.182 D/data    (  688): ----visible1
12-16 13:53:50.184 D/PowerManagerService(  417): acquireWakeLockInternal: lock=1094777160, flags=0x1, tag="LocationManagerService", ws=null, uid=1000, pid=417
12-16 13:53:50.184 D/PowerManagerNotifier(  417): onWakeLockAcquired: flags=1, tag="LocationManagerService", ownerUid=1000, ownerPid=417, workSource=null
12-16 13:53:50.184 D/PowerManagerService(  417): updateWakeLockSummaryLocked: mWakefulness=Awake, mWakeLockSummary=0x1
12-16 13:53:50.185 D/BackCarMsg( 2441): UPDATE_UI :FF550A00070124010000000400
12-16 13:53:50.185 D/PowerManagerService(  417): updateScreenStateLocked: mDisplayReady=true, newScreenState=2, mWakefulness=1, mWakeLockSummary=0x1, mUserActivitySummary=0x1, mBootCompleted=true
12-16 13:53:50.185 D/PowerManagerService(  417): handleSandman: canDream=true, mWakefulness=Awake
12-16 13:53:50.187 D/dataxml (  688): handleControlUIMessage can't find id:0
12-16 13:53:50.188 D/dataxml (  688): handleControlUIMessage can't find id:0
12-16 13:53:50.190 D/dataxml (  688): handleControlUIMessage can't find id:0
12-16 13:53:50.190 D/dataxml (  688): handleControlUIMessage can't find id:0
12-16 13:53:50.191 D/data    (  688): ----visible1
12-16 13:53:50.194 D/dataxml (  688): handleControlUIMessage can't find id:0
12-16 13:53:50.195 D/dataxml (  688): handleControlUIMessage can't find id:0
12-16 13:53:50.196 D/serviceHAL(  761): 
12-16 13:53:50.196 D/serviceHAL(  761):  hardwareReadProc read ID:14
12-16 13:53:50.196 D/serviceHAL(  761): 
12-16 13:53:50.196 D/serviceHAL(  761):  hardwareReadProc read ID:14
12-16 13:53:50.196 D/serviceHAL(  761): 
12-16 13:53:50.196 D/serviceHAL(  761):  hardwareReadProc read ID:14
12-16 13:53:50.196 D/golf_carinfo(  761): resCmd:0x82
12-16 13:53:50.196 D/AUDI    (  761): [analyseCarInfo] analyseCarInfo 0F 01 24 20 20 23 45 FF FF FF 30 30 30 34 FF FF FF 57 
12-16 13:53:50.196 D/AUDI    (  761): [getRadarStatus]  param =  01 24 20 20 23 45 FF FF FF 30 30 30 34 FF FF FF 57 
12-16 13:53:50.196 D/Module_system(  761): Module_system  sendModuleId 20  cCmdType e1  
12-16 13:53:50.196 D/Module_system(  761): ExtcarModuleToSysModule_Dispatch_Msg pBuf[0]:e1,pBuf[1]:7
12-16 13:53:50.196 D/Module_system(  761): GetExtcarMsg_BENZ, param[0] = 0x7, param[1] = 0x1
12-16 13:53:50.196 D/Module_system(  761): systemToBackcarAppMsg p[0] = 0x7
12-16 13:53:50.196 D/Module_system(  761): Module_system  sendModuleId 20  cCmdType 80  
12-16 13:53:50.196 D/Module_system(  761): ExtcarModuleToSysModule_Dispatch_Msg pBuf[0]:80,pBuf[1]:0
12-16 13:53:50.196 D/Module_system(  761): pBuf[0]=0,2,6,6,2,
12-16 13:53:50.196 D/Module_system(  761): halToSystem_Radar_Info_F b_Visible 1
12-16 13:53:50.196 D/Module_system(  761): [DYB702] setVisible(halToSystem_Radar_Info_F,true);
12-16 13:53:50.196 D/Module_system(  761): halToSystem_Radar_Info_FF b_Visible 1
12-16 13:53:50.196 D/Module_system(  761): Module_system  sendModuleId 20  cCmdType 80  
12-16 13:53:50.196 D/Module_system(  761): ExtcarModuleToSysModule_Dispatch_Msg pBuf[0]:80,pBuf[1]:0
12-16 13:53:50.196 D/Module_system(  761): pBuf[0]=1,0,0,0,0,
12-16 13:53:50.196 D/Module_system(  761): halToSystem_Radar_Info_B b_Visible 1
12-16 13:53:50.196 D/Module_system(  761): halToSystem_Radar_Info_BB b_Visible 1
12-16 13:53:50.196 D/Module_sv(  761): [getCarMsg_BENZ] Module_SVC200 06 03 03 03 03 05 00 00 00 
12-16 13:53:50.196 D/Module_sv(  761): svc200 sendRadarMsgToSV200
12-16 13:53:50.196 D/Module_system(  761): Module_system  sendModuleId 20  cCmdType 80  
12-16 13:53:50.197 D/Module_system(  761): ExtcarModuleToSysModule_Dispatch_Msg pBuf[0]:80,pBuf[1]:2
12-16 13:53:50.197 D/Module_system(  761): pBuf[0]=0,3,3,3,3,
12-16 13:53:50.197 D/Module_system(  761): halToSystem_Radar_Info_F b_Visible 1
12-16 13:53:50.197 D/Module_system(  761): [DYB702] setVisible(halToSystem_Radar_Info_F,true);
12-16 13:53:50.197 D/Module_system(  761): halToSystem_Radar_Info_FF b_Visible 1
12-16 13:53:50.197 D/Module_system(  761): Module_system  sendModuleId 20  cCmdType 80  
12-16 13:53:50.197 D/Module_system(  761): ExtcarModuleToSysModule_Dispatch_Msg pBuf[0]:80,pBuf[1]:2
12-16 13:53:50.197 D/Module_system(  761): pBuf[0]=1,0,0,0,1,
12-16 13:53:50.197 D/Module_system(  761): halToSystem_Radar_Info_B b_Visible 1
12-16 13:53:50.197 D/Module_system(  761): [DYB702] setVisible(halToSystem_Radar_Info_B,true);
12-16 13:53:50.197 D/Module_system(  761): halToSystem_Radar_Info_BB b_Visible 1
12-16 13:53:50.197 D/golf_carinfo(  761): resCmd:0x82
12-16 13:53:50.197 D/AUDI    (  761): [analyseCarInfo] analyseCarInfo 1E 33 33 10 00 11 11 00 01 
12-16 13:53:50.197 D/Module_system(  761): Module_system  sendModuleId 20  cCmdType e1  
12-16 13:53:50.197 D/Module_system(  761): ExtcarModuleToSysModule_Dispatch_Msg pBuf[0]:e1,pBuf[1]:b
12-16 13:53:50.197 D/Module_system(  761): GetExtcarMsg_BENZ, param[0] = 0xb, param[1] = 0x3
12-16 13:53:50.197 D/Module_system(  761): systemToBackcarAppMsg p[0] = 0xa
12-16 13:53:50.197 D/golf_carinfo(  761): resCmd:0x82
12-16 13:53:50.197 D/AUDI    (  761): [analyseCarInfo] analyseCarInfo 08 77 20 
12-16 13:53:50.197 D/Module_system(  761): Module_system  sendModuleId 20  cCmdType e1  
12-16 13:53:50.197 D/Module_system(  761): ExtcarModuleToSysModule_Dispatch_Msg pBuf[0]:e1,pBuf[1]:4
12-16 13:53:50.197 D/Module_system(  761): GetExtcarMsg_BENZ, param[0] = 0x4, param[1] = 0x1
12-16 13:53:50.197 D/Module_system(  761): halToSystem_wheel_Info:0x1, 0x0
12-16 13:53:50.197 D/Module_system(  761):  systemToBackCar_Locus_Info , dir = 1, value = 0x0 
12-16 13:53:50.197 D/Module_system(  761): halToSystem_Locus_Info_BB b_Visible 1,pBuf = [256]
12-16 13:53:50.197 D/Module_system(  761): halToSystem_Locus_Info_BB b_Visible 1,pBuf = [256]
12-16 13:53:50.197 D/Module_extcar(  761): getSteerWheelAngle 0
12-16 13:53:50.199 E/TXZ     ( 3273): [FROM=com.txznet.txz,TO=com.txznet.nav,CMD=txz.nav.updateMylocation] timeout=3000
12-16 13:53:50.199 D/BackCarMsg( 2441): UPDATE_UI :FF550A00070125010000000000
12-16 13:53:50.201 D/dataxml (  688): handleControlUIMessage can't find id:0
12-16 13:53:50.201 D/dataxml (  688): handleControlUIMessage can't find id:0
12-16 13:53:50.201 D/data    (  688): ----visible1
12-16 13:53:50.202 D/dataxml (  688): handleControlUIMessage can't find id:459297
12-16 13:53:50.203 D/dataxml (  688): handleControlUIMessage can't find id:459298
12-16 13:53:50.204 D/dataxml (  688): handleControlUIMessage can't find id:459300
12-16 13:53:50.204 D/dataxml (  688): handleControlUIMessage can't find id:459301
12-16 13:53:50.206 D/dataxml (  688): handleControlUIMessage can't find id:0
12-16 13:53:50.206 D/dataxml (  688): handleControlUIMessage can't find id:0
12-16 13:53:50.207 D/dataxml (  688): handleControlUIMessage can't find id:459553
12-16 13:53:50.208 D/dataxml (  688): handleControlUIMessage can't find id:459554
12-16 13:53:50.208 D/dataxml (  688): handleControlUIMessage can't find id:459556
12-16 13:53:50.208 D/dataxml (  688): handleControlUIMessage can't find id:459557
12-16 13:53:50.208 D/PowerManagerService(  417): releaseWakeLockInternal: lock=1094777160, flags=0x0
12-16 13:53:50.208 D/PowerManagerNotifier(  417): onWakeLockReleased: flags=1, tag="LocationManagerService", ownerUid=1000, ownerPid=417, workSource=null
12-16 13:53:50.208 D/PowerManagerService(  417): updateWakeLockSummaryLocked: mWakefulness=Awake, mWakeLockSummary=0x1
12-16 13:53:50.208 D/PowerManagerService(  417): updateScreenStateLocked: mDisplayReady=true, newScreenState=2, mWakefulness=1, mWakeLockSummary=0x1, mUserActivitySummary=0x1, mBootCompleted=true
12-16 13:53:50.209 D/PowerManagerService(  417): handleSandman: canDream=true, mWakefulness=Awake
12-16 13:53:50.210 D/dataxml (  688): handleControlUIMessage can't find id:0
12-16 13:53:50.211 D/dataxml (  688): handleControlUIMessage can't find id:0
12-16 13:53:50.211 D/data    (  688): ----visible1
12-16 13:53:50.211 D/dataxml (  688): handleControlUIMessage can't find id:459303
12-16 13:53:50.212 D/dataxml (  688): handleControlUIMessage can't find id:459304
12-16 13:53:50.212 D/dataxml (  688): handleControlUIMessage can't find id:459306
12-16 13:53:50.213 D/BackCarMsg( 2441): UPDATE_UI :FF550A00070021010000000100
12-16 13:53:50.214 D/BackCarMsg( 2441): UPDATE_UI :FF550A00070022010000000400
12-16 13:53:50.214 D/dataxml (  688): handleControlUIMessage can't find id:459307
12-16 13:53:50.214 D/dataxml (  688): handleControlUIMessage can't find id:0
12-16 13:53:50.215 D/BackCarMsg( 2441): UPDATE_UI :FF550A00070024010000000400
12-16 13:53:50.215 D/dataxml (  688): handleControlUIMessage can't find id:0
12-16 13:53:50.215 D/PowerManagerService(  417): acquireWakeLockInternal: lock=1094777160, flags=0x1, tag="LocationManagerService", ws=null, uid=1000, pid=417
12-16 13:53:50.215 D/PowerManagerNotifier(  417): onWakeLockAcquired: flags=1, tag="LocationManagerService", ownerUid=1000, ownerPid=417, workSource=null
12-16 13:53:50.216 D/BackCarMsg( 2441): UPDATE_UI :FF550A00070025010000000000
12-16 13:53:50.216 D/dataxml (  688): handleControlUIMessage can't find id:459559
12-16 13:53:50.216 D/BackCarMsg( 2441): UPDATE_UI :FF550A00070127010000000000
12-16 13:53:50.216 D/PowerManagerService(  417): updateWakeLockSummaryLocked: mWakefulness=Awake, mWakeLockSummary=0x1
12-16 13:53:50.216 D/PowerManagerService(  417): updateScreenStateLocked: mDisplayReady=true, newScreenState=2, mWakefulness=1, mWakeLockSummary=0x1, mUserActivitySummary=0x1, mBootCompleted=true
12-16 13:53:50.216 D/PowerManagerService(  417): handleSandman: canDream=true, mWakefulness=Awake
12-16 13:53:50.216 D/PowerManagerService(  417): releaseWakeLockInternal: lock=1094777160, flags=0x0
12-16 13:53:50.217 D/dataxml (  688): handleControlUIMessage can't find id:459560
12-16 13:53:50.217 D/BackCarMsg( 2441): UPDATE_UI :FF550A00070128010000000000
12-16 13:53:50.217 D/PowerManagerNotifier(  417): onWakeLockReleased: flags=1, tag="LocationManagerService", ownerUid=1000, ownerPid=417, workSource=null
12-16 13:53:50.217 D/PowerManagerService(  417): updateWakeLockSummaryLocked: mWakefulness=Awake, mWakeLockSummary=0x1
12-16 13:53:50.217 D/PowerManagerService(  417): updateScreenStateLocked: mDisplayReady=true, newScreenState=2, mWakefulness=1, mWakeLockSummary=0x1, mUserActivitySummary=0x1, mBootCompleted=true
12-16 13:53:50.217 D/PowerManagerService(  417): handleSandman: canDream=true, mWakefulness=Awake
12-16 13:53:50.218 D/dataxml (  688): handleControlUIMessage can't find id:459562
12-16 13:53:50.218 D/BackCarMsg( 2441): UPDATE_UI :FF550A0007012A010000000000
12-16 13:53:50.218 D/dataxml (  688): handleControlUIMessage can't find id:459563
12-16 13:53:50.219 D/dataxml (  688): handleControlUIMessage can't find id:0
12-16 13:53:50.219 D/BackCarMsg( 2441): UPDATE_UI :FF550A0007012B010000000000
12-16 13:53:50.220 D/dataxml (  688): handleControlUIMessage can't find id:462848
12-16 13:53:50.220 D/dataxml (  688): handleControlUIMessage can't find id:462848
12-16 13:53:50.220 D/BackCarMsg( 2441): UPDATE_UI :FF550A00070027010000000000
12-16 13:53:50.220 D/PowerManagerService(  417): acquireWakeLockInternal: lock=1094777160, flags=0x1, tag="LocationManagerService", ws=null, uid=1000, pid=417
12-16 13:53:50.220 D/PowerManagerNotifier(  417): onWakeLockAcquired: flags=1, tag="LocationManagerService", ownerUid=1000, ownerPid=417, workSource=null
12-16 13:53:50.220 D/PowerManagerService(  417): updateWakeLockSummaryLocked: mWakefulness=Awake, mWakeLockSummary=0x1
12-16 13:53:50.220 D/PowerManagerService(  417): updateScreenStateLocked: mDisplayReady=true, newScreenState=2, mWakefulness=1, mWakeLockSummary=0x1, mUserActivitySummary=0x1, mBootCompleted=true
12-16 13:53:50.221 D/dataxml (  688): handleControlUIMessage can't find id:0
12-16 13:53:50.221 D/BackCarMsg( 2441): UPDATE_UI :FF550A00070028010000000000
12-16 13:53:50.221 D/PowerManagerService(  417): handleSandman: canDream=true, mWakefulness=Awake
12-16 13:53:50.222 D/data    (  688): ----visible1
12-16 13:53:50.222 D/BackCarMsg( 2441): UPDATE_UI :FF550A0007002A010000000000
12-16 13:53:50.222 D/PowerManagerService(  417): releaseWakeLockInternal: lock=1094777160, flags=0x0
12-16 13:53:50.222 D/PowerManagerNotifier(  417): onWakeLockReleased: flags=1, tag="LocationManagerService", ownerUid=1000, ownerPid=417, workSource=null
12-16 13:53:50.222 D/PowerManagerService(  417): updateWakeLockSummaryLocked: mWakefulness=Awake, mWakeLockSummary=0x1
12-16 13:53:50.222 D/PowerManagerService(  417): updateScreenStateLocked: mDisplayReady=true, newScreenState=2, mWakefulness=1, mWakeLockSummary=0x1, mUserActivitySummary=0x1, mBootCompleted=true
12-16 13:53:50.222 D/PowerManagerService(  417): handleSandman: canDream=true, mWakefulness=Awake
12-16 13:53:50.223 D/BackCarMsg( 2441): UPDATE_UI :FF550A0007002B010000000000
12-16 13:53:50.223 D/BackCarMsg( 2441): UPDATE_UI :FF550800070120FF000100
12-16 13:53:50.223 D/PowerManagerService(  417): acquireWakeLockInternal: lock=1094777160, flags=0x1, tag="LocationManagerService", ws=null, uid=1000, pid=417
12-16 13:53:50.224 D/BackCarMsg( 2441): UPDATE_UI :FF550A00070221010000000300
12-16 13:53:50.224 D/dataxml (  688): handleControlUIMessage can't find id:0
12-16 13:53:50.224 D/dataxml (  688): handleControlUIMessage can't find id:0
12-16 13:53:50.224 D/PowerManagerNotifier(  417): onWakeLockAcquired: flags=1, tag="LocationManagerService", ownerUid=1000, ownerPid=417, workSource=null
12-16 13:53:50.224 D/PowerManagerService(  417): updateWakeLockSummaryLocked: mWakefulness=Awake, mWakeLockSummary=0x1
12-16 13:53:50.225 D/BackCarMsg( 2441): UPDATE_UI :FF550A00070222010000000300
12-16 13:53:50.225 D/PowerManagerService(  417): updateScreenStateLocked: mDisplayReady=true, newScreenState=2, mWakefulness=1, mWakeLockSummary=0x1, mUserActivitySummary=0x1, mBootCompleted=true
12-16 13:53:50.225 D/PowerManagerService(  417): handleSandman: canDream=true, mWakefulness=Awake
12-16 13:53:50.225 D/PowerManagerService(  417): releaseWakeLockInternal: lock=1094777160, flags=0x0
12-16 13:53:50.225 D/PowerManagerNotifier(  417): onWakeLockReleased: flags=1, tag="LocationManagerService", ownerUid=1000, ownerPid=417, workSource=null
12-16 13:53:50.226 D/PowerManagerService(  417): updateWakeLockSummaryLocked: mWakefulness=Awake, mWakeLockSummary=0x1
12-16 13:53:50.226 D/PowerManagerService(  417): updateScreenStateLocked: mDisplayReady=true, newScreenState=2, mWakefulness=1, mWakeLockSummary=0x1, mUserActivitySummary=0x1, mBootCompleted=true
12-16 13:53:50.226 D/PowerManagerService(  417): handleSandman: canDream=true, mWakefulness=Awake
12-16 13:53:50.227 D/BackCarMsg( 2441): UPDATE_UI :FF550A00070224010000000300
12-16 13:53:50.227 D/dataxml (  688): handleControlUIMessage can't find id:0
12-16 13:53:50.227 D/dataxml (  688): handleControlUIMessage can't find id:0
12-16 13:53:50.227 D/data    (  688): ----visible1
12-16 13:53:50.227 D/BackCarMsg( 2441): UPDATE_UI :FF550A00070225010000000300
12-16 13:53:50.228 D/BackCarMsg( 2441): UPDATE_UI :FF550A00070321010000000300
12-16 13:53:50.229 D/dataxml (  688): handleControlUIMessage can't find id:0
12-16 13:53:50.229 D/BackCarMsg( 2441): UPDATE_UI :FF550A00070322010000000300
12-16 13:53:50.230 D/dataxml (  688): handleControlUIMessage can't find id:0
12-16 13:53:50.230 D/BackCarMsg( 2441): UPDATE_UI :FF550A00070324010000000300
12-16 13:53:50.231 D/BackCarMsg( 2441): UPDATE_UI :FF550A00070325010000000300
12-16 13:53:50.232 D/BackCarMsg( 2441): UPDATE_UI :FF550800070120FF000100
12-16 13:53:50.232 D/dataxml (  688): handleControlUIMessage can't find id:0
12-16 13:53:50.232 D/dataxml (  688): handleControlUIMessage can't find id:0
12-16 13:53:50.233 D/data    (  688): ----visible1
12-16 13:53:50.233 D/BackCarMsg( 2441): UPDATE_UI :FF550A00070227010000000000
12-16 13:53:50.233 D/dataxml (  688): handleControlUIMessage can't find id:459297
12-16 13:53:50.233 D/dataxml (  688): handleControlUIMessage can't find id:459298
12-16 13:53:50.233 D/BackCarMsg( 2441): UPDATE_UI :FF550A00070228010000000000
12-16 13:53:50.234 D/dataxml (  688): handleControlUIMessage can't find id:459300
12-16 13:53:50.234 D/serviceHAL(  761): 
12-16 13:53:50.234 D/serviceHAL(  761):  hardwareReadProc read ID:14
12-16 13:53:50.234 D/BackCarMsg( 2441): UPDATE_UI :FF550A0007022A010000000000
12-16 13:53:50.234 D/serviceHAL(  761): 
12-16 13:53:50.234 D/serviceHAL(  761):  hardwareReadProc read ID:14
12-16 13:53:50.234 D/golf_carinfo(  761): resCmd:0x82
12-16 13:53:50.234 D/AUDI    (  761): [analyseCarInfo] analyseCarInfo 0F 01 22 1F 1F 1F 45 FF FF FF 30 30 30 34 FF FF FF 57 
12-16 13:53:50.234 D/AUDI    (  761): [getRadarStatus]  param =  01 22 1F 1F 1F 45 FF FF FF 30 30 30 34 FF FF FF 57 
12-16 13:53:50.234 D/Module_system(  761): Module_system  sendModuleId 20  cCmdType e1  
12-16 13:53:50.234 D/Module_system(  761): ExtcarModuleToSysModule_Dispatch_Msg pBuf[0]:e1,pBuf[1]:7
12-16 13:53:50.234 D/Module_system(  761): GetExtcarMsg_BENZ, param[0] = 0x7, param[1] = 0x1
12-16 13:53:50.234 D/Module_system(  761): systemToBackcarAppMsg p[0] = 0x7
12-16 13:53:50.234 D/Module_system(  761): Module_system  sendModuleId 20  cCmdType 80  
12-16 13:53:50.235 D/Module_system(  761): ExtcarModuleToSysModule_Dispatch_Msg pBuf[0]:80,pBuf[1]:0
12-16 13:53:50.235 D/Module_system(  761): pBuf[0]=0,2,6,6,2,
12-16 13:53:50.235 D/Module_system(  761): halToSystem_Radar_Info_F b_Visible 1
12-16 13:53:50.235 D/Module_system(  761): [DYB702] setVisible(halToSystem_Radar_Info_F,true);
12-16 13:53:50.235 D/Module_system(  761): halToSystem_Radar_Info_FF b_Visible 1
12-16 13:53:50.235 D/Module_system(  761): Module_system  sendModuleId 20  cCmdType 80  
12-16 13:53:50.235 D/Module_system(  761): ExtcarModuleToSysModule_Dispatch_Msg pBuf[0]:80,pBuf[1]:0
12-16 13:53:50.235 D/Module_system(  761): pBuf[0]=1,0,0,0,0,
12-16 13:53:50.235 D/Module_system(  761): halToSystem_Radar_Info_B b_Visible 1
12-16 13:53:50.235 D/Module_system(  761): halToSystem_Radar_Info_BB b_Visible 1
12-16 13:53:50.235 D/Module_sv(  761): [getCarMsg_BENZ] Module_SVC200 06 03 03 03 03 05 00 00 00 
12-16 13:53:50.235 D/Module_sv(  761): svc200 sendRadarMsgToSV200
12-16 13:53:50.235 D/Module_system(  761): Module_system  sendModuleId 20  cCmdType 80  
12-16 13:53:50.235 D/Module_system(  761): ExtcarModuleToSysModule_Dispatch_Msg pBuf[0]:80,pBuf[1]:2
12-16 13:53:50.235 D/Module_system(  761): pBuf[0]=0,3,3,3,3,
12-16 13:53:50.235 D/Module_system(  761): halToSystem_Radar_Info_F b_Visible 1
12-16 13:53:50.235 D/Module_system(  761): [DYB702] setVisible(halToSystem_Radar_Info_F,true);
12-16 13:53:50.235 D/Module_system(  761): halToSystem_Radar_Info_FF b_Visible 1
12-16 13:53:50.235 D/Module_system(  761): Module_system  sendModuleId 20  cCmdType 80  
12-16 13:53:50.235 D/Module_system(  761): ExtcarModuleToSysModule_Dispatch_Msg pBuf[0]:80,pBuf[1]:2
12-16 13:53:50.235 D/Module_system(  761): pBuf[0]=1,0,0,0,1,
12-16 13:53:50.235 D/Module_system(  761): halToSystem_Radar_Info_B b_Visible 1
12-16 13:53:50.235 D/Module_system(  761): [DYB702] setVisible(halToSystem_Radar_Info_B,true);
12-16 13:53:50.235 D/Module_system(  761): halToSystem_Radar_Info_BB b_Visible 1
12-16 13:53:50.235 D/golf_carinfo(  761): resCmd:0x82
12-16 13:53:50.235 D/AUDI    (  761): [analyseCarInfo] analyseCarInfo 1E 33 33 10 00 11 11 00 01 
12-16 13:53:50.235 D/Module_system(  761): Module_system  sendModuleId 20  cCmdType e1  
12-16 13:53:50.235 D/Module_system(  761): ExtcarModuleToSysModule_Dispatch_Msg pBuf[0]:e1,pBuf[1]:b
12-16 13:53:50.235 D/Module_system(  761): GetExtcarMsg_BENZ, param[0] = 0xb, param[1] = 0x3
