12-16 13:53:50.543 D/dataxml (  688): handleControlUIMessage can't find id:459562
12-16 13:53:50.543 D/dataxml (  688): handleControlUIMessage can't find id:459563
12-16 13:53:50.543 D/dataxml (  688): handleControlUIMessage can't find id:0
12-16 13:53:50.544 D/dataxml (  688): handleControlUIMessage can't find id:462848
12-16 13:53:50.544 D/dataxml (  688): handleControlUIMessage can't find id:460288
12-16 13:53:50.544 D/dataxml (  688): handleControlUIMessage can't find id:0
12-16 13:53:50.544 D/dataxml (  688): handleControlUIMessage can't find id:460288
12-16 13:53:50.545 D/dataxml (  688): handleControlUIMessage can't find id:0
12-16 13:53:50.545 D/dataxml (  688): handleControlUIMessage can't find id:462848
12-16 13:53:50.545 D/dataxml (  688): handleControlUIMessage can't find id:0
12-16 13:53:50.546 D/data    (  688): ----visible1
12-16 13:53:50.546 D/dataxml (  688): handleControlUIMessage can't find id:0
12-16 13:53:50.546 D/dataxml (  688): handleControlUIMessage can't find id:0
12-16 13:53:50.548 D/dataxml (  688): handleControlUIMessage can't find id:0
12-16 13:53:50.548 D/dataxml (  688): handleControlUIMessage can't find id:0
12-16 13:53:50.548 D/dataxml (  688): handleControlUIMessage can't find id:0
12-16 13:53:50.549 D/dataxml (  688): handleControlUIMessage can't find id:0
12-16 13:53:50.550 D/dataxml (  688): handleControlUIMessage can't find id:0
12-16 13:53:50.550 D/dataxml (  688): handleControlUIMessage can't find id:0
12-16 13:53:50.550 D/data    (  688): ----visible1
12-16 13:53:50.550 D/dataxml (  688): handleControlUIMessage can't find id:459297
12-16 13:53:50.551 D/BackCarMsg( 2441): UPDATE_UI :FF550A00070125020000000100
12-16 13:53:50.551 D/dataxml (  688): handleControlUIMessage can't find id:459298
12-16 13:53:50.551 D/dataxml (  688): handleControlUIMessage can't find id:459300
12-16 13:53:50.551 D/dataxml (  688): handleControlUIMessage can't find id:459301
12-16 13:53:50.560 D/dalvikvm(  761): GC_CONCURRENT freed 411K, 48% free 1144K/2188K, paused 1ms+1ms, total 9ms
12-16 13:53:50.560 D/dataxml (  688): handleControlUIMessage can't find id:0
12-16 13:53:50.560 D/dataxml (  688): handleControlUIMessage can't find id:0
12-16 13:53:50.561 D/dataxml (  688): handleControlUIMessage can't find id:459553
12-16 13:53:50.561 D/dataxml (  688): handleControlUIMessage can't find id:459554
12-16 13:53:50.561 D/dataxml (  688): handleControlUIMessage can't find id:459556
12-16 13:53:50.561 D/dataxml (  688): handleControlUIMessage can't find id:459557
12-16 13:53:50.561 D/dataxml (  688): handleControlUIMessage can't find id:0
12-16 13:53:50.562 D/dataxml (  688): handleControlUIMessage can't find id:0
12-16 13:53:50.562 D/data    (  688): ----visible1
12-16 13:53:50.562 D/dataxml (  688): handleControlUIMessage can't find id:459303
12-16 13:53:50.562 D/dataxml (  688): handleControlUIMessage can't find id:459304
12-16 13:53:50.563 D/dataxml (  688): handleControlUIMessage can't find id:459306
12-16 13:53:50.563 D/dataxml (  688): handleControlUIMessage can't find id:459307
12-16 13:53:50.563 D/dataxml (  688): handleControlUIMessage can't find id:0
12-16 13:53:50.563 D/dataxml (  688): handleControlUIMessage can't find id:0
12-16 13:53:50.563 D/dataxml (  688): handleControlUIMessage can't find id:459559
12-16 13:53:50.564 D/dataxml (  688): handleControlUIMessage can't find id:459560
12-16 13:53:50.564 D/dataxml (  688): handleControlUIMessage can't find id:459562
12-16 13:53:50.564 D/dataxml (  688): handleControlUIMessage can't find id:459563
12-16 13:53:50.564 D/dataxml (  688): handleControlUIMessage can't find id:0
12-16 13:53:50.564 D/dataxml (  688): handleControlUIMessage can't find id:462848
12-16 13:53:50.564 D/BackCarMsg( 2441): UPDATE_UI :FF550A00070127020000000000
12-16 13:53:50.565 D/serviceHAL(  761): 
12-16 13:53:50.565 D/serviceHAL(  761):  hardwareReadProc read ID:14
12-16 13:53:50.565 D/golf_carinfo(  761): resCmd:0x82
12-16 13:53:50.565 D/AUDI    (  761): [analyseCarInfo] analyseCarInfo 08 22 00 
12-16 13:53:50.565 D/Module_system(  761): Module_system  sendModuleId 20  cCmdType e1  
12-16 13:53:50.565 D/Module_system(  761): ExtcarModuleToSysModule_Dispatch_Msg pBuf[0]:e1,pBuf[1]:4
12-16 13:53:50.565 D/Module_system(  761): GetExtcarMsg_BENZ, param[0] = 0x4, param[1] = 0x0
12-16 13:53:50.565 D/Module_system(  761): halToSystem_wheel_Info:0x0, 0x0
12-16 13:53:50.565 D/Module_system(  761):  systemToBackCar_Locus_Info , dir = 0, value = 0x0 
12-16 13:53:50.565 D/Module_system(  761): halToSystem_Locus_Info_BB b_Visible 1,pBuf = [0]
12-16 13:53:50.565 D/Module_system(  761): halToSystem_Locus_Info_BB b_Visible 1,pBuf = [0]
12-16 13:53:50.565 D/Module_extcar(  761): getSteerWheelAngle 0
12-16 13:53:50.565 D/BackCarMsg( 2441): UPDATE_UI :FF550A00070421FF000100
12-16 13:53:50.566 D/BackCarMsg( 2441): UPDATE_UI :FF550A00070221020000000000
12-16 13:53:50.566 D/BackCarMsg( 2441): UPDATE_UI :FF550A00070422FF000100
12-16 13:53:50.567 D/BackCarMsg( 2441): UPDATE_UI :FF550A00070222020000000000
12-16 13:53:50.567 D/BackCarMsg( 2441): UPDATE_UI :FF550A00070424FF000100
12-16 13:53:50.568 D/BackCarMsg( 2441): UPDATE_UI :FF550A00070224020000000000
12-16 13:53:50.569 D/BackCarMsg( 2441): UPDATE_UI :FF550A00070425FF000100
12-16 13:53:50.569 D/BackCarMsg( 2441): UPDATE_UI :FF550A00070225020000000000
12-16 13:53:50.570 D/BackCarMsg( 2441): UPDATE_UI :FF550A00070427FF000100
12-16 13:53:50.570 D/BackCarMsg( 2441): UPDATE_UI :FF550A00070428FF000100
12-16 13:53:50.571 D/BackCarMsg( 2441): UPDATE_UI :FF550A0007042AFF000100
12-16 13:53:50.571 D/BackCarMsg( 2441): UPDATE_UI :FF550A0007042BFF000100
12-16 13:53:50.572 D/BackCarMsg( 2441): UPDATE_UI :FF550A0007022B020000000000
12-16 13:53:50.572 D/BackCarMsg( 2441): UPDATE_UI :FF550800071000FF070100
12-16 13:53:50.573 D/BackCarMsg( 2441): UPDATE_UI :FF550800070120FF000100
12-16 13:53:50.573 D/BackCarMsg( 2441): UPDATE_UI :FF550A00070121010000000100
12-16 13:53:50.587 D/BackCarMsg( 2441): UPDATE_UI :FF550A00070122010000000500
12-16 13:53:50.600 E/TXZ::CDNSManager::OnWork( 3273): [F=2]ERROR:getIPbyDomain(file1.txzing.com) error.[dns_manager.cpp:103]
12-16 13:53:50.601 D/BackCarMsg( 2441): UPDATE_UI :FF550A00070124010000000500
12-16 13:53:50.601 E/TXZ::CDNSManager::OnWork( 3273): [F=2]ERROR:getIPbyDomain(file2.txzing.com) error.[dns_manager.cpp:103]
12-16 13:53:50.603 E/TXZ::CDNSManager::OnWork( 3273): [F=2]ERROR:getIPbyDomain(conn1.txzing.com) error.[dns_manager.cpp:103]
12-16 13:53:50.604 E/TXZ::CDNSManager::OnWork( 3273): [F=2]ERROR:getIPbyDomain(conn2.txzing.com) error.[dns_manager.cpp:103]
12-16 13:53:50.607 D/dataxml (  688): handleControlUIMessage can't find id:462848
12-16 13:53:50.607 D/dataxml (  688): handleControlUIMessage can't find id:0
12-16 13:53:50.608 D/data    (  688): ----visible1
12-16 13:53:50.610 D/dataxml (  688): handleControlUIMessage can't find id:0
12-16 13:53:50.611 D/dataxml (  688): handleControlUIMessage can't find id:0
12-16 13:53:50.614 D/dataxml (  688): handleControlUIMessage can't find id:0
12-16 13:53:50.614 D/dataxml (  688): handleControlUIMessage can't find id:0
12-16 13:53:50.615 D/BackCarMsg( 2441): UPDATE_UI :FF550A00070125010000000100
12-16 13:53:50.617 D/dataxml (  688): handleControlUIMessage can't find id:0
12-16 13:53:50.617 D/dataxml (  688): handleControlUIMessage can't find id:0
12-16 13:53:50.620 D/dataxml (  688): handleControlUIMessage can't find id:0
12-16 13:53:50.620 D/dataxml (  688): handleControlUIMessage can't find id:0
12-16 13:53:50.621 D/data    (  688): ----visible1
12-16 13:53:50.621 D/dataxml (  688): handleControlUIMessage can't find id:459297
12-16 13:53:50.622 D/dataxml (  688): handleControlUIMessage can't find id:459298
12-16 13:53:50.622 D/dataxml (  688): handleControlUIMessage can't find id:459300
12-16 13:53:50.623 D/dataxml (  688): handleControlUIMessage can't find id:459301
12-16 13:53:50.624 D/dataxml (  688): handleControlUIMessage can't find id:0
12-16 13:53:50.624 D/dataxml (  688): handleControlUIMessage can't find id:0
12-16 13:53:50.624 D/dataxml (  688): handleControlUIMessage can't find id:459553
12-16 13:53:50.625 D/dataxml (  688): handleControlUIMessage can't find id:459554
12-16 13:53:50.626 D/dataxml (  688): handleControlUIMessage can't find id:459556
12-16 13:53:50.627 D/dataxml (  688): handleControlUIMessage can't find id:459557
12-16 13:53:50.627 D/dataxml (  688): handleControlUIMessage can't find id:0
12-16 13:53:50.628 D/dataxml (  688): handleControlUIMessage can't find id:0
12-16 13:53:50.628 D/data    (  688): ----visible1
12-16 13:53:50.628 D/dataxml (  688): handleControlUIMessage can't find id:459303
12-16 13:53:50.629 D/BackCarMsg( 2441): UPDATE_UI :FF550A00070021010000000100
12-16 13:53:50.629 D/dataxml (  688): handleControlUIMessage can't find id:459304
12-16 13:53:50.630 D/BackCarMsg( 2441): UPDATE_UI :FF550A00070022010000000500
12-16 13:53:50.630 D/dataxml (  688): handleControlUIMessage can't find id:459306
12-16 13:53:50.631 D/BackCarMsg( 2441): UPDATE_UI :FF550A00070024010000000500
12-16 13:53:50.632 D/dataxml (  688): handleControlUIMessage can't find id:459307
12-16 13:53:50.632 D/DDD     ( 2441):  cmd 7 paramer[1] 1  tmpRadarShow 1
12-16 13:53:50.632 D/BackCarMsg( 2441): UPDATE_UI :FF550A00070025010000000100
12-16 13:53:50.633 D/dataxml (  688): handleControlUIMessage can't find id:0
12-16 13:53:50.633 D/BackCarMsg( 2441): UPDATE_UI :FF550A00070127010000000000
12-16 13:53:50.633 D/dataxml (  688): handleControlUIMessage can't find id:0
12-16 13:53:50.633 D/dataxml (  688): handleControlUIMessage can't find id:459559
12-16 13:53:50.633 D/BackCarMsg( 2441): UPDATE_UI :FF550A00070128010000000000
12-16 13:53:50.634 D/dataxml (  688): handleControlUIMessage can't find id:459560
12-16 13:53:50.634 D/BackCarMsg( 2441): UPDATE_UI :FF550A0007012A010000000000
12-16 13:53:50.634 D/dataxml (  688): handleControlUIMessage can't find id:459562
12-16 13:53:50.635 D/BackCarMsg( 2441): UPDATE_UI :FF550A0007012B010000000000
12-16 13:53:50.636 D/dataxml (  688): handleControlUIMessage can't find id:459563
12-16 13:53:50.636 D/BackCarMsg( 2441): UPDATE_UI :FF550A00070027010000000000
12-16 13:53:50.636 D/dataxml (  688): handleControlUIMessage can't find id:0
12-16 13:53:50.637 D/dataxml (  688): handleControlUIMessage can't find id:462848
12-16 13:53:50.637 D/BackCarMsg( 2441): UPDATE_UI :FF550A00070028010000000000
12-16 13:53:50.637 D/dataxml (  688): handleControlUIMessage can't find id:460288
12-16 13:53:50.637 D/BackCarMsg( 2441): UPDATE_UI :FF550A0007002A010000000000
12-16 13:53:50.638 D/BackCarMsg( 2441): UPDATE_UI :FF550A0007002B010000000000
12-16 13:53:50.638 D/dataxml (  688): handleControlUIMessage can't find id:0
12-16 13:53:50.638 D/dataxml (  688): handleControlUIMessage can't find id:460288
12-16 13:53:50.639 D/BackCarMsg( 2441): UPDATE_UI :FF550800070120FF000100
12-16 13:53:50.639 D/dataxml (  688): handleControlUIMessage can't find id:0
12-16 13:53:50.639 D/BackCarMsg( 2441): UPDATE_UI :FF550A00070221010000000300
12-16 13:53:50.640 D/dataxml (  688): handleControlUIMessage can't find id:462848
12-16 13:53:50.640 D/BackCarMsg( 2441): UPDATE_UI :FF550A00070222010000000300
12-16 13:53:50.640 D/dataxml (  688): handleControlUIMessage can't find id:0
12-16 13:53:50.641 D/data    (  688): ----visible1
12-16 13:53:50.641 D/BackCarMsg( 2441): UPDATE_UI :FF550A00070224010000000300
12-16 13:53:50.642 D/BackCarMsg( 2441): UPDATE_UI :FF550A00070225010000000300
12-16 13:53:50.643 D/BackCarMsg( 2441): UPDATE_UI :FF550A00070321010000000300
12-16 13:53:50.643 D/BackCarMsg( 2441): UPDATE_UI :FF550A00070322010000000300
12-16 13:53:50.644 D/BackCarMsg( 2441): UPDATE_UI :FF550A00070324010000000300
12-16 13:53:50.644 D/dataxml (  688): handleControlUIMessage can't find id:0
12-16 13:53:50.644 D/dataxml (  688): handleControlUIMessage can't find id:0
12-16 13:53:50.645 D/BackCarMsg( 2441): UPDATE_UI :FF550A00070325010000000300
12-16 13:53:50.645 D/BackCarMsg( 2441): UPDATE_UI :FF550800070120FF000100
12-16 13:53:50.646 D/BackCarMsg( 2441): UPDATE_UI :FF550A00070227010000000000
12-16 13:53:50.647 D/BackCarMsg( 2441): UPDATE_UI :FF550A00070228010000000000
12-16 13:53:50.647 D/dataxml (  688): handleControlUIMessage can't find id:0
12-16 13:53:50.647 D/dataxml (  688): handleControlUIMessage can't find id:0
12-16 13:53:50.647 D/BackCarMsg( 2441): UPDATE_UI :FF550A0007022A010000000000
12-16 13:53:50.649 D/BackCarMsg( 2441): UPDATE_UI :FF550A0007022B010000000100
12-16 13:53:50.650 D/dataxml (  688): handleControlUIMessage can't find id:0
12-16 13:53:50.650 D/BackCarMsg( 2441): UPDATE_UI :FF550A00070327010000000000
12-16 13:53:50.650 D/dataxml (  688): handleControlUIMessage can't find id:0
12-16 13:53:50.651 D/BackCarMsg( 2441): UPDATE_UI :FF550A00070328010000000000
12-16 13:53:50.651 D/BackCarMsg( 2441): UPDATE_UI :FF550A0007032A010000000000
12-16 13:53:50.652 D/BackCarMsg( 2441): UPDATE_UI :FF550A0007032B010000000100
12-16 13:53:50.653 D/BackCarMsg( 2441): UPDATE_UI :FF551700071000FF0A0303030301000000010101010000000100
12-16 13:53:50.654 D/dataxml (  688): handleControlUIMessage can't find id:0
12-16 13:53:50.654 D/dataxml (  688): handleControlUIMessage can't find id:0
12-16 13:53:50.654 D/data    (  688): ----visible1
12-16 13:53:50.654 D/BackCarMsg( 2441): UPDATE_UI :FF550800070600FF000100
12-16 13:53:50.655 D/dataxml (  688): handleControlUIMessage can't find id:459297
12-16 13:53:50.655 D/BackCarMsg( 2441): UPDATE_UI :FF550A00070600010000010100
12-16 13:53:50.655 D/dataxml (  688): handleControlUIMessage can't find id:459298
12-16 13:53:50.655 I/FlyBackCarMainView( 2441): data [10] = 1 data[11] 1 data[12] 0  1
12-16 13:53:50.656 D/BackCarMsg( 2441): UPDATE_UI :FF550800071000FF070100
12-16 13:53:50.656 D/dataxml (  688): handleControlUIMessage can't find id:459300
12-16 13:53:50.657 D/BackCarMsg( 2441): UPDATE_UI :FF550800070120FF000100
12-16 13:53:50.657 D/BackCarMsg( 2441): UPDATE_UI :FF550A00070121010000000100
12-16 13:53:50.657 D/dataxml (  688): handleControlUIMessage can't find id:459301
12-16 13:53:50.658 D/dataxml (  688): handleControlUIMessage can't find id:0
12-16 13:53:50.659 D/dataxml (  688): handleControlUIMessage can't find id:0
12-16 13:53:50.659 D/dataxml (  688): handleControlUIMessage can't find id:459553
12-16 13:53:50.660 D/dataxml (  688): handleControlUIMessage can't find id:459554
12-16 13:53:50.660 D/dataxml (  688): handleControlUIMessage can't find id:459556
12-16 13:53:50.661 D/dataxml (  688): handleControlUIMessage can't find id:459557
12-16 13:53:50.662 D/dataxml (  688): handleControlUIMessage can't find id:0
12-16 13:53:50.663 D/dataxml (  688): handleControlUIMessage can't find id:0
12-16 13:53:50.663 D/data    (  688): ----visible1
12-16 13:53:50.664 D/dataxml (  688): handleControlUIMessage can't find id:459303
12-16 13:53:50.664 D/dataxml (  688): handleControlUIMessage can't find id:459304
12-16 13:53:50.665 D/serviceHAL(  761): 
12-16 13:53:50.665 D/serviceHAL(  761):  hardwareReadProc read ID:14
12-16 13:53:50.665 D/golf_carinfo(  761): resCmd:0x82
12-16 13:53:50.665 D/AUDI    (  761): [analyseCarInfo] analyseCarInfo 08 55 00 
12-16 13:53:50.665 D/Module_system(  761): Module_system  sendModuleId 20  cCmdType e1  
12-16 13:53:50.665 D/Module_system(  761): ExtcarModuleToSysModule_Dispatch_Msg pBuf[0]:e1,pBuf[1]:4
12-16 13:53:50.665 D/Module_system(  761): GetExtcarMsg_BENZ, param[0] = 0x4, param[1] = 0x0
12-16 13:53:50.665 D/Module_system(  761): halToSystem_wheel_Info:0x0, 0x0
12-16 13:53:50.665 D/Module_system(  761):  systemToBackCar_Locus_Info , dir = 0, value = 0x0 
12-16 13:53:50.665 D/Module_system(  761): halToSystem_Locus_Info_BB b_Visible 1,pBuf = [0]
12-16 13:53:50.665 D/Module_system(  761): halToSystem_Locus_Info_BB b_Visible 1,pBuf = [0]
12-16 13:53:50.665 D/Module_extcar(  761): getSteerWheelAngle 0
12-16 13:53:50.666 D/dataxml (  688): handleControlUIMessage can't find id:459306
12-16 13:53:50.667 D/dataxml (  688): handleControlUIMessage can't find id:459307
12-16 13:53:50.668 D/dataxml (  688): handleControlUIMessage can't find id:0
12-16 13:53:50.668 D/dataxml (  688): handleControlUIMessage can't find id:0
12-16 13:53:50.668 D/dataxml (  688): handleControlUIMessage can't find id:459559
12-16 13:53:50.669 D/dataxml (  688): handleControlUIMessage can't find id:459560
12-16 13:53:50.669 D/dataxml (  688): handleControlUIMessage can't find id:459562
12-16 13:53:50.672 D/BackCarMsg( 2441): UPDATE_UI :FF550A00070122010000000500
12-16 13:53:50.673 D/dataxml (  688): handleControlUIMessage can't find id:459563
12-16 13:53:50.674 D/dataxml (  688): handleControlUIMessage can't find id:0
12-16 13:53:50.674 D/dataxml (  688): handleControlUIMessage can't find id:462848
12-16 13:53:50.676 D/dataxml (  688): handleControlUIMessage can't find id:460288
12-16 13:53:50.679 D/dalvikvm(  761): GC_CONCURRENT freed 405K, 48% free 1145K/2188K, paused 2ms+1ms, total 10ms
12-16 13:53:50.680 D/dataxml (  688): handleControlUIMessage can't find id:0
12-16 13:53:50.681 D/dataxml (  688): handleControlUIMessage can't find id:460288
12-16 13:53:50.681 D/dataxml (  688): handleControlUIMessage can't find id:0
12-16 13:53:50.686 D/BackCarMsg( 2441): UPDATE_UI :FF550A00070124010000000500
12-16 13:53:50.699 D/BackCarMsg( 2441): UPDATE_UI :FF550A00070125010000000100
12-16 13:53:50.713 D/BackCarMsg( 2441): UPDATE_UI :FF550A00070021010000000100
12-16 13:53:50.713 D/BackCarMsg( 2441): UPDATE_UI :FF550A00070022010000000500
12-16 13:53:50.714 D/BackCarMsg( 2441): UPDATE_UI :FF550A00070024010000000500
12-16 13:53:50.715 D/BackCarMsg( 2441): UPDATE_UI :FF550A00070025010000000100
12-16 13:53:50.715 D/BackCarMsg( 2441): UPDATE_UI :FF550800070120FF000100
12-16 13:53:50.716 D/BackCarMsg( 2441): UPDATE_UI :FF550A00070127010000000100
12-16 13:53:50.716 D/BackCarMsg( 2441): UPDATE_UI :FF550A00070128010000000000
12-16 13:53:50.717 D/BackCarMsg( 2441): UPDATE_UI :FF550A0007012A010000000000
12-16 13:53:50.718 D/BackCarMsg( 2441): UPDATE_UI :FF550A0007012B010000000000
12-16 13:53:50.718 D/BackCarMsg( 2441): UPDATE_UI :FF550A00070027010000000100
12-16 13:53:50.719 D/BackCarMsg( 2441): UPDATE_UI :FF550A00070028010000000000
12-16 13:53:50.719 D/BackCarMsg( 2441): UPDATE_UI :FF550A0007002A010000000000
12-16 13:53:50.720 D/BackCarMsg( 2441): UPDATE_UI :FF550A0007002B010000000000
12-16 13:53:50.720 D/BackCarMsg( 2441): UPDATE_UI :FF550800070120FF000100
12-16 13:53:50.721 D/BackCarMsg( 2441): UPDATE_UI :FF550A00070221010000000300
12-16 13:53:50.721 D/BackCarMsg( 2441): UPDATE_UI :FF550A00070222010000000300
12-16 13:53:50.722 D/BackCarMsg( 2441): UPDATE_UI :FF550A00070224010000000300
12-16 13:53:50.722 D/BackCarMsg( 2441): UPDATE_UI :FF550A00070225010000000300
12-16 13:53:50.723 D/BackCarMsg( 2441): UPDATE_UI :FF550A00070321010000000300
12-16 13:53:50.724 D/BackCarMsg( 2441): UPDATE_UI :FF550A00070322010000000300
12-16 13:53:50.724 D/BackCarMsg( 2441): UPDATE_UI :FF550A00070324010000000300
12-16 13:53:50.725 D/BackCarMsg( 2441): UPDATE_UI :FF550A00070325010000000300
12-16 13:53:50.725 D/BackCarMsg( 2441): UPDATE_UI :FF550800070120FF000100
12-16 13:53:50.726 D/BackCarMsg( 2441): UPDATE_UI :FF550A00070227010000000000
12-16 13:53:50.726 D/BackCarMsg( 2441): UPDATE_UI :FF550A00070228010000000000
12-16 13:53:50.727 D/BackCarMsg( 2441): UPDATE_UI :FF550A0007022A010000000000
12-16 13:53:50.727 D/BackCarMsg( 2441): UPDATE_UI :FF550A0007022B010000000100
12-16 13:53:50.728 D/BackCarMsg( 2441): UPDATE_UI :FF550A00070327010000000000
12-16 13:53:50.728 D/BackCarMsg( 2441): UPDATE_UI :FF550A00070328010000000000
12-16 13:53:50.729 D/BackCarMsg( 2441): UPDATE_UI :FF550A0007032A010000000000
12-16 13:53:50.730 D/BackCarMsg( 2441): UPDATE_UI :FF550A0007032B010000000100
12-16 13:53:50.730 D/BackCarMsg( 2441): UPDATE_UI :FF551700071000FF0A0303030301000000010101010000000100
12-16 13:53:50.731 D/BackCarMsg( 2441): UPDATE_UI :FF550800071000FF070100
12-16 13:53:50.731 D/BackCarMsg( 2441): UPDATE_UI :FF550800070120FF000100
12-16 13:53:50.732 D/dataxml (  688): handleControlUIMessage can't find id:460288
12-16 13:53:50.732 D/BackCarMsg( 2441): UPDATE_UI :FF550A00070121010000000100
12-16 13:53:50.733 D/dataxml (  688): handleControlUIMessage can't find id:0
12-16 13:53:50.733 D/dataxml (  688): handleControlUIMessage can't find id:460288
12-16 13:53:50.734 D/dataxml (  688): handleControlUIMessage can't find id:0
12-16 13:53:50.747 D/BackCarMsg( 2441): UPDATE_UI :FF550A00070122010000000500
12-16 13:53:50.760 D/BackCarMsg( 2441): UPDATE_UI :FF550A00070124010000000500
12-16 13:53:50.774 D/BackCarMsg( 2441): UPDATE_UI :FF550A00070125010000000100
12-16 13:53:50.788 D/BackCarMsg( 2441): UPDATE_UI :FF550A00070021010000000100
12-16 13:53:50.788 D/BackCarMsg( 2441): UPDATE_UI :FF550A00070022010000000500
12-16 13:53:50.789 D/BackCarMsg( 2441): UPDATE_UI :FF550A00070024010000000500
12-16 13:53:50.789 D/BackCarMsg( 2441): UPDATE_UI :FF550A00070025010000000100
12-16 13:53:50.790 D/BackCarMsg( 2441): UPDATE_UI :FF550800070120FF000100
12-16 13:53:50.790 D/BackCarMsg( 2441): UPDATE_UI :FF550A00070127010000000100
12-16 13:53:50.791 D/BackCarMsg( 2441): UPDATE_UI :FF550A00070128010000000000
12-16 13:53:50.791 D/BackCarMsg( 2441): UPDATE_UI :FF550A0007012A010000000000
12-16 13:53:50.792 D/serviceHAL(  761): 
12-16 13:53:50.792 D/serviceHAL(  761):  hardwareReadProc read ID:14
12-16 13:53:50.792 D/serviceHAL(  761): 
12-16 13:53:50.792 D/serviceHAL(  761):  hardwareReadProc read ID:8
12-16 13:53:50.792 D/golf_carinfo(  761): resCmd:0x82
12-16 13:53:50.792 D/AUDI    (  761): [analyseCarInfo] analyseCarInfo 08 66 00 
12-16 13:53:50.792 D/Module_system(  761): Module_system  sendModuleId 20  cCmdType e1  
12-16 13:53:50.792 D/Module_system(  761): ExtcarModuleToSysModule_Dispatch_Msg pBuf[0]:e1,pBuf[1]:4
12-16 13:53:50.792 D/Module_system(  761): GetExtcarMsg_BENZ, param[0] = 0x4, param[1] = 0x0
12-16 13:53:50.792 D/Module_system(  761): halToSystem_wheel_Info:0x0, 0x0
12-16 13:53:50.792 D/Module_system(  761):  systemToBackCar_Locus_Info , dir = 0, value = 0x0 
12-16 13:53:50.792 D/Module_system(  761): halToSystem_Locus_Info_BB b_Visible 1,pBuf = [0]
12-16 13:53:50.792 D/Module_system(  761): halToSystem_Locus_Info_BB b_Visible 1,pBuf = [0]
12-16 13:53:50.792 D/Module_extcar(  761): getSteerWheelAngle 0
12-16 13:53:50.792 D/BackCarMsg( 2441): UPDATE_UI :FF550A0007012B010000000000
12-16 13:53:50.793 D/BackCarMsg( 2441): UPDATE_UI :FF550A00070027010000000100
12-16 13:53:50.793 D/dataxml (  688): handleControlUIMessage can't find id:460288
12-16 13:53:50.794 D/BackCarMsg( 2441): UPDATE_UI :FF550A00070028010000000000
12-16 13:53:50.794 D/BackCarMsg( 2441): UPDATE_UI :FF550A0007002A010000000000
12-16 13:53:50.795 D/BackCarMsg( 2441): UPDATE_UI :FF550A0007002B010000000000
12-16 13:53:50.795 D/BackCarMsg( 2441): UPDATE_UI :FF550800070120FF000100
12-16 13:53:50.796 D/BackCarMsg( 2441): UPDATE_UI :FF550A00070221010000000300
12-16 13:53:50.798 D/BackCarMsg( 2441): UPDATE_UI :FF550A00070222010000000300
12-16 13:53:50.799 D/BackCarMsg( 2441): UPDATE_UI :FF550A00070224010000000300
12-16 13:53:50.800 D/BackCarMsg( 2441): UPDATE_UI :FF550A00070225010000000300
12-16 13:53:50.801 D/BackCarMsg( 2441): UPDATE_UI :FF550A00070321010000000300
12-16 13:53:50.801 D/BackCarMsg( 2441): UPDATE_UI :FF550A00070322010000000300
12-16 13:53:50.802 D/BackCarMsg( 2441): UPDATE_UI :FF550A00070324010000000300
12-16 13:53:50.803 D/BackCarMsg( 2441): UPDATE_UI :FF550A00070325010000000300
12-16 13:53:50.803 D/BackCarMsg( 2441): UPDATE_UI :FF550800070120FF000100
12-16 13:53:50.804 D/BackCarMsg( 2441): UPDATE_UI :FF550A00070227010000000000
12-16 13:53:50.805 D/BackCarMsg( 2441): UPDATE_UI :FF550A00070228010000000000
12-16 13:53:50.805 D/BackCarMsg( 2441): UPDATE_UI :FF550A0007022A010000000000
12-16 13:53:50.806 D/BackCarMsg( 2441): UPDATE_UI :FF550A0007022B010000000100
12-16 13:53:50.807 D/BackCarMsg( 2441): UPDATE_UI :FF550A00070327010000000000
12-16 13:53:50.807 D/BackCarMsg( 2441): UPDATE_UI :FF550A00070328010000000000
12-16 13:53:50.814 D/BackCarMsg( 2441): UPDATE_UI :FF550A0007032A010000000000
12-16 13:53:50.823 D/dalvikvm( 2441): GC_CONCURRENT freed 1979K, 18% free 21716K/26280K, paused 2ms+5ms, total 27ms
12-16 13:53:50.824 D/BackCarMsg( 2441): UPDATE_UI :FF550A0007032B010000000100
12-16 13:53:50.825 D/BackCarMsg( 2441): UPDATE_UI :FF551700071000FF0A0303030301000000010101010000000100
12-16 13:53:50.826 D/BackCarMsg( 2441): UPDATE_UI :FF550800071000FF070100
12-16 13:53:50.826 D/BackCarMsg( 2441): UPDATE_UI :FF550800070120FF000100
12-16 13:53:50.827 D/BackCarMsg( 2441): UPDATE_UI :FF550A00070121010000000100
12-16 13:53:50.841 D/BackCarMsg( 2441): UPDATE_UI :FF550A00070122010000000500
12-16 13:53:50.844 D/dataxml (  688): handleControlUIMessage can't find id:0
12-16 13:53:50.844 D/dataxml (  688): handleControlUIMessage can't find id:460288
12-16 13:53:50.844 D/dataxml (  688): handleControlUIMessage can't find id:0
12-16 13:53:50.854 D/BackCarMsg( 2441): UPDATE_UI :FF550A00070124010000000500
12-16 13:53:50.856 I/Module_timer(  761): cmd:20 sendModuleId:2
12-16 13:53:50.856 D/serviceHAL(  761): 
12-16 13:53:50.856 D/serviceHAL(  761):  hardwareReadProc read ID:0
12-16 13:53:50.868 D/BackCarMsg( 2441): UPDATE_UI :FF550A00070125010000000100
12-16 13:53:50.882 D/BackCarMsg( 2441): UPDATE_UI :FF550A00070021010000000100
12-16 13:53:50.882 D/BackCarMsg( 2441): UPDATE_UI :FF550A00070022010000000500
12-16 13:53:50.883 D/BackCarMsg( 2441): UPDATE_UI :FF550A00070024010000000500
12-16 13:53:50.884 D/BackCarMsg( 2441): UPDATE_UI :FF550A00070025010000000100
12-16 13:53:50.884 D/BackCarMsg( 2441): UPDATE_UI :FF550800070120FF000100
12-16 13:53:50.885 D/BackCarMsg( 2441): UPDATE_UI :FF550A00070127010000000100
12-16 13:53:50.885 D/BackCarMsg( 2441): UPDATE_UI :FF550A00070128010000000000
12-16 13:53:50.886 D/BackCarMsg( 2441): UPDATE_UI :FF550A0007012A010000000000
12-16 13:53:50.887 D/BackCarMsg( 2441): UPDATE_UI :FF550A0007012B010000000000
12-16 13:53:50.887 D/BackCarMsg( 2441): UPDATE_UI :FF550A00070027010000000100
12-16 13:53:50.888 D/BackCarMsg( 2441): UPDATE_UI :FF550A00070028010000000000
12-16 13:53:50.888 D/BackCarMsg( 2441): UPDATE_UI :FF550A0007002A010000000000
12-16 13:53:50.889 D/BackCarMsg( 2441): UPDATE_UI :FF550A0007002B010000000000
12-16 13:53:50.889 D/BackCarMsg( 2441): UPDATE_UI :FF550800070120FF000100
12-16 13:53:50.890 D/BackCarMsg( 2441): UPDATE_UI :FF550A00070221010000000300
12-16 13:53:50.891 D/BackCarMsg( 2441): UPDATE_UI :FF550A00070222010000000300
12-16 13:53:50.891 D/BackCarMsg( 2441): UPDATE_UI :FF550A00070224010000000300
12-16 13:53:50.892 D/BackCarMsg( 2441): UPDATE_UI :FF550A00070225010000000300
12-16 13:53:50.892 D/BackCarMsg( 2441): UPDATE_UI :FF550A00070321010000000300
12-16 13:53:50.893 D/BackCarMsg( 2441): UPDATE_UI :FF550A00070322010000000300
12-16 13:53:50.893 D/BackCarMsg( 2441): UPDATE_UI :FF550A00070324010000000300
12-16 13:53:50.894 D/BackCarMsg( 2441): UPDATE_UI :FF550A00070325010000000300
12-16 13:53:50.895 D/BackCarMsg( 2441): UPDATE_UI :FF550800070120FF000100
12-16 13:53:50.895 D/BackCarMsg( 2441): UPDATE_UI :FF550A00070227010000000000
12-16 13:53:50.896 D/BackCarMsg( 2441): UPDATE_UI :FF550A00070228010000000000
12-16 13:53:50.896 D/BackCarMsg( 2441): UPDATE_UI :FF550A0007022A010000000000
12-16 13:53:50.897 D/BackCarMsg( 2441): UPDATE_UI :FF550A0007022B010000000100
12-16 13:53:50.898 D/BackCarMsg( 2441): UPDATE_UI :FF550A00070327010000000000
12-16 13:53:50.898 D/DDDB    ( 2441):  0x0a  edgeRadar 
12-16 13:53:50.898 D/DDDD    ( 2441):  EdgeRadarDealWithData 18  1033331000111100010
12-16 13:53:50.898 D/BackCarMsg( 2441): UPDATE_UI :FF550A00070121020000000100
12-16 13:53:50.912 D/BackCarMsg( 2441): UPDATE_UI :FF550A00070122020000000100
12-16 13:53:50.926 D/BackCarMsg( 2441): UPDATE_UI :FF550A00070124020000000100
12-16 13:53:50.933 D/serviceHAL(  761): 
12-16 13:53:50.933 D/serviceHAL(  761):  hardwareReadProc read ID:8
12-16 13:53:50.933 D/systemHAL(  761): 
12-16 13:53:50.933 D/systemHAL(  761): SYSTEM-HAL return  bytes to User: 22 87
12-16 13:53:50.933 D/Module_osd(  761): [getSystemMessage] p 40 87 
12-16 13:53:50.933 D/Module_osd(  761): [getFromSystemBatteryVoltage] v = [135]
12-16 13:53:50.940 D/BackCarMsg( 2441): UPDATE_UI :FF550A00070125020000000100
12-16 13:53:50.954 D/BackCarMsg( 2441): UPDATE_UI :FF550A00070127020000000000
12-16 13:53:50.954 D/BackCarMsg( 2441): UPDATE_UI :FF550A00070421FF000100
12-16 13:53:50.955 D/BackCarMsg( 2441): UPDATE_UI :FF550A00070221020000000000
12-16 13:53:50.955 D/BackCarMsg( 2441): UPDATE_UI :FF550A00070422FF000100
12-16 13:53:50.956 D/BackCarMsg( 2441): UPDATE_UI :FF550A00070222020000000000
12-16 13:53:50.956 D/BackCarMsg( 2441): UPDATE_UI :FF550A00070424FF000100
12-16 13:53:50.957 D/BackCarMsg( 2441): UPDATE_UI :FF550A00070224020000000000
12-16 13:53:50.957 D/BackCarMsg( 2441): UPDATE_UI :FF550A00070425FF000100
12-16 13:53:50.958 D/BackCarMsg( 2441): UPDATE_UI :FF550A00070225020000000000
12-16 13:53:50.959 D/BackCarMsg( 2441): UPDATE_UI :FF550A00070427FF000100
12-16 13:53:50.959 D/BackCarMsg( 2441): UPDATE_UI :FF550A00070428FF000100
12-16 13:53:50.959 D/BackCarMsg( 2441): UPDATE_UI :FF550A0007042AFF000100
12-16 13:53:50.960 D/BackCarMsg( 2441): UPDATE_UI :FF550A0007042BFF000100
12-16 13:53:50.961 D/BackCarMsg( 2441): UPDATE_UI :FF550A0007022B020000000000
12-16 13:53:50.961 D/BackCarMsg( 2441): UPDATE_UI :FF550A00070328010000000000
12-16 13:53:50.962 D/DDD     ( 2441):  cmd 7 paramer[1] 1  tmpRadarShow 1
12-16 13:53:50.962 D/BackCarMsg( 2441): UPDATE_UI :FF550A0007032A010000000000
12-16 13:53:50.963 D/BackCarMsg( 2441): UPDATE_UI :FF550A0007032B010000000100
12-16 13:53:50.963 D/BackCarMsg( 2441): UPDATE_UI :FF551700071000FF0A0303030301000000010101010000000100
12-16 13:53:50.964 D/BackCarMsg( 2441): UPDATE_UI :FF550800071000FF070100
12-16 13:53:50.965 D/BackCarMsg( 2441): UPDATE_UI :FF550800070120FF000100
12-16 13:53:50.965 D/BackCarMsg( 2441): UPDATE_UI :FF550A00070121010000000100
12-16 13:53:50.979 D/BackCarMsg( 2441): UPDATE_UI :FF550A00070122010000000500
12-16 13:53:50.993 D/BackCarMsg( 2441): UPDATE_UI :FF550A00070124010000000500
12-16 13:53:51.006 D/BackCarMsg( 2441): UPDATE_UI :FF550A00070125010000000100
12-16 13:53:51.020 D/BackCarMsg( 2441): UPDATE_UI :FF550A00070021010000000100
12-16 13:53:51.021 D/BackCarMsg( 2441): UPDATE_UI :FF550A00070022010000000500
12-16 13:53:51.021 D/BackCarMsg( 2441): UPDATE_UI :FF550A00070024010000000500
12-16 13:53:51.022 D/BackCarMsg( 2441): UPDATE_UI :FF550A00070025010000000100
12-16 13:53:51.022 D/BackCarMsg( 2441): UPDATE_UI :FF550800070120FF000100
12-16 13:53:51.023 D/DDDB    ( 2441):  0x0a  edgeRadar 
12-16 13:53:51.023 D/DDDD    ( 2441):  EdgeRadarDealWithData 18  1033331000111100010
12-16 13:53:51.023 D/BackCarMsg( 2441): UPDATE_UI :FF550A00070121020000000100
12-16 13:53:51.037 D/BackCarMsg( 2441): UPDATE_UI :FF550A00070122020000000100
12-16 13:53:51.051 D/BackCarMsg( 2441): UPDATE_UI :FF550A00070124020000000100
12-16 13:53:51.064 D/BackCarMsg( 2441): UPDATE_UI :FF550A00070125020000000100
12-16 13:53:51.065 D/serviceHAL(  761): 
12-16 13:53:51.065 D/serviceHAL(  761):  hardwareReadProc read ID:14
12-16 13:53:51.065 D/golf_carinfo(  761): resCmd:0x82
12-16 13:53:51.065 D/AUDI    (  761): [analyseCarInfo] analyseCarInfo 08 44 00 
12-16 13:53:51.065 D/Module_system(  761): Module_system  sendModuleId 20  cCmdType e1  
12-16 13:53:51.065 D/Module_system(  761): ExtcarModuleToSysModule_Dispatch_Msg pBuf[0]:e1,pBuf[1]:4
12-16 13:53:51.065 D/Module_system(  761): GetExtcarMsg_BENZ, param[0] = 0x4, param[1] = 0x0
12-16 13:53:51.065 D/Module_system(  761): halToSystem_wheel_Info:0x0, 0x0
12-16 13:53:51.065 D/Module_system(  761):  systemToBackCar_Locus_Info , dir = 0, value = 0x0 
12-16 13:53:51.065 D/Module_system(  761): halToSystem_Locus_Info_BB b_Visible 1,pBuf = [0]
12-16 13:53:51.065 D/Module_system(  761): halToSystem_Locus_Info_BB b_Visible 1,pBuf = [0]
12-16 13:53:51.065 D/Module_extcar(  761): getSteerWheelAngle 0
12-16 13:53:51.066 D/dataxml (  688): handleControlUIMessage can't find id:460288
12-16 13:53:51.067 D/dataxml (  688): handleControlUIMessage can't find id:0
12-16 13:53:51.078 D/BackCarMsg( 2441): UPDATE_UI :FF550A00070127020000000000
12-16 13:53:51.079 D/BackCarMsg( 2441): UPDATE_UI :FF550A00070421FF000100
12-16 13:53:51.079 D/BackCarMsg( 2441): UPDATE_UI :FF550A00070221020000000000
12-16 13:53:51.080 D/BackCarMsg( 2441): UPDATE_UI :FF550A00070422FF000100
12-16 13:53:51.081 D/BackCarMsg( 2441): UPDATE_UI :FF550A00070222020000000000
12-16 13:53:51.081 D/BackCarMsg( 2441): UPDATE_UI :FF550A00070424FF000100
12-16 13:53:51.082 D/BackCarMsg( 2441): UPDATE_UI :FF550A00070224020000000000
12-16 13:53:51.082 D/BackCarMsg( 2441): UPDATE_UI :FF550A00070425FF000100
12-16 13:53:51.083 D/BackCarMsg( 2441): UPDATE_UI :FF550A00070225020000000000
12-16 13:53:51.083 D/BackCarMsg( 2441): UPDATE_UI :FF550A00070427FF000100
12-16 13:53:51.084 D/BackCarMsg( 2441): UPDATE_UI :FF550A00070428FF000100
12-16 13:53:51.084 D/BackCarMsg( 2441): UPDATE_UI :FF550A0007042AFF000100
12-16 13:53:51.085 D/BackCarMsg( 2441): UPDATE_UI :FF550A0007042BFF000100
12-16 13:53:51.085 D/BackCarMsg( 2441): UPDATE_UI :FF550A0007022B020000000000
12-16 13:53:51.086 D/BackCarMsg( 2441): UPDATE_UI :FF550A00070127010000000100
12-16 13:53:51.086 D/DDD     ( 2441):  cmd 7 paramer[1] 1  tmpRadarShow 1
12-16 13:53:51.087 D/BackCarMsg( 2441): UPDATE_UI :FF550A00070128010000000000
12-16 13:53:51.087 D/BackCarMsg( 2441): UPDATE_UI :FF550A0007012A010000000000
12-16 13:53:51.088 D/BackCarMsg( 2441): UPDATE_UI :FF550A0007012B010000000000
12-16 13:53:51.088 D/BackCarMsg( 2441): UPDATE_UI :FF550A00070027010000000100
12-16 13:53:51.089 D/BackCarMsg( 2441): UPDATE_UI :FF550A00070028010000000000
12-16 13:53:51.090 D/BackCarMsg( 2441): UPDATE_UI :FF550A0007002A010000000000
12-16 13:53:51.090 D/BackCarMsg( 2441): UPDATE_UI :FF550A0007002B010000000000
12-16 13:53:51.091 D/BackCarMsg( 2441): UPDATE_UI :FF550800070120FF000100
12-16 13:53:51.091 D/BackCarMsg( 2441): UPDATE_UI :FF550A00070221010000000300
12-16 13:53:51.092 D/BackCarMsg( 2441): UPDATE_UI :FF550A00070222010000000300
12-16 13:53:51.092 D/BackCarMsg( 2441): UPDATE_UI :FF550A00070224010000000300
12-16 13:53:51.093 D/BackCarMsg( 2441): UPDATE_UI :FF550A00070225010000000300
12-16 13:53:51.093 D/BackCarMsg( 2441): UPDATE_UI :FF550A00070321010000000300
12-16 13:53:51.094 D/BackCarMsg( 2441): UPDATE_UI :FF550A00070322010000000300
12-16 13:53:51.094 D/BackCarMsg( 2441): UPDATE_UI :FF550A00070324010000000300
12-16 13:53:51.095 D/BackCarMsg( 2441): UPDATE_UI :FF550A00070325010000000300
12-16 13:53:51.096 D/BackCarMsg( 2441): UPDATE_UI :FF550800070120FF000100
12-16 13:53:51.096 D/BackCarMsg( 2441): UPDATE_UI :FF550A00070227010000000000
12-16 13:53:51.097 D/BackCarMsg( 2441): UPDATE_UI :FF550A00070228010000000000
12-16 13:53:51.097 D/BackCarMsg( 2441): UPDATE_UI :FF550A0007022A010000000000
12-16 13:53:51.098 D/BackCarMsg( 2441): UPDATE_UI :FF550A0007022B010000000100
12-16 13:53:51.098 D/BackCarMsg( 2441): UPDATE_UI :FF550A00070327010000000000
12-16 13:53:51.099 D/BackCarMsg( 2441): UPDATE_UI :FF550A00070328010000000000
12-16 13:53:51.099 D/BackCarMsg( 2441): UPDATE_UI :FF550A0007032A010000000000
12-16 13:53:51.100 D/BackCarMsg( 2441): UPDATE_UI :FF550A0007032B010000000100
12-16 13:53:51.101 D/BackCarMsg( 2441): UPDATE_UI :FF551700071000FF0A0303030301000000010101010000000100
12-16 13:53:51.101 D/BackCarMsg( 2441): UPDATE_UI :FF550800071000FF070100
12-16 13:53:51.102 D/BackCarMsg( 2441): UPDATE_UI :FF550800070120FF000100
12-16 13:53:51.102 D/BackCarMsg( 2441): UPDATE_UI :FF550A00070121010000000100
12-16 13:53:51.116 D/BackCarMsg( 2441): UPDATE_UI :FF550A00070122010000000500
12-16 13:53:51.117 D/dataxml (  688): handleControlUIMessage can't find id:460288
12-16 13:53:51.118 D/dataxml (  688): handleControlUIMessage can't find id:0
12-16 13:53:51.130 D/BackCarMsg( 2441): UPDATE_UI :FF550A00070124010000000500
12-16 13:53:51.144 D/BackCarMsg( 2441): UPDATE_UI :FF550A00070125010000000100
12-16 13:53:51.157 D/BackCarMsg( 2441): UPDATE_UI :FF550A00070021010000000100
12-16 13:53:51.158 D/BackCarMsg( 2441): UPDATE_UI :FF550A00070022010000000500
12-16 13:53:51.159 D/BackCarMsg( 2441): UPDATE_UI :FF550A00070024010000000500
12-16 13:53:51.159 D/BackCarMsg( 2441): UPDATE_UI :FF550A00070025010000000100
12-16 13:53:51.160 D/BackCarMsg( 2441): UPDATE_UI :FF550800070120FF000100
12-16 13:53:51.160 D/BackCarMsg( 2441): UPDATE_UI :FF550A00070127010000000100
12-16 13:53:51.161 D/BackCarMsg( 2441): UPDATE_UI :FF550A00070128010000000000
12-16 13:53:51.162 D/BackCarMsg( 2441): UPDATE_UI :FF550A0007012A010000000000
12-16 13:53:51.162 D/BackCarMsg( 2441): UPDATE_UI :FF550A0007012B010000000000
12-16 13:53:51.163 D/BackCarMsg( 2441): UPDATE_UI :FF550A00070027010000000100
12-16 13:53:51.163 D/BackCarMsg( 2441): UPDATE_UI :FF550A00070028010000000000
12-16 13:53:51.164 D/BackCarMsg( 2441): UPDATE_UI :FF550A0007002A010000000000
12-16 13:53:51.164 D/BackCarMsg( 2441): UPDATE_UI :FF550A0007002B010000000000
12-16 13:53:51.165 D/serviceHAL(  761): 
12-16 13:53:51.165 D/serviceHAL(  761):  hardwareReadProc read ID:14
12-16 13:53:51.165 D/golf_carinfo(  761): resCmd:0x82
12-16 13:53:51.165 D/AUDI    (  761): [analyseCarInfo] analyseCarInfo 08 22 00 
12-16 13:53:51.165 D/Module_system(  761): Module_system  sendModuleId 20  cCmdType e1  
12-16 13:53:51.165 D/Module_system(  761): ExtcarModuleToSysModule_Dispatch_Msg pBuf[0]:e1,pBuf[1]:4
12-16 13:53:51.165 D/Module_system(  761): GetExtcarMsg_BENZ, param[0] = 0x4, param[1] = 0x0
12-16 13:53:51.165 D/Module_system(  761): halToSystem_wheel_Info:0x0, 0x0
12-16 13:53:51.165 D/Module_system(  761):  systemToBackCar_Locus_Info , dir = 0, value = 0x0 
12-16 13:53:51.165 D/Module_system(  761): halToSystem_Locus_Info_BB b_Visible 1,pBuf = [0]
12-16 13:53:51.165 D/Module_system(  761): halToSystem_Locus_Info_BB b_Visible 1,pBuf = [0]
12-16 13:53:51.165 D/Module_extcar(  761): getSteerWheelAngle 0
12-16 13:53:51.165 D/BackCarMsg( 2441): UPDATE_UI :FF550800070120FF000100
12-16 13:53:51.165 D/BackCarMsg( 2441): UPDATE_UI :FF550A00070221010000000300
12-16 13:53:51.166 D/BackCarMsg( 2441): UPDATE_UI :FF550A00070222010000000300
12-16 13:53:51.167 D/BackCarMsg( 2441): UPDATE_UI :FF550A00070224010000000300
12-16 13:53:51.167 D/BackCarMsg( 2441): UPDATE_UI :FF550A00070225010000000300
12-16 13:53:51.168 D/BackCarMsg( 2441): UPDATE_UI :FF550A00070321010000000300
12-16 13:53:51.168 D/dataxml (  688): handleControlUIMessage can't find id:460288
12-16 13:53:51.168 D/BackCarMsg( 2441): UPDATE_UI :FF550A00070322010000000300
12-16 13:53:51.169 D/dataxml (  688): handleControlUIMessage can't find id:0
12-16 13:53:51.169 D/BackCarMsg( 2441): UPDATE_UI :FF550A00070324010000000300
12-16 13:53:51.170 D/dataxml (  688): handleControlUIMessage can't find id:460288
12-16 13:53:51.170 D/BackCarMsg( 2441): UPDATE_UI :FF550A00070325010000000300
12-16 13:53:51.171 D/BackCarMsg( 2441): UPDATE_UI :FF550800070120FF000100
12-16 13:53:51.172 D/BackCarMsg( 2441): UPDATE_UI :FF550A00070227010000000000
12-16 13:53:51.172 D/BackCarMsg( 2441): UPDATE_UI :FF550A00070228010000000000
12-16 13:53:51.173 D/BackCarMsg( 2441): UPDATE_UI :FF550A0007022A010000000000
12-16 13:53:51.174 D/BackCarMsg( 2441): UPDATE_UI :FF550A0007022B010000000100
12-16 13:53:51.174 D/BackCarMsg( 2441): UPDATE_UI :FF550A00070327010000000000
12-16 13:53:51.175 D/BackCarMsg( 2441): UPDATE_UI :FF550A00070328010000000000
12-16 13:53:51.175 D/BackCarMsg( 2441): UPDATE_UI :FF550A0007032A010000000000
12-16 13:53:51.176 D/BackCarMsg( 2441): UPDATE_UI :FF550A0007032B010000000100
12-16 13:53:51.177 D/BackCarMsg( 2441): UPDATE_UI :FF551700071000FF0A0303030301000000010101010000000100
12-16 13:53:51.177 D/BackCarMsg( 2441): UPDATE_UI :FF550800071000FF070100
12-16 13:53:51.178 D/BackCarMsg( 2441): UPDATE_UI :FF550800070120FF000100
12-16 13:53:51.179 D/BackCarMsg( 2441): UPDATE_UI :FF550A00070121010000000100
12-16 13:53:51.179 D/mnl_linux( 3466): mtk_gps_sys_gps_mnl_callback: MTK_GPS_MSG_FIX_READY
12-16 13:53:51.179 D/MNLD    (  843): mnl_set_alarm: (0, 0x80000000, 5)
12-16 13:53:51.182 D/gps_mtk_gps(  417): nmea_reader_parse: line = 980: GPS get accuracy from driver:4.100000
12-16 13:53:51.182 D/gps_mtk_gps(  417): nmea_reader_parse: line = 1044: Found 13 Satellites, mask = 0x909a5a10
12-16 13:53:51.184 D/GPS     (  554): count:11
12-16 13:53:51.185 D/GPS     (  915): count:11
12-16 13:53:51.185 D/PowerManagerService(  417): acquireWakeLockInternal: lock=1094777160, flags=0x1, tag="LocationManagerService", ws=null, uid=1000, pid=417
12-16 13:53:51.185 D/PowerManagerNotifier(  417): onWakeLockAcquired: flags=1, tag="LocationManagerService", ownerUid=1000, ownerPid=417, workSource=null
12-16 13:53:51.185 D/PowerManagerService(  417): updateWakeLockSummaryLocked: mWakefulness=Awake, mWakeLockSummary=0x1
12-16 13:53:51.185 D/PowerManagerService(  417): updateScreenStateLocked: mDisplayReady=true, newScreenState=2, mWakefulness=1, mWakeLockSummary=0x1, mUserActivitySummary=0x1, mBootCompleted=true
12-16 13:53:51.186 D/PowerManagerService(  417): handleSandman: canDream=true, mWakefulness=Awake
12-16 13:53:51.186 D/PowerManagerService(  417): releaseWakeLockInternal: lock=1094777160, flags=0x0
12-16 13:53:51.186 D/PowerManagerNotifier(  417): onWakeLockReleased: flags=1, tag="LocationManagerService", ownerUid=1000, ownerPid=417, workSource=null
12-16 13:53:51.186 D/PowerManagerService(  417): updateWakeLockSummaryLocked: mWakefulness=Awake, mWakeLockSummary=0x1
12-16 13:53:51.186 D/PowerManagerService(  417): updateScreenStateLocked: mDisplayReady=true, newScreenState=2, mWakefulness=1, mWakeLockSummary=0x1, mUserActivitySummary=0x1, mBootCompleted=true
12-16 13:53:51.186 D/PowerManagerService(  417): handleSandman: canDream=true, mWakefulness=Awake
12-16 13:53:51.187 D/dataxml (  688): handleControlUIMessage can't find id:0
12-16 13:53:51.187 D/PowerManagerService(  417): acquireWakeLockInternal: lock=1094777160, flags=0x1, tag="LocationManagerService", ws=null, uid=1000, pid=417
12-16 13:53:51.187 D/PowerManagerNotifier(  417): onWakeLockAcquired: flags=1, tag="LocationManagerService", ownerUid=1000, ownerPid=417, workSource=null
12-16 13:53:51.187 D/PowerManagerService(  417): updateWakeLockSummaryLocked: mWakefulness=Awake, mWakeLockSummary=0x1
12-16 13:53:51.187 D/PowerManagerService(  417): updateScreenStateLocked: mDisplayReady=true, newScreenState=2, mWakefulness=1, mWakeLockSummary=0x1, mUserActivitySummary=0x1, mBootCompleted=true
12-16 13:53:51.187 D/PowerManagerService(  417): handleSandman: canDream=true, mWakefulness=Awake
12-16 13:53:51.193 D/BackCarMsg( 2441): UPDATE_UI :FF550A00070122010000000500
12-16 13:53:51.197 D/PowerManagerService(  417): releaseWakeLockInternal: lock=1094777160, flags=0x0
12-16 13:53:51.197 D/PowerManagerNotifier(  417): onWakeLockReleased: flags=1, tag="LocationManagerService", ownerUid=1000, ownerPid=417, workSource=null
12-16 13:53:51.197 D/PowerManagerService(  417): updateWakeLockSummaryLocked: mWakefulness=Awake, mWakeLockSummary=0x1
12-16 13:53:51.197 D/PowerManagerService(  417): updateScreenStateLocked: mDisplayReady=true, newScreenState=2, mWakefulness=1, mWakeLockSummary=0x1, mUserActivitySummary=0x1, mBootCompleted=true
12-16 13:53:51.197 D/PowerManagerService(  417): handleSandman: canDream=true, mWakefulness=Awake
12-16 13:53:51.207 D/BackCarMsg( 2441): UPDATE_UI :FF550A00070124010000000500
12-16 13:53:51.221 D/BackCarMsg( 2441): UPDATE_UI :FF550A00070125010000000100
12-16 13:53:51.235 D/BackCarMsg( 2441): UPDATE_UI :FF550A00070021010000000100
12-16 13:53:51.235 D/BackCarMsg( 2441): UPDATE_UI :FF550A00070022010000000500
12-16 13:53:51.236 D/BackCarMsg( 2441): UPDATE_UI :FF550A00070024010000000500
12-16 13:53:51.236 D/BackCarMsg( 2441): UPDATE_UI :FF550A00070025010000000100
12-16 13:53:51.237 D/BackCarMsg( 2441): UPDATE_UI :FF550A00070127010000000000
12-16 13:53:51.238 D/BackCarMsg( 2441): UPDATE_UI :FF550A00070128010000000000
12-16 13:53:51.238 D/BackCarMsg( 2441): UPDATE_UI :FF550A0007012A010000000000
12-16 13:53:51.238 D/DDDB    ( 2441):  0x0a  edgeRadar 
12-16 13:53:51.239 D/DDDD    ( 2441):  EdgeRadarDealWithData 18  1033331000111100010
12-16 13:53:51.239 D/BackCarMsg( 2441): UPDATE_UI :FF550A00070121020000000100
12-16 13:53:51.253 D/BackCarMsg( 2441): UPDATE_UI :FF550A00070122020000000100
12-16 13:53:51.265 D/serviceHAL(  761): 
12-16 13:53:51.265 D/serviceHAL(  761):  hardwareReadProc read ID:14
12-16 13:53:51.265 D/golf_carinfo(  761): resCmd:0x82
12-16 13:53:51.265 D/AUDI    (  761): [analyseCarInfo] analyseCarInfo 08 00 20 
12-16 13:53:51.265 D/Module_system(  761): Module_system  sendModuleId 20  cCmdType e1  
12-16 13:53:51.265 D/Module_system(  761): ExtcarModuleToSysModule_Dispatch_Msg pBuf[0]:e1,pBuf[1]:4
12-16 13:53:51.265 D/Module_system(  761): GetExtcarMsg_BENZ, param[0] = 0x4, param[1] = 0x1
12-16 13:53:51.265 D/Module_system(  761): halToSystem_wheel_Info:0x1, 0x0
12-16 13:53:51.265 D/Module_system(  761):  systemToBackCar_Locus_Info , dir = 1, value = 0x0 
12-16 13:53:51.265 D/Module_system(  761): halToSystem_Locus_Info_BB b_Visible 1,pBuf = [256]
12-16 13:53:51.265 D/Module_system(  761): halToSystem_Locus_Info_BB b_Visible 1,pBuf = [256]
12-16 13:53:51.265 D/Module_extcar(  761): getSteerWheelAngle 0
12-16 13:53:51.266 D/dataxml (  688): handleControlUIMessage can't find id:460288
12-16 13:53:51.266 D/BackCarMsg( 2441): UPDATE_UI :FF550A00070124020000000100
12-16 13:53:51.267 D/dataxml (  688): handleControlUIMessage can't find id:0
12-16 13:53:51.280 D/BackCarMsg( 2441): UPDATE_UI :FF550A00070125020000000100
12-16 13:53:51.293 D/BackCarMsg( 2441): UPDATE_UI :FF550A00070127020000000000
12-16 13:53:51.294 D/BackCarMsg( 2441): UPDATE_UI :FF550A00070421FF000100
12-16 13:53:51.295 D/BackCarMsg( 2441): UPDATE_UI :FF550A00070221020000000000
12-16 13:53:51.295 D/BackCarMsg( 2441): UPDATE_UI :FF550A00070422FF000100
12-16 13:53:51.296 D/BackCarMsg( 2441): UPDATE_UI :FF550A00070222020000000000
12-16 13:53:51.296 D/BackCarMsg( 2441): UPDATE_UI :FF550A00070424FF000100
12-16 13:53:51.297 D/BackCarMsg( 2441): UPDATE_UI :FF550A00070224020000000000
12-16 13:53:51.297 D/BackCarMsg( 2441): UPDATE_UI :FF550A00070425FF000100
12-16 13:53:51.298 D/BackCarMsg( 2441): UPDATE_UI :FF550A00070225020000000000
12-16 13:53:51.298 D/BackCarMsg( 2441): UPDATE_UI :FF550A00070427FF000100
12-16 13:53:51.299 D/BackCarMsg( 2441): UPDATE_UI :FF550A00070428FF000100
12-16 13:53:51.299 D/BackCarMsg( 2441): UPDATE_UI :FF550A0007042AFF000100
12-16 13:53:51.300 D/BackCarMsg( 2441): UPDATE_UI :FF550A0007042BFF000100
12-16 13:53:51.300 D/BackCarMsg( 2441): UPDATE_UI :FF550A0007022B020000000000
12-16 13:53:51.301 D/BackCarMsg( 2441): UPDATE_UI :FF550A0007012B010000000000
12-16 13:53:51.301 D/DDD     ( 2441):  cmd 7 paramer[1] 1  tmpRadarShow 1
12-16 13:53:51.302 D/BackCarMsg( 2441): UPDATE_UI :FF550A00070027010000000000
12-16 13:53:51.302 D/BackCarMsg( 2441): UPDATE_UI :FF550A00070028010000000000
12-16 13:53:51.303 D/BackCarMsg( 2441): UPDATE_UI :FF550A0007002A010000000000
12-16 13:53:51.303 D/BackCarMsg( 2441): UPDATE_UI :FF550A0007002B010000000000
12-16 13:53:51.304 D/BackCarMsg( 2441): UPDATE_UI :FF550800070120FF000100
12-16 13:53:51.304 D/BackCarMsg( 2441): UPDATE_UI :FF550A00070221010000000300
12-16 13:53:51.305 D/BackCarMsg( 2441): UPDATE_UI :FF550A00070222010000000300
12-16 13:53:51.306 D/BackCarMsg( 2441): UPDATE_UI :FF550A00070224010000000300
12-16 13:53:51.306 D/BackCarMsg( 2441): UPDATE_UI :FF550A00070225010000000300
12-16 13:53:51.308 D/BackCarMsg( 2441): UPDATE_UI :FF550A00070321010000000300
12-16 13:53:51.309 D/BackCarMsg( 2441): UPDATE_UI :FF550A00070322010000000300
12-16 13:53:51.310 D/BackCarMsg( 2441): UPDATE_UI :FF550A00070324010000000300
12-16 13:53:51.311 D/BackCarMsg( 2441): UPDATE_UI :FF550A00070325010000000300
12-16 13:53:51.311 D/BackCarMsg( 2441): UPDATE_UI :FF550800070120FF000100
12-16 13:53:51.312 D/BackCarMsg( 2441): UPDATE_UI :FF550A00070227010000000000
12-16 13:53:51.313 D/BackCarMsg( 2441): UPDATE_UI :FF550A00070228010000000000
12-16 13:53:51.313 D/BackCarMsg( 2441): UPDATE_UI :FF550A0007022A010000000000
12-16 13:53:51.314 D/BackCarMsg( 2441): UPDATE_UI :FF550A0007022B010000000100
12-16 13:53:51.315 D/BackCarMsg( 2441): UPDATE_UI :FF550A00070327010000000000
12-16 13:53:51.316 D/BackCarMsg( 2441): UPDATE_UI :FF550A00070328010000000000
12-16 13:53:51.316 D/BackCarMsg( 2441): UPDATE_UI :FF550A0007032A010000000000
12-16 13:53:51.317 D/BackCarMsg( 2441): UPDATE_UI :FF550A0007032B010000000100
12-16 13:53:51.317 D/dataxml (  688): handleControlUIMessage can't find id:460288
12-16 13:53:51.318 D/BackCarMsg( 2441): UPDATE_UI :FF551700071000FF0A0303030301000000010101010000000100
12-16 13:53:51.318 D/dataxml (  688): handleControlUIMessage can't find id:0
12-16 13:53:51.325 D/BackCarMsg( 2441): UPDATE_UI :FF550800071000FF070100
12-16 13:53:51.331 D/BackCarMsg( 2441): UPDATE_UI :FF550800070120FF000100
12-16 13:53:51.334 D/dalvikvm( 2441): GC_CONCURRENT freed 2034K, 18% free 21703K/26280K, paused 2ms+6ms, total 28ms
12-16 13:53:51.335 D/BackCarMsg( 2441): UPDATE_UI :FF550A00070121010000000100
12-16 13:53:51.349 D/BackCarMsg( 2441): UPDATE_UI :FF550A00070122010000000500
12-16 13:53:51.363 D/BackCarMsg( 2441): UPDATE_UI :FF550A00070124010000000500
12-16 13:53:51.365 D/serviceHAL(  761): 
12-16 13:53:51.365 D/serviceHAL(  761):  hardwareReadProc read ID:14
12-16 13:53:51.365 D/golf_carinfo(  761): resCmd:0x82
12-16 13:53:51.365 D/AUDI    (  761): [analyseCarInfo] analyseCarInfo 08 11 20 
12-16 13:53:51.365 D/Module_system(  761): Module_system  sendModuleId 20  cCmdType e1  
12-16 13:53:51.365 D/Module_system(  761): ExtcarModuleToSysModule_Dispatch_Msg pBuf[0]:e1,pBuf[1]:4
12-16 13:53:51.365 D/Module_system(  761): GetExtcarMsg_BENZ, param[0] = 0x4, param[1] = 0x1
12-16 13:53:51.365 D/Module_system(  761): halToSystem_wheel_Info:0x1, 0x0
12-16 13:53:51.365 D/Module_system(  761):  systemToBackCar_Locus_Info , dir = 1, value = 0x0 
