12-16 13:53:51.365 D/Module_system(  761): halToSystem_Locus_Info_BB b_Visible 1,pBuf = [256]
12-16 13:53:51.365 D/Module_system(  761): halToSystem_Locus_Info_BB b_Visible 1,pBuf = [256]
12-16 13:53:51.365 D/Module_extcar(  761): getSteerWheelAngle 0
12-16 13:53:51.369 D/dataxml (  688): handleControlUIMessage can't find id:460288
12-16 13:53:51.369 D/dataxml (  688): handleControlUIMessage can't find id:0
12-16 13:53:51.369 D/dataxml (  688): handleControlUIMessage can't find id:460288
12-16 13:53:51.370 D/dataxml (  688): handleControlUIMessage can't find id:0
12-16 13:53:51.376 D/BackCarMsg( 2441): UPDATE_UI :FF550A00070125010000000100
12-16 13:53:51.390 D/BackCarMsg( 2441): UPDATE_UI :FF550A00070021010000000100
12-16 13:53:51.391 D/BackCarMsg( 2441): UPDATE_UI :FF550A00070022010000000500
12-16 13:53:51.391 D/BackCarMsg( 2441): UPDATE_UI :FF550A00070024010000000500
12-16 13:53:51.392 D/BackCarMsg( 2441): UPDATE_UI :FF550A00070025010000000100
12-16 13:53:51.393 D/BackCarMsg( 2441): UPDATE_UI :FF550A00070127010000000000
12-16 13:53:51.393 D/BackCarMsg( 2441): UPDATE_UI :FF550A00070128010000000000
12-16 13:53:51.394 D/BackCarMsg( 2441): UPDATE_UI :FF550A0007012A010000000000
12-16 13:53:51.395 D/BackCarMsg( 2441): UPDATE_UI :FF550A0007012B010000000000
12-16 13:53:51.395 D/BackCarMsg( 2441): UPDATE_UI :FF550A00070027010000000000
12-16 13:53:51.396 D/BackCarMsg( 2441): UPDATE_UI :FF550A00070028010000000000
12-16 13:53:51.396 D/BackCarMsg( 2441): UPDATE_UI :FF550A0007002A010000000000
12-16 13:53:51.397 D/BackCarMsg( 2441): UPDATE_UI :FF550A0007002B010000000000
12-16 13:53:51.398 D/BackCarMsg( 2441): UPDATE_UI :FF550800070120FF000100
12-16 13:53:51.398 D/BackCarMsg( 2441): UPDATE_UI :FF550A00070221010000000300
12-16 13:53:51.399 D/BackCarMsg( 2441): UPDATE_UI :FF550A00070222010000000300
12-16 13:53:51.399 D/BackCarMsg( 2441): UPDATE_UI :FF550A00070224010000000300
12-16 13:53:51.400 D/BackCarMsg( 2441): UPDATE_UI :FF550A00070225010000000300
12-16 13:53:51.401 D/BackCarMsg( 2441): UPDATE_UI :FF550A00070321010000000300
12-16 13:53:51.401 D/BackCarMsg( 2441): UPDATE_UI :FF550A00070322010000000300
12-16 13:53:51.402 D/BackCarMsg( 2441): UPDATE_UI :FF550A00070324010000000300
12-16 13:53:51.402 D/BackCarMsg( 2441): UPDATE_UI :FF550A00070325010000000300
12-16 13:53:51.403 D/BackCarMsg( 2441): UPDATE_UI :FF550800070120FF000100
12-16 13:53:51.403 D/BackCarMsg( 2441): UPDATE_UI :FF550A00070227010000000000
12-16 13:53:51.404 D/BackCarMsg( 2441): UPDATE_UI :FF550A00070228010000000000
12-16 13:53:51.405 D/BackCarMsg( 2441): UPDATE_UI :FF550A0007022A010000000000
12-16 13:53:51.405 D/BackCarMsg( 2441): UPDATE_UI :FF550A0007022B010000000100
12-16 13:53:51.406 D/BackCarMsg( 2441): UPDATE_UI :FF550A00070327010000000000
12-16 13:53:51.406 D/BackCarMsg( 2441): UPDATE_UI :FF550A00070328010000000000
12-16 13:53:51.407 D/BackCarMsg( 2441): UPDATE_UI :FF550A0007032A010000000000
12-16 13:53:51.407 D/BackCarMsg( 2441): UPDATE_UI :FF550A0007032B010000000100
12-16 13:53:51.408 D/BackCarMsg( 2441): UPDATE_UI :FF551700071000FF0A0303030301000000010101010000000100
12-16 13:53:51.409 D/BackCarMsg( 2441): UPDATE_UI :FF550800071000FF070100
12-16 13:53:51.409 D/BackCarMsg( 2441): UPDATE_UI :FF550800070120FF000100
12-16 13:53:51.410 D/BackCarMsg( 2441): UPDATE_UI :FF550A00070121010000000100
12-16 13:53:51.424 D/BackCarMsg( 2441): UPDATE_UI :FF550A00070122010000000500
12-16 13:53:51.437 D/BackCarMsg( 2441): UPDATE_UI :FF550A00070124010000000500
12-16 13:53:51.451 D/BackCarMsg( 2441): UPDATE_UI :FF550A00070125010000000100
12-16 13:53:51.464 D/BackCarMsg( 2441): UPDATE_UI :FF550A00070021010000000100
12-16 13:53:51.465 D/BackCarMsg( 2441): UPDATE_UI :FF550A00070022010000000500
12-16 13:53:51.465 D/BackCarMsg( 2441): UPDATE_UI :FF550A00070024010000000500
12-16 13:53:51.466 D/BackCarMsg( 2441): UPDATE_UI :FF550A00070025010000000100
12-16 13:53:51.466 D/BackCarMsg( 2441): UPDATE_UI :FF550A00070127010000000000
12-16 13:53:51.467 D/BackCarMsg( 2441): UPDATE_UI :FF550A00070128010000000000
12-16 13:53:51.468 D/BackCarMsg( 2441): UPDATE_UI :FF550A0007012A010000000000
12-16 13:53:51.468 D/BackCarMsg( 2441): UPDATE_UI :FF550A0007012B010000000000
12-16 13:53:51.469 D/BackCarMsg( 2441): UPDATE_UI :FF550A00070027010000000000
12-16 13:53:51.469 D/BackCarMsg( 2441): UPDATE_UI :FF550A00070028010000000000
12-16 13:53:51.470 D/BackCarMsg( 2441): UPDATE_UI :FF550A0007002A010000000000
12-16 13:53:51.471 D/BackCarMsg( 2441): UPDATE_UI :FF550A0007002B010000000000
12-16 13:53:51.471 D/BackCarMsg( 2441): UPDATE_UI :FF550800070120FF000100
12-16 13:53:51.472 D/BackCarMsg( 2441): UPDATE_UI :FF550A00070221010000000300
12-16 13:53:51.472 D/BackCarMsg( 2441): UPDATE_UI :FF550A00070222010000000300
12-16 13:53:51.473 D/BackCarMsg( 2441): UPDATE_UI :FF550A00070224010000000300
12-16 13:53:51.473 D/BackCarMsg( 2441): UPDATE_UI :FF550A00070225010000000300
12-16 13:53:51.474 D/BackCarMsg( 2441): UPDATE_UI :FF550A00070321010000000300
12-16 13:53:51.474 D/BackCarMsg( 2441): UPDATE_UI :FF550A00070322010000000300
12-16 13:53:51.475 D/BackCarMsg( 2441): UPDATE_UI :FF550A00070324010000000300
12-16 13:53:51.476 D/BackCarMsg( 2441): UPDATE_UI :FF550A00070325010000000300
12-16 13:53:51.476 D/BackCarMsg( 2441): UPDATE_UI :FF550800070120FF000100
12-16 13:53:51.477 D/BackCarMsg( 2441): UPDATE_UI :FF550A00070227010000000000
12-16 13:53:51.477 D/BackCarMsg( 2441): UPDATE_UI :FF550A00070228010000000000
12-16 13:53:51.478 D/BackCarMsg( 2441): UPDATE_UI :FF550A0007022A010000000000
12-16 13:53:51.478 D/BackCarMsg( 2441): UPDATE_UI :FF550A0007022B010000000100
12-16 13:53:51.479 D/BackCarMsg( 2441): UPDATE_UI :FF550A00070327010000000000
12-16 13:53:51.480 D/BackCarMsg( 2441): UPDATE_UI :FF550A00070328010000000000
12-16 13:53:51.480 D/BackCarMsg( 2441): UPDATE_UI :FF550A0007032A010000000000
12-16 13:53:51.481 D/BackCarMsg( 2441): UPDATE_UI :FF550A0007032B010000000100
12-16 13:53:51.482 D/BackCarMsg( 2441): UPDATE_UI :FF551700071000FF0A0303030301000000010101010000000100
12-16 13:53:51.483 D/BackCarMsg( 2441): UPDATE_UI :FF550800070600FF000100
12-16 13:53:51.483 D/BackCarMsg( 2441): UPDATE_UI :FF550A00070600010000010100
12-16 13:53:51.484 I/FlyBackCarMainView( 2441): data [10] = 1 data[11] 1 data[12] 0  1
12-16 13:53:51.484 D/serviceHAL(  761): 
12-16 13:53:51.484 D/serviceHAL(  761):  hardwareReadProc read ID:14
12-16 13:53:51.484 D/golf_carinfo(  761): resCmd:0x82
12-16 13:53:51.484 D/AUDI    (  761): [analyseCarInfo] analyseCarInfo 01 00 
12-16 13:53:51.484 D/Module_extcar(  761): hdmi getCarMsgForSv_BENZ
12-16 13:53:51.484 D/Module_sv(  761): [getCarMsg_BENZ] Module_SVC200 14 01 02 
12-16 13:53:51.484 D/Module_sv(  761): pLocalParam->IsSVExist 0
12-16 13:53:51.484 D/Module_extcar(  761): extcarToSystem_StallStatus_BENZ, param = 0x2
12-16 13:53:51.484 D/Module_system(  761): Module_system  sendModuleId 20  cCmdType e1  
12-16 13:53:51.484 D/Module_system(  761): ExtcarModuleToSysModule_Dispatch_Msg pBuf[0]:e1,pBuf[1]:3
12-16 13:53:51.484 D/Module_system(  761): GetExtcarMsg_BENZ, param[0] = 0x3, param[1] = 0x2
12-16 13:53:51.484 D/Module_system(  761): systemToBackcarAppMsg p[0] = 0x1
12-16 13:53:51.484 D/DDDB    ( 2441):  0x0a  edgeRadar 
12-16 13:53:51.484 D/DDDD    ( 2441):  EdgeRadarDealWithData 18  1033331000111100010
12-16 13:53:51.484 D/BackCarMsg( 2441): UPDATE_UI :FF550A00070121020000000100
12-16 13:53:51.485 D/dataxml (  688): handleControlUIMessage can't find id:462848
12-16 13:53:51.498 D/BackCarMsg( 2441): UPDATE_UI :FF550A00070122020000000100
12-16 13:53:51.512 D/BackCarMsg( 2441): UPDATE_UI :FF550A00070124020000000100
12-16 13:53:51.525 D/BackCarMsg( 2441): UPDATE_UI :FF550A00070125020000000100
12-16 13:53:51.539 D/BackCarMsg( 2441): UPDATE_UI :FF550A00070127020000000000
12-16 13:53:51.539 D/BackCarMsg( 2441): UPDATE_UI :FF550A00070421FF000100
12-16 13:53:51.540 D/BackCarMsg( 2441): UPDATE_UI :FF550A00070221020000000000
12-16 13:53:51.541 D/BackCarMsg( 2441): UPDATE_UI :FF550A00070422FF000100
12-16 13:53:51.541 D/BackCarMsg( 2441): UPDATE_UI :FF550A00070222020000000000
12-16 13:53:51.542 D/BackCarMsg( 2441): UPDATE_UI :FF550A00070424FF000100
12-16 13:53:51.542 D/BackCarMsg( 2441): UPDATE_UI :FF550A00070224020000000000
12-16 13:53:51.543 D/BackCarMsg( 2441): UPDATE_UI :FF550A00070425FF000100
12-16 13:53:51.543 D/BackCarMsg( 2441): UPDATE_UI :FF550A00070225020000000000
12-16 13:53:51.544 D/BackCarMsg( 2441): UPDATE_UI :FF550A00070427FF000100
12-16 13:53:51.544 D/BackCarMsg( 2441): UPDATE_UI :FF550A00070428FF000100
12-16 13:53:51.545 D/BackCarMsg( 2441): UPDATE_UI :FF550A0007042AFF000100
12-16 13:53:51.545 D/BackCarMsg( 2441): UPDATE_UI :FF550A0007042BFF000100
12-16 13:53:51.546 D/BackCarMsg( 2441): UPDATE_UI :FF550A0007022B020000000000
12-16 13:53:51.546 D/DDD     ( 2441):  cmd 7 paramer[1] 1  tmpRadarShow 1
12-16 13:53:51.547 D/BackCarMsg( 2441): UPDATE_UI :FF550800071000FF070100
12-16 13:53:51.547 D/BackCarMsg( 2441): UPDATE_UI :FF550800070120FF000100
12-16 13:53:51.548 D/BackCarMsg( 2441): UPDATE_UI :FF550A00070121010000000100
12-16 13:53:51.562 D/BackCarMsg( 2441): UPDATE_UI :FF550A00070122010000000500
12-16 13:53:51.575 D/BackCarMsg( 2441): UPDATE_UI :FF550A00070124010000000500
12-16 13:53:51.589 D/BackCarMsg( 2441): UPDATE_UI :FF550A00070125010000000100
12-16 13:53:51.602 D/BackCarMsg( 2441): UPDATE_UI :FF550A00070021010000000100
12-16 13:53:51.603 D/BackCarMsg( 2441): UPDATE_UI :FF550A00070022010000000500
12-16 13:53:51.603 D/DDDB    ( 2441):  0x0a  edgeRadar 
12-16 13:53:51.604 D/DDDD    ( 2441):  EdgeRadarDealWithData 18  1033331000111100010
12-16 13:53:51.604 D/BackCarMsg( 2441): UPDATE_UI :FF550A00070121020000000100
12-16 13:53:51.617 D/BackCarMsg( 2441): UPDATE_UI :FF550A00070122020000000100
12-16 13:53:51.631 D/BackCarMsg( 2441): UPDATE_UI :FF550A00070124020000000100
12-16 13:53:51.644 D/BackCarMsg( 2441): UPDATE_UI :FF550A00070125020000000100
12-16 13:53:51.658 D/BackCarMsg( 2441): UPDATE_UI :FF550A00070127020000000000
12-16 13:53:51.659 D/BackCarMsg( 2441): UPDATE_UI :FF550A00070421FF000100
12-16 13:53:51.660 D/BackCarMsg( 2441): UPDATE_UI :FF550A00070221020000000000
12-16 13:53:51.660 D/BackCarMsg( 2441): UPDATE_UI :FF550A00070422FF000100
12-16 13:53:51.661 D/BackCarMsg( 2441): UPDATE_UI :FF550A00070222020000000000
12-16 13:53:51.661 D/BackCarMsg( 2441): UPDATE_UI :FF550A00070424FF000100
12-16 13:53:51.662 D/BackCarMsg( 2441): UPDATE_UI :FF550A00070224020000000000
12-16 13:53:51.662 D/BackCarMsg( 2441): UPDATE_UI :FF550A00070425FF000100
12-16 13:53:51.663 D/BackCarMsg( 2441): UPDATE_UI :FF550A00070225020000000000
12-16 13:53:51.664 D/BackCarMsg( 2441): UPDATE_UI :FF550A00070427FF000100
12-16 13:53:51.664 D/BackCarMsg( 2441): UPDATE_UI :FF550A00070428FF000100
12-16 13:53:51.665 D/BackCarMsg( 2441): UPDATE_UI :FF550A0007042AFF000100
12-16 13:53:51.665 D/BackCarMsg( 2441): UPDATE_UI :FF550A0007042BFF000100
12-16 13:53:51.666 D/BackCarMsg( 2441): UPDATE_UI :FF550A0007022B020000000000
12-16 13:53:51.666 D/BackCarMsg( 2441): UPDATE_UI :FF550A00070024010000000500
12-16 13:53:51.667 D/BackCarMsg( 2441): UPDATE_UI :FF550A00070025010000000100
12-16 13:53:51.667 D/DDD     ( 2441):  cmd 7 paramer[1] 1  tmpRadarShow 1
12-16 13:53:51.668 D/BackCarMsg( 2441): UPDATE_UI :FF550A00070127010000000000
12-16 13:53:51.668 D/BackCarMsg( 2441): UPDATE_UI :FF550A00070128010000000000
12-16 13:53:51.669 D/BackCarMsg( 2441): UPDATE_UI :FF550A0007012A010000000000
12-16 13:53:51.670 D/BackCarMsg( 2441): UPDATE_UI :FF550A0007012B010000000000
12-16 13:53:51.670 D/BackCarMsg( 2441): UPDATE_UI :FF550A00070027010000000000
12-16 13:53:51.671 D/BackCarMsg( 2441): UPDATE_UI :FF550A00070028010000000000
12-16 13:53:51.671 D/BackCarMsg( 2441): UPDATE_UI :FF550A0007002A010000000000
12-16 13:53:51.672 D/BackCarMsg( 2441): UPDATE_UI :FF550A0007002B010000000000
12-16 13:53:51.672 D/BackCarMsg( 2441): UPDATE_UI :FF550800070120FF000100
12-16 13:53:51.673 D/BackCarMsg( 2441): UPDATE_UI :FF550A00070221010000000300
12-16 13:53:51.673 D/BackCarMsg( 2441): UPDATE_UI :FF550A00070222010000000300
12-16 13:53:51.674 D/BackCarMsg( 2441): UPDATE_UI :FF550A00070224010000000300
12-16 13:53:51.675 D/BackCarMsg( 2441): UPDATE_UI :FF550A00070225010000000300
12-16 13:53:51.675 D/BackCarMsg( 2441): UPDATE_UI :FF550A00070321010000000300
12-16 13:53:51.676 D/BackCarMsg( 2441): UPDATE_UI :FF550A00070322010000000300
12-16 13:53:51.676 D/BackCarMsg( 2441): UPDATE_UI :FF550A00070324010000000300
12-16 13:53:51.677 D/BackCarMsg( 2441): UPDATE_UI :FF550A00070325010000000300
12-16 13:53:51.677 D/BackCarMsg( 2441): UPDATE_UI :FF550800070120FF000100
12-16 13:53:51.678 D/BackCarMsg( 2441): UPDATE_UI :FF550A00070227010000000000
12-16 13:53:51.679 D/BackCarMsg( 2441): UPDATE_UI :FF550A00070228010000000000
12-16 13:53:51.679 D/BackCarMsg( 2441): UPDATE_UI :FF550A0007022A010000000000
12-16 13:53:51.680 D/BackCarMsg( 2441): UPDATE_UI :FF550A0007022B010000000100
12-16 13:53:51.681 D/BackCarMsg( 2441): UPDATE_UI :FF550A00070327010000000000
12-16 13:53:51.681 D/BackCarMsg( 2441): UPDATE_UI :FF550A00070328010000000000
12-16 13:53:51.682 D/BackCarMsg( 2441): UPDATE_UI :FF550A0007032A010000000000
12-16 13:53:51.682 D/BackCarMsg( 2441): UPDATE_UI :FF550A0007032B010000000100
12-16 13:53:51.683 D/BackCarMsg( 2441): UPDATE_UI :FF551700071000FF0A0303030301000000010101010000000100
12-16 13:53:51.684 D/BackCarMsg( 2441): UPDATE_UI :FF550800071000FF070100
12-16 13:53:51.684 D/BackCarMsg( 2441): UPDATE_UI :FF550800070120FF000100
12-16 13:53:51.685 D/BackCarMsg( 2441): UPDATE_UI :FF550A00070121010000000100
12-16 13:53:51.699 D/BackCarMsg( 2441): UPDATE_UI :FF550A00070122010000000600
12-16 13:53:51.713 D/BackCarMsg( 2441): UPDATE_UI :FF550A00070124010000000600
12-16 13:53:51.727 D/BackCarMsg( 2441): UPDATE_UI :FF550A00070125010000000100
12-16 13:53:51.740 D/BackCarMsg( 2441): UPDATE_UI :FF550A00070021010000000100
12-16 13:53:51.741 D/BackCarMsg( 2441): UPDATE_UI :FF550A00070022010000000600
12-16 13:53:51.741 D/BackCarMsg( 2441): UPDATE_UI :FF550A00070024010000000600
12-16 13:53:51.742 D/BackCarMsg( 2441): UPDATE_UI :FF550A00070025010000000100
12-16 13:53:51.743 D/BackCarMsg( 2441): UPDATE_UI :FF550A00070127010000000000
12-16 13:53:51.743 D/BackCarMsg( 2441): UPDATE_UI :FF550A00070128010000000000
12-16 13:53:51.744 D/BackCarMsg( 2441): UPDATE_UI :FF550A0007012A010000000000
12-16 13:53:51.745 D/BackCarMsg( 2441): UPDATE_UI :FF550A0007012B010000000000
12-16 13:53:51.745 D/BackCarMsg( 2441): UPDATE_UI :FF550A00070027010000000000
12-16 13:53:51.746 D/BackCarMsg( 2441): UPDATE_UI :FF550A00070028010000000000
12-16 13:53:51.746 D/BackCarMsg( 2441): UPDATE_UI :FF550A0007002A010000000000
12-16 13:53:51.747 D/BackCarMsg( 2441): UPDATE_UI :FF550A0007002B010000000000
12-16 13:53:51.747 D/BackCarMsg( 2441): UPDATE_UI :FF550800070120FF000100
12-16 13:53:51.748 D/BackCarMsg( 2441): UPDATE_UI :FF550A00070221010000000300
12-16 13:53:51.749 D/BackCarMsg( 2441): UPDATE_UI :FF550A00070222010000000300
12-16 13:53:51.749 D/BackCarMsg( 2441): UPDATE_UI :FF550A00070224010000000300
12-16 13:53:51.750 D/BackCarMsg( 2441): UPDATE_UI :FF550A00070225010000000300
12-16 13:53:51.750 D/BackCarMsg( 2441): UPDATE_UI :FF550A00070321010000000300
12-16 13:53:51.751 D/BackCarMsg( 2441): UPDATE_UI :FF550A00070322010000000300
12-16 13:53:51.752 D/BackCarMsg( 2441): UPDATE_UI :FF550A00070324010000000300
12-16 13:53:51.752 D/BackCarMsg( 2441): UPDATE_UI :FF550A00070325010000000300
12-16 13:53:51.753 D/BackCarMsg( 2441): UPDATE_UI :FF550800070120FF000100
12-16 13:53:51.753 D/BackCarMsg( 2441): UPDATE_UI :FF550A00070227010000000000
12-16 13:53:51.754 D/BackCarMsg( 2441): UPDATE_UI :FF550A00070228010000000000
12-16 13:53:51.754 D/BackCarMsg( 2441): UPDATE_UI :FF550A0007022A010000000000
12-16 13:53:51.755 D/BackCarMsg( 2441): UPDATE_UI :FF550A0007022B010000000100
12-16 13:53:51.756 D/BackCarMsg( 2441): UPDATE_UI :FF550A00070327010000000000
12-16 13:53:51.756 D/BackCarMsg( 2441): UPDATE_UI :FF550A00070328010000000000
12-16 13:53:51.757 D/BackCarMsg( 2441): UPDATE_UI :FF550A0007032A010000000000
12-16 13:53:51.757 D/BackCarMsg( 2441): UPDATE_UI :FF550A0007032B010000000100
12-16 13:53:51.758 D/BackCarMsg( 2441): UPDATE_UI :FF551700071000FF0A0303030301000000010101010000000100
12-16 13:53:51.759 D/BackCarMsg( 2441): UPDATE_UI :FF550800071000FF070100
12-16 13:53:51.759 D/BackCarMsg( 2441): UPDATE_UI :FF550800070120FF000100
12-16 13:53:51.760 D/BackCarMsg( 2441): UPDATE_UI :FF550A00070121010000000200
12-16 13:53:51.774 D/BackCarMsg( 2441): UPDATE_UI :FF550A00070122010000000600
12-16 13:53:51.787 D/BackCarMsg( 2441): UPDATE_UI :FF550A00070124010000000600
12-16 13:53:51.788 D/serviceHAL(  761): 
12-16 13:53:51.788 D/serviceHAL(  761):  hardwareReadProc read ID:8
12-16 13:53:51.801 D/BackCarMsg( 2441): UPDATE_UI :FF550A00070125010000000200
12-16 13:53:51.817 D/BackCarMsg( 2441): UPDATE_UI :FF550A00070021010000000200
12-16 13:53:51.817 D/BackCarMsg( 2441): UPDATE_UI :FF550A00070022010000000600
12-16 13:53:51.818 D/BackCarMsg( 2441): UPDATE_UI :FF550A00070024010000000600
12-16 13:53:51.819 D/BackCarMsg( 2441): UPDATE_UI :FF550A00070025010000000200
12-16 13:53:51.820 D/BackCarMsg( 2441): UPDATE_UI :FF550A00070127010000000000
12-16 13:53:51.821 D/BackCarMsg( 2441): UPDATE_UI :FF550A00070128010000000000
12-16 13:53:51.821 D/BackCarMsg( 2441): UPDATE_UI :FF550A0007012A010000000000
12-16 13:53:51.822 D/BackCarMsg( 2441): UPDATE_UI :FF550A0007012B010000000000
12-16 13:53:51.823 D/BackCarMsg( 2441): UPDATE_UI :FF550A00070027010000000000
12-16 13:53:51.823 D/BackCarMsg( 2441): UPDATE_UI :FF550A00070028010000000000
12-16 13:53:51.824 D/BackCarMsg( 2441): UPDATE_UI :FF550A0007002A010000000000
12-16 13:53:51.825 D/BackCarMsg( 2441): UPDATE_UI :FF550A0007002B010000000000
12-16 13:53:51.825 D/BackCarMsg( 2441): UPDATE_UI :FF550800070120FF000100
12-16 13:53:51.826 D/BackCarMsg( 2441): UPDATE_UI :FF550A00070221010000000300
12-16 13:53:51.833 D/BackCarMsg( 2441): UPDATE_UI :FF550A00070222010000000300
12-16 13:53:51.842 D/dalvikvm( 2441): GC_CONCURRENT freed 2040K, 18% free 21672K/26280K, paused 1ms+5ms, total 27ms
12-16 13:53:51.844 D/BackCarMsg( 2441): UPDATE_UI :FF550A00070224010000000300
12-16 13:53:51.845 D/BackCarMsg( 2441): UPDATE_UI :FF550A00070225010000000300
12-16 13:53:51.845 D/BackCarMsg( 2441): UPDATE_UI :FF550A00070321010000000300
12-16 13:53:51.846 D/BackCarMsg( 2441): UPDATE_UI :FF550A00070322010000000300
12-16 13:53:51.847 D/BackCarMsg( 2441): UPDATE_UI :FF550A00070324010000000300
12-16 13:53:51.847 D/BackCarMsg( 2441): UPDATE_UI :FF550A00070325010000000300
12-16 13:53:51.848 D/BackCarMsg( 2441): UPDATE_UI :FF550800070120FF000100
12-16 13:53:51.848 D/BackCarMsg( 2441): UPDATE_UI :FF550A00070227010000000000
12-16 13:53:51.849 D/BackCarMsg( 2441): UPDATE_UI :FF550A00070228010000000000
12-16 13:53:51.850 D/BackCarMsg( 2441): UPDATE_UI :FF550A0007022A010000000000
12-16 13:53:51.850 D/BackCarMsg( 2441): UPDATE_UI :FF550A0007022B010000000100
12-16 13:53:51.851 D/BackCarMsg( 2441): UPDATE_UI :FF550A00070327010000000000
12-16 13:53:51.852 D/BackCarMsg( 2441): UPDATE_UI :FF550A00070328010000000000
12-16 13:53:51.852 D/BackCarMsg( 2441): UPDATE_UI :FF550A0007032A010000000000
12-16 13:53:51.853 D/BackCarMsg( 2441): UPDATE_UI :FF550A0007032B010000000100
12-16 13:53:51.854 D/BackCarMsg( 2441): UPDATE_UI :FF551700071000FF0A0303030301000000010101010000000100
12-16 13:53:51.854 D/BackCarMsg( 2441): UPDATE_UI :FF550800071000FF070100
12-16 13:53:51.855 D/BackCarMsg( 2441): UPDATE_UI :FF550800070120FF000100
12-16 13:53:51.856 D/BackCarMsg( 2441): UPDATE_UI :FF550A00070121010000000200
12-16 13:53:51.856 I/Module_timer(  761): cmd:20 sendModuleId:2
12-16 13:53:51.856 D/serviceHAL(  761): 
12-16 13:53:51.856 D/serviceHAL(  761):  hardwareReadProc read ID:0
12-16 13:53:51.869 D/BackCarMsg( 2441): UPDATE_UI :FF550A00070122010000000600
12-16 13:53:51.883 D/BackCarMsg( 2441): UPDATE_UI :FF550A00070124010000000600
12-16 13:53:51.897 D/BackCarMsg( 2441): UPDATE_UI :FF550A00070125010000000200
12-16 13:53:51.910 D/BackCarMsg( 2441): UPDATE_UI :FF550A00070021010000000200
12-16 13:53:51.911 D/BackCarMsg( 2441): UPDATE_UI :FF550A00070022010000000600
12-16 13:53:51.911 D/DDDB    ( 2441):  0x0a  edgeRadar 
12-16 13:53:51.911 D/DDDD    ( 2441):  EdgeRadarDealWithData 18  1033331000111100010
12-16 13:53:51.912 D/BackCarMsg( 2441): UPDATE_UI :FF550A00070121020000000100
12-16 13:53:51.921 D/serviceHAL(  761): 
12-16 13:53:51.921 D/serviceHAL(  761):  hardwareReadProc read ID:14
12-16 13:53:51.921 D/serviceHAL(  761): 
12-16 13:53:51.921 D/serviceHAL(  761):  hardwareReadProc read ID:14
12-16 13:53:51.921 D/serviceHAL(  761): 
12-16 13:53:51.921 D/serviceHAL(  761):  hardwareReadProc read ID:14
12-16 13:53:51.921 D/golf_carinfo(  761): resCmd:0x82
12-16 13:53:51.921 D/AUDI    (  761): [analyseCarInfo] analyseCarInfo 0F 01 1D 1B 1B 1B FF FF FF FF 30 30 30 34 FF FF FF 57 
12-16 13:53:51.921 D/AUDI    (  761): [getRadarStatus]  param =  01 1D 1B 1B 1B FF FF FF FF 30 30 30 34 FF FF FF 57 
12-16 13:53:51.921 D/Module_system(  761): Module_system  sendModuleId 20  cCmdType e1  
12-16 13:53:51.921 D/Module_system(  761): ExtcarModuleToSysModule_Dispatch_Msg pBuf[0]:e1,pBuf[1]:7
12-16 13:53:51.921 D/Module_system(  761): GetExtcarMsg_BENZ, param[0] = 0x7, param[1] = 0x1
12-16 13:53:51.921 D/Module_system(  761): systemToBackcarAppMsg p[0] = 0x7
12-16 13:53:51.921 D/Module_system(  761): Module_system  sendModuleId 20  cCmdType 80  
12-16 13:53:51.921 D/Module_system(  761): ExtcarModuleToSysModule_Dispatch_Msg pBuf[0]:80,pBuf[1]:0
12-16 13:53:51.921 D/Module_system(  761): pBuf[0]=0,3,7,7,3,
12-16 13:53:51.921 D/Module_system(  761): halToSystem_Radar_Info_F b_Visible 1
12-16 13:53:51.921 D/Module_system(  761): [DYB702] setVisible(halToSystem_Radar_Info_F,true);
12-16 13:53:51.921 D/Module_system(  761): halToSystem_Radar_Info_FF b_Visible 1
12-16 13:53:51.921 D/Module_system(  761): Module_system  sendModuleId 20  cCmdType 80  
12-16 13:53:51.921 D/Module_system(  761): ExtcarModuleToSysModule_Dispatch_Msg pBuf[0]:80,pBuf[1]:0
12-16 13:53:51.921 D/Module_system(  761): pBuf[0]=1,0,0,0,0,
12-16 13:53:51.921 D/Module_system(  761): halToSystem_Radar_Info_B b_Visible 1
12-16 13:53:51.921 D/Module_system(  761): halToSystem_Radar_Info_BB b_Visible 1
12-16 13:53:51.922 D/Module_sv(  761): [getCarMsg_BENZ] Module_SVC200 06 02 02 02 02 00 00 00 00 
12-16 13:53:51.922 D/Module_sv(  761): svc200 sendRadarMsgToSV200
12-16 13:53:51.922 D/Module_system(  761): Module_system  sendModuleId 20  cCmdType 80  
12-16 13:53:51.922 D/Module_system(  761): ExtcarModuleToSysModule_Dispatch_Msg pBuf[0]:80,pBuf[1]:2
12-16 13:53:51.922 D/Module_system(  761): pBuf[0]=0,3,3,3,3,
12-16 13:53:51.922 D/Module_system(  761): halToSystem_Radar_Info_F b_Visible 1
12-16 13:53:51.922 D/Module_system(  761): [DYB702] setVisible(halToSystem_Radar_Info_F,true);
12-16 13:53:51.922 D/Module_system(  761): halToSystem_Radar_Info_FF b_Visible 1
12-16 13:53:51.922 D/Module_system(  761): Module_system  sendModuleId 20  cCmdType 80  
12-16 13:53:51.922 D/Module_system(  761): ExtcarModuleToSysModule_Dispatch_Msg pBuf[0]:80,pBuf[1]:2
12-16 13:53:51.922 D/Module_system(  761): pBuf[0]=1,0,0,0,1,
12-16 13:53:51.922 D/Module_system(  761): halToSystem_Radar_Info_B b_Visible 1
12-16 13:53:51.922 D/Module_system(  761): [DYB702] setVisible(halToSystem_Radar_Info_B,true);
12-16 13:53:51.922 D/Module_system(  761): halToSystem_Radar_Info_BB b_Visible 1
12-16 13:53:51.922 D/golf_carinfo(  761): resCmd:0x82
12-16 13:53:51.922 D/AUDI    (  761): [analyseCarInfo] analyseCarInfo 1E 33 33 00 00 11 11 00 01 
12-16 13:53:51.922 D/Module_system(  761): Module_system  sendModuleId 20  cCmdType e1  
12-16 13:53:51.922 D/Module_system(  761): ExtcarModuleToSysModule_Dispatch_Msg pBuf[0]:e1,pBuf[1]:b
12-16 13:53:51.922 D/Module_system(  761): GetExtcarMsg_BENZ, param[0] = 0xb, param[1] = 0x3
12-16 13:53:51.922 D/Module_system(  761): systemToBackcarAppMsg p[0] = 0xa
12-16 13:53:51.922 D/golf_carinfo(  761): resCmd:0x82
12-16 13:53:51.922 D/AUDI    (  761): [analyseCarInfo] analyseCarInfo 01 90 
12-16 13:53:51.922 D/Module_extcar(  761): hdmi getCarMsgForSv_BENZ
12-16 13:53:51.922 D/Module_sv(  761): [getCarMsg_BENZ] Module_SVC200 14 01 00 
12-16 13:53:51.922 D/Module_sv(  761): pLocalParam->IsSVExist 0
12-16 13:53:51.922 D/Module_extcar(  761): extcarToSystem_StallStatus_BENZ, param = 0x0
12-16 13:53:51.922 D/Module_system(  761): Module_system  sendModuleId 20  cCmdType e1  
12-16 13:53:51.922 D/Module_system(  761): ExtcarModuleToSysModule_Dispatch_Msg pBuf[0]:e1,pBuf[1]:3
12-16 13:53:51.922 D/Module_system(  761): GetExtcarMsg_BENZ, param[0] = 0x3, param[1] = 0x0
12-16 13:53:51.922 D/Module_system(  761): systemToBackcarAppMsg p[0] = 0x1
12-16 13:53:51.924 D/dataxml (  688): handleControlUIMessage can't find id:462848
12-16 13:53:51.926 D/BackCarMsg( 2441): UPDATE_UI :FF550A00070122020000000100
12-16 13:53:51.934 D/serviceHAL(  761): 
12-16 13:53:51.934 D/serviceHAL(  761):  hardwareReadProc read ID:8
12-16 13:53:51.934 D/systemHAL(  761): 
12-16 13:53:51.934 D/systemHAL(  761): SYSTEM-HAL return  bytes to User: 22 87
12-16 13:53:51.934 D/Module_osd(  761): [getSystemMessage] p 40 87 
12-16 13:53:51.934 D/Module_osd(  761): [getFromSystemBatteryVoltage] v = [135]
12-16 13:53:51.939 D/BackCarMsg( 2441): UPDATE_UI :FF550A00070124020000000100
12-16 13:53:51.953 D/BackCarMsg( 2441): UPDATE_UI :FF550A00070125020000000100
12-16 13:53:51.967 D/BackCarMsg( 2441): UPDATE_UI :FF550A00070127020000000000
12-16 13:53:51.968 D/BackCarMsg( 2441): UPDATE_UI :FF550A00070421FF000100
12-16 13:53:51.968 D/BackCarMsg( 2441): UPDATE_UI :FF550A00070221020000000000
12-16 13:53:51.969 D/BackCarMsg( 2441): UPDATE_UI :FF550A00070422FF000100
12-16 13:53:51.969 D/BackCarMsg( 2441): UPDATE_UI :FF550A00070222020000000000
12-16 13:53:51.970 D/BackCarMsg( 2441): UPDATE_UI :FF550A00070424FF000100
12-16 13:53:51.970 D/BackCarMsg( 2441): UPDATE_UI :FF550A00070224020000000000
12-16 13:53:51.971 D/BackCarMsg( 2441): UPDATE_UI :FF550A00070425FF000100
12-16 13:53:51.971 D/BackCarMsg( 2441): UPDATE_UI :FF550A00070225020000000000
12-16 13:53:51.972 D/BackCarMsg( 2441): UPDATE_UI :FF550A00070427FF000100
12-16 13:53:51.972 D/BackCarMsg( 2441): UPDATE_UI :FF550A00070428FF000100
12-16 13:53:51.973 D/BackCarMsg( 2441): UPDATE_UI :FF550A0007042AFF000100
12-16 13:53:51.974 D/dataxml (  688): handleControlUIMessage can't find id:0
12-16 13:53:51.974 D/BackCarMsg( 2441): UPDATE_UI :FF550A0007042BFF000100
12-16 13:53:51.974 D/data    (  688): ----visible1
12-16 13:53:51.974 D/BackCarMsg( 2441): UPDATE_UI :FF550A0007022B020000000000
12-16 13:53:51.975 D/BackCarMsg( 2441): UPDATE_UI :FF550A00070024010000000600
12-16 13:53:51.976 D/DDD     ( 2441):  cmd 7 paramer[1] 1  tmpRadarShow 1
12-16 13:53:51.976 D/BackCarMsg( 2441): UPDATE_UI :FF550A00070025010000000200
12-16 13:53:51.977 D/BackCarMsg( 2441): UPDATE_UI :FF550A00070127010000000000
12-16 13:53:51.978 D/BackCarMsg( 2441): UPDATE_UI :FF550A00070128010000000000
12-16 13:53:51.978 D/BackCarMsg( 2441): UPDATE_UI :FF550A0007012A010000000000
12-16 13:53:51.979 D/dataxml (  688): handleControlUIMessage can't find id:0
12-16 13:53:51.979 D/dataxml (  688): handleControlUIMessage can't find id:0
12-16 13:53:51.979 D/BackCarMsg( 2441): UPDATE_UI :FF550A0007012B010000000000
12-16 13:53:51.980 D/BackCarMsg( 2441): UPDATE_UI :FF550A00070027010000000000
12-16 13:53:51.981 D/BackCarMsg( 2441): UPDATE_UI :FF550A00070028010000000000
12-16 13:53:51.982 D/BackCarMsg( 2441): UPDATE_UI :FF550A0007002A010000000000
12-16 13:53:51.982 D/BackCarMsg( 2441): UPDATE_UI :FF550A0007002B010000000000
12-16 13:53:51.983 D/dataxml (  688): handleControlUIMessage can't find id:0
12-16 13:53:51.983 D/BackCarMsg( 2441): UPDATE_UI :FF550800070120FF000100
12-16 13:53:51.983 D/dataxml (  688): handleControlUIMessage can't find id:0
12-16 13:53:51.984 D/BackCarMsg( 2441): UPDATE_UI :FF550A00070221010000000300
12-16 13:53:51.985 D/BackCarMsg( 2441): UPDATE_UI :FF550A00070222010000000300
12-16 13:53:51.986 D/BackCarMsg( 2441): UPDATE_UI :FF550A00070224010000000300
12-16 13:53:51.986 D/serviceHAL(  761): 
12-16 13:53:51.986 D/serviceHAL(  761):  hardwareReadProc read ID:14
12-16 13:53:51.986 D/golf_carinfo(  761): resCmd:0x82
12-16 13:53:51.986 D/serviceHAL(  761): 
12-16 13:53:51.986 D/serviceHAL(  761):  hardwareReadProc read ID:14
12-16 13:53:51.986 D/AUDI    (  761): [analyseCarInfo] analyseCarInfo 0F 01 1D 1B 1B 1B FF FF FF FF 30 30 30 34 FF FF FF 57 
12-16 13:53:51.986 D/AUDI    (  761): [getRadarStatus]  param =  01 1D 1B 1B 1B FF FF FF FF 30 30 30 34 FF FF FF 57 
12-16 13:53:51.986 D/Module_system(  761): Module_system  sendModuleId 20  cCmdType e1  
12-16 13:53:51.986 D/Module_system(  761): ExtcarModuleToSysModule_Dispatch_Msg pBuf[0]:e1,pBuf[1]:7
12-16 13:53:51.986 D/Module_system(  761): GetExtcarMsg_BENZ, param[0] = 0x7, param[1] = 0x1
12-16 13:53:51.986 D/Module_system(  761): systemToBackcarAppMsg p[0] = 0x7
12-16 13:53:51.986 D/Module_system(  761): Module_system  sendModuleId 20  cCmdType 80  
12-16 13:53:51.986 D/Module_system(  761): ExtcarModuleToSysModule_Dispatch_Msg pBuf[0]:80,pBuf[1]:0
12-16 13:53:51.986 D/Module_system(  761): pBuf[0]=0,3,7,7,3,
12-16 13:53:51.986 D/Module_system(  761): halToSystem_Radar_Info_F b_Visible 1
12-16 13:53:51.986 D/Module_system(  761): [DYB702] setVisible(halToSystem_Radar_Info_F,true);
12-16 13:53:51.986 D/Module_system(  761): halToSystem_Radar_Info_FF b_Visible 1
12-16 13:53:51.986 D/Module_system(  761): Module_system  sendModuleId 20  cCmdType 80  
12-16 13:53:51.986 D/Module_system(  761): ExtcarModuleToSysModule_Dispatch_Msg pBuf[0]:80,pBuf[1]:0
12-16 13:53:51.986 D/Module_system(  761): pBuf[0]=1,0,0,0,0,
12-16 13:53:51.986 D/Module_system(  761): halToSystem_Radar_Info_B b_Visible 1
12-16 13:53:51.986 D/Module_system(  761): halToSystem_Radar_Info_BB b_Visible 1
12-16 13:53:51.986 D/Module_sv(  761): [getCarMsg_BENZ] Module_SVC200 06 02 02 02 02 00 00 00 00 
12-16 13:53:51.986 D/Module_sv(  761): svc200 sendRadarMsgToSV200
12-16 13:53:51.986 D/Module_system(  761): Module_system  sendModuleId 20  cCmdType 80  
12-16 13:53:51.986 D/Module_system(  761): ExtcarModuleToSysModule_Dispatch_Msg pBuf[0]:80,pBuf[1]:2
12-16 13:53:51.986 D/BackCarMsg( 2441): UPDATE_UI :FF550A00070225010000000300
12-16 13:53:51.986 D/Module_system(  761): pBuf[0]=0,3,3,3,3,
12-16 13:53:51.986 D/Module_system(  761): halToSystem_Radar_Info_F b_Visible 1
12-16 13:53:51.986 D/Module_system(  761): [DYB702] setVisible(halToSystem_Radar_Info_F,true);
12-16 13:53:51.986 D/Module_system(  761): halToSystem_Radar_Info_FF b_Visible 1
12-16 13:53:51.986 D/Module_system(  761): Module_system  sendModuleId 20  cCmdType 80  
12-16 13:53:51.986 D/Module_system(  761): ExtcarModuleToSysModule_Dispatch_Msg pBuf[0]:80,pBuf[1]:2
12-16 13:53:51.986 D/Module_system(  761): pBuf[0]=1,0,0,0,1,
12-16 13:53:51.986 D/Module_system(  761): halToSystem_Radar_Info_B b_Visible 1
12-16 13:53:51.986 D/Module_system(  761): [DYB702] setVisible(halToSystem_Radar_Info_B,true);
12-16 13:53:51.986 D/Module_system(  761): halToSystem_Radar_Info_BB b_Visible 1
12-16 13:53:51.986 D/golf_carinfo(  761): resCmd:0x82
12-16 13:53:51.986 D/AUDI    (  761): [analyseCarInfo] analyseCarInfo 1E 11 11 00 00 11 11 00 01 
12-16 13:53:51.986 D/Module_system(  761): Module_system  sendModuleId 20  cCmdType e1  
12-16 13:53:51.986 D/Module_system(  761): ExtcarModuleToSysModule_Dispatch_Msg pBuf[0]:e1,pBuf[1]:b
12-16 13:53:51.986 D/Module_system(  761): GetExtcarMsg_BENZ, param[0] = 0xb, param[1] = 0x1
12-16 13:53:51.986 D/Module_system(  761): systemToBackcarAppMsg p[0] = 0xa
12-16 13:53:51.987 D/BackCarMsg( 2441): UPDATE_UI :FF550A00070321010000000300
12-16 13:53:51.988 D/BackCarMsg( 2441): UPDATE_UI :FF550A00070322010000000300
12-16 13:53:51.988 D/BackCarMsg( 2441): UPDATE_UI :FF550A00070324010000000300
12-16 13:53:51.989 D/BackCarMsg( 2441): UPDATE_UI :FF550A00070325010000000300
12-16 13:53:51.990 D/BackCarMsg( 2441): UPDATE_UI :FF550800070120FF000100
12-16 13:53:51.990 D/BackCarMsg( 2441): UPDATE_UI :FF550A00070227010000000000
12-16 13:53:51.991 D/BackCarMsg( 2441): UPDATE_UI :FF550A00070228010000000000
12-16 13:53:51.991 D/BackCarMsg( 2441): UPDATE_UI :FF550A0007022A010000000000
12-16 13:53:51.992 D/BackCarMsg( 2441): UPDATE_UI :FF550A0007022B010000000100
12-16 13:53:51.993 D/BackCarMsg( 2441): UPDATE_UI :FF550A00070327010000000000
12-16 13:53:51.993 D/BackCarMsg( 2441): UPDATE_UI :FF550A00070328010000000000
12-16 13:53:51.994 D/BackCarMsg( 2441): UPDATE_UI :FF550A0007032A010000000000
12-16 13:53:51.994 D/dataxml (  688): handleControlUIMessage can't find id:0
12-16 13:53:51.994 D/BackCarMsg( 2441): UPDATE_UI :FF550A0007032B010000000100
12-16 13:53:51.995 D/dataxml (  688): handleControlUIMessage can't find id:0
12-16 13:53:51.995 D/BackCarMsg( 2441): UPDATE_UI :FF551700071000FF0A0303030301000000010101010000000100
12-16 13:53:51.996 D/BackCarMsg( 2441): UPDATE_UI :FF550800071000FF070100
12-16 13:53:51.997 D/BackCarMsg( 2441): UPDATE_UI :FF550800070120FF000100
12-16 13:53:51.997 D/dataxml (  688): handleControlUIMessage can't find id:0
12-16 13:53:51.998 D/dataxml (  688): handleControlUIMessage can't find id:0
12-16 13:53:51.998 D/data    (  688): ----visible1
12-16 13:53:51.998 D/BackCarMsg( 2441): UPDATE_UI :FF550A00070121010000000200
12-16 13:53:51.999 D/dataxml (  688): handleControlUIMessage can't find id:459297
12-16 13:53:52.000 D/dataxml (  688): handleControlUIMessage can't find id:459298
12-16 13:53:52.001 D/dataxml (  688): handleControlUIMessage can't find id:459300
12-16 13:53:52.002 D/dataxml (  688): handleControlUIMessage can't find id:459301
12-16 13:53:52.002 D/dataxml (  688): handleControlUIMessage can't find id:0
12-16 13:53:52.003 D/dataxml (  688): handleControlUIMessage can't find id:0
12-16 13:53:52.003 D/dataxml (  688): handleControlUIMessage can't find id:459553
12-16 13:53:52.003 D/dataxml (  688): handleControlUIMessage can't find id:459554
12-16 13:53:52.005 D/dataxml (  688): handleControlUIMessage can't find id:459556
12-16 13:53:52.005 D/dataxml (  688): handleControlUIMessage can't find id:459557
12-16 13:53:52.006 D/dataxml (  688): handleControlUIMessage can't find id:0
12-16 13:53:52.006 D/dataxml (  688): handleControlUIMessage can't find id:0
12-16 13:53:52.006 D/data    (  688): ----visible1
12-16 13:53:52.007 D/dataxml (  688): handleControlUIMessage can't find id:459303
12-16 13:53:52.008 D/dataxml (  688): handleControlUIMessage can't find id:459304
12-16 13:53:52.008 D/dataxml (  688): handleControlUIMessage can't find id:459306
12-16 13:53:52.010 D/dataxml (  688): handleControlUIMessage can't find id:459307
12-16 13:53:52.010 D/dataxml (  688): handleControlUIMessage can't find id:0
12-16 13:53:52.010 D/dataxml (  688): handleControlUIMessage can't find id:0
12-16 13:53:52.011 D/dataxml (  688): handleControlUIMessage can't find id:459559
12-16 13:53:52.012 D/dataxml (  688): handleControlUIMessage can't find id:459560
12-16 13:53:52.012 D/dataxml (  688): handleControlUIMessage can't find id:459562
12-16 13:53:52.013 D/BackCarMsg( 2441): UPDATE_UI :FF550A00070122010000000600
12-16 13:53:52.013 D/dataxml (  688): handleControlUIMessage can't find id:459563
12-16 13:53:52.015 D/dataxml (  688): handleControlUIMessage can't find id:0
12-16 13:53:52.015 D/dataxml (  688): handleControlUIMessage can't find id:462848
12-16 13:53:52.016 D/dataxml (  688): handleControlUIMessage can't find id:462848
12-16 13:53:52.027 D/BackCarMsg( 2441): UPDATE_UI :FF550A00070124010000000600
12-16 13:53:52.041 D/BackCarMsg( 2441): UPDATE_UI :FF550A00070125010000000200
12-16 13:53:52.055 D/BackCarMsg( 2441): UPDATE_UI :FF550A00070021010000000200
12-16 13:53:52.056 D/BackCarMsg( 2441): UPDATE_UI :FF550A00070022010000000600
12-16 13:53:52.057 D/BackCarMsg( 2441): UPDATE_UI :FF550A00070024010000000600
12-16 13:53:52.057 D/BackCarMsg( 2441): UPDATE_UI :FF550A00070025010000000200
12-16 13:53:52.058 D/BackCarMsg( 2441): UPDATE_UI :FF550800070120FF000100
12-16 13:53:52.058 D/BackCarMsg( 2441): UPDATE_UI :FF550A00070127010000000100
12-16 13:53:52.059 D/BackCarMsg( 2441): UPDATE_UI :FF550A00070128010000000000
12-16 13:53:52.059 D/BackCarMsg( 2441): UPDATE_UI :FF550A0007012A010000000000
12-16 13:53:52.060 D/BackCarMsg( 2441): UPDATE_UI :FF550A0007012B010000000000
12-16 13:53:52.061 D/BackCarMsg( 2441): UPDATE_UI :FF550A00070027010000000100
12-16 13:53:52.062 D/BackCarMsg( 2441): UPDATE_UI :FF550A00070028010000000000
12-16 13:53:52.062 D/BackCarMsg( 2441): UPDATE_UI :FF550A0007002A010000000000
12-16 13:53:52.063 D/BackCarMsg( 2441): UPDATE_UI :FF550A0007002B010000000000
12-16 13:53:52.063 D/BackCarMsg( 2441): UPDATE_UI :FF550800070120FF000100
12-16 13:53:52.064 D/BackCarMsg( 2441): UPDATE_UI :FF550A00070221010000000300
12-16 13:53:52.065 D/BackCarMsg( 2441): UPDATE_UI :FF550A00070222010000000300
12-16 13:53:52.065 D/BackCarMsg( 2441): UPDATE_UI :FF550A00070224010000000300
12-16 13:53:52.066 D/BackCarMsg( 2441): UPDATE_UI :FF550A00070225010000000300
12-16 13:53:52.067 D/BackCarMsg( 2441): UPDATE_UI :FF550A00070321010000000300
12-16 13:53:52.067 D/BackCarMsg( 2441): UPDATE_UI :FF550A00070322010000000300
12-16 13:53:52.068 D/BackCarMsg( 2441): UPDATE_UI :FF550A00070324010000000300
12-16 13:53:52.068 D/dataxml (  688): handleControlUIMessage can't find id:462848
12-16 13:53:52.069 D/BackCarMsg( 2441): UPDATE_UI :FF550A00070325010000000300
12-16 13:53:52.069 D/dataxml (  688): handleControlUIMessage can't find id:0
12-16 13:53:52.069 D/BackCarMsg( 2441): UPDATE_UI :FF550800070120FF000100
12-16 13:53:52.069 D/data    (  688): ----visible1
12-16 13:53:52.070 D/BackCarMsg( 2441): UPDATE_UI :FF550A00070227010000000000
12-16 13:53:52.071 D/BackCarMsg( 2441): UPDATE_UI :FF550A00070228010000000000
12-16 13:53:52.072 D/BackCarMsg( 2441): UPDATE_UI :FF550A0007022A010000000000
12-16 13:53:52.072 D/BackCarMsg( 2441): UPDATE_UI :FF550A0007022B010000000100
12-16 13:53:52.073 D/dataxml (  688): handleControlUIMessage can't find id:0
12-16 13:53:52.073 D/BackCarMsg( 2441): UPDATE_UI :FF550A00070327010000000000
12-16 13:53:52.073 D/dataxml (  688): handleControlUIMessage can't find id:0
12-16 13:53:52.074 D/BackCarMsg( 2441): UPDATE_UI :FF550A00070328010000000000
12-16 13:53:52.075 D/BackCarMsg( 2441): UPDATE_UI :FF550A0007032A010000000000
12-16 13:53:52.075 D/BackCarMsg( 2441): UPDATE_UI :FF550A0007032B010000000100
12-16 13:53:52.076 D/dataxml (  688): handleControlUIMessage can't find id:0
12-16 13:53:52.076 D/BackCarMsg( 2441): UPDATE_UI :FF551700071000FF0A0303030301000000010101010000000100
12-16 13:53:52.076 D/dataxml (  688): handleControlUIMessage can't find id:0
12-16 13:53:52.077 D/BackCarMsg( 2441): UPDATE_UI :FF550800071000FF070100
12-16 13:53:52.077 D/BackCarMsg( 2441): UPDATE_UI :FF550800070120FF000100
12-16 13:53:52.078 D/BackCarMsg( 2441): UPDATE_UI :FF550A00070121010000000200
12-16 13:53:52.081 D/dataxml (  688): handleControlUIMessage can't find id:0
12-16 13:53:52.082 D/dataxml (  688): handleControlUIMessage can't find id:0
12-16 13:53:52.087 D/dalvikvm(  761): GC_CONCURRENT freed 414K, 48% free 1144K/2188K, paused 1ms+1ms, total 10ms
12-16 13:53:52.089 D/dataxml (  688): handleControlUIMessage can't find id:0
12-16 13:53:52.089 D/dataxml (  688): handleControlUIMessage can't find id:0
12-16 13:53:52.090 D/data    (  688): ----visible1
12-16 13:53:52.090 D/dataxml (  688): handleControlUIMessage can't find id:459297
12-16 13:53:52.091 D/dataxml (  688): handleControlUIMessage can't find id:459298
12-16 13:53:52.091 D/dataxml (  688): handleControlUIMessage can't find id:459300
12-16 13:53:52.092 D/dataxml (  688): handleControlUIMessage can't find id:459301
12-16 13:53:52.092 D/BackCarMsg( 2441): UPDATE_UI :FF550A00070122010000000600
12-16 13:53:52.093 D/dataxml (  688): handleControlUIMessage can't find id:0
12-16 13:53:52.093 D/dataxml (  688): handleControlUIMessage can't find id:0
12-16 13:53:52.094 D/dataxml (  688): handleControlUIMessage can't find id:459553
12-16 13:53:52.095 D/dataxml (  688): handleControlUIMessage can't find id:459554
12-16 13:53:52.095 D/dataxml (  688): handleControlUIMessage can't find id:459556
12-16 13:53:52.096 D/dataxml (  688): handleControlUIMessage can't find id:459557
12-16 13:53:52.096 D/dataxml (  688): handleControlUIMessage can't find id:0
12-16 13:53:52.096 D/dataxml (  688): handleControlUIMessage can't find id:0
12-16 13:53:52.096 D/data    (  688): ----visible1
12-16 13:53:52.097 D/dataxml (  688): handleControlUIMessage can't find id:459303
12-16 13:53:52.097 D/dataxml (  688): handleControlUIMessage can't find id:459304
12-16 13:53:52.098 D/dataxml (  688): handleControlUIMessage can't find id:459306
12-16 13:53:52.099 D/dataxml (  688): handleControlUIMessage can't find id:459307
12-16 13:53:52.099 D/dataxml (  688): handleControlUIMessage can't find id:0
12-16 13:53:52.099 D/dataxml (  688): handleControlUIMessage can't find id:0
12-16 13:53:52.100 D/dataxml (  688): handleControlUIMessage can't find id:459559
12-16 13:53:52.100 D/dataxml (  688): handleControlUIMessage can't find id:459560
12-16 13:53:52.101 D/dataxml (  688): handleControlUIMessage can't find id:459562
12-16 13:53:52.101 D/dataxml (  688): handleControlUIMessage can't find id:459563
12-16 13:53:52.102 D/dataxml (  688): handleControlUIMessage can't find id:0
12-16 13:53:52.102 D/dataxml (  688): handleControlUIMessage can't find id:462848
12-16 13:53:52.106 D/BackCarMsg( 2441): UPDATE_UI :FF550A00070124010000000600
12-16 13:53:52.120 D/BackCarMsg( 2441): UPDATE_UI :FF550A00070125010000000200
12-16 13:53:52.133 D/BackCarMsg( 2441): UPDATE_UI :FF550A00070021010000000200
12-16 13:53:52.134 D/BackCarMsg( 2441): UPDATE_UI :FF550A00070022010000000600
12-16 13:53:52.135 D/BackCarMsg( 2441): UPDATE_UI :FF550A00070024010000000600
12-16 13:53:52.135 D/BackCarMsg( 2441): UPDATE_UI :FF550A00070025010000000200
12-16 13:53:52.136 D/BackCarMsg( 2441): UPDATE_UI :FF550800070120FF000100
12-16 13:53:52.136 D/BackCarMsg( 2441): UPDATE_UI :FF550A00070127010000000100
12-16 13:53:52.137 D/BackCarMsg( 2441): UPDATE_UI :FF550A00070128010000000000
12-16 13:53:52.137 D/BackCarMsg( 2441): UPDATE_UI :FF550A0007012A010000000000
12-16 13:53:52.138 D/BackCarMsg( 2441): UPDATE_UI :FF550A0007012B010000000000
12-16 13:53:52.138 D/BackCarMsg( 2441): UPDATE_UI :FF550A00070027010000000100
12-16 13:53:52.139 D/BackCarMsg( 2441): UPDATE_UI :FF550A00070028010000000000
12-16 13:53:52.140 D/BackCarMsg( 2441): UPDATE_UI :FF550A0007002A010000000000
12-16 13:53:52.140 D/BackCarMsg( 2441): UPDATE_UI :FF550A0007002B010000000000
12-16 13:53:52.141 D/BackCarMsg( 2441): UPDATE_UI :FF550800070120FF000100
12-16 13:53:52.141 D/BackCarMsg( 2441): UPDATE_UI :FF550A00070221010000000300
12-16 13:53:52.142 D/BackCarMsg( 2441): UPDATE_UI :FF550A00070222010000000300
12-16 13:53:52.142 D/BackCarMsg( 2441): UPDATE_UI :FF550A00070224010000000300
12-16 13:53:52.143 D/BackCarMsg( 2441): UPDATE_UI :FF550A00070225010000000300
12-16 13:53:52.143 D/BackCarMsg( 2441): UPDATE_UI :FF550A00070321010000000300
12-16 13:53:52.144 D/DDDB    ( 2441):  0x0a  edgeRadar 
12-16 13:53:52.144 D/DDDD    ( 2441):  EdgeRadarDealWithData 18  1033331000111100010
12-16 13:53:52.144 D/BackCarMsg( 2441): UPDATE_UI :FF550A00070121020000000100
12-16 13:53:52.158 D/BackCarMsg( 2441): UPDATE_UI :FF550A00070122020000000100
12-16 13:53:52.172 D/mnl_linux( 3466): mtk_gps_sys_gps_mnl_callback: MTK_GPS_MSG_FIX_READY
12-16 13:53:52.172 D/MNLD    (  843): mnl_set_alarm: (0, 0x80000000, 5)
12-16 13:53:52.172 D/BackCarMsg( 2441): UPDATE_UI :FF550A00070124020000000100
12-16 13:53:52.175 D/gps_mtk_gps(  417): nmea_reader_parse: line = 980: GPS get accuracy from driver:4.400000
12-16 13:53:52.175 D/gps_mtk_gps(  417): nmea_reader_parse: line = 1044: Found 13 Satellites, mask = 0x909a5a10
12-16 13:53:52.177 D/GPS     (  554): count:11
12-16 13:53:52.177 D/GPS     (  915): count:11
12-16 13:53:52.180 D/PowerManagerService(  417): acquireWakeLockInternal: lock=1094777160, flags=0x1, tag="LocationManagerService", ws=null, uid=1000, pid=417
12-16 13:53:52.180 D/PowerManagerNotifier(  417): onWakeLockAcquired: flags=1, tag="LocationManagerService", ownerUid=1000, ownerPid=417, workSource=null
12-16 13:53:52.180 D/PowerManagerService(  417): updateWakeLockSummaryLocked: mWakefulness=Awake, mWakeLockSummary=0x1
12-16 13:53:52.182 D/PowerManagerService(  417): updateScreenStateLocked: mDisplayReady=true, newScreenState=2, mWakefulness=1, mWakeLockSummary=0x1, mUserActivitySummary=0x1, mBootCompleted=true
12-16 13:53:52.182 D/PowerManagerService(  417): handleSandman: canDream=true, mWakefulness=Awake
12-16 13:53:52.182 D/PowerManagerService(  417): releaseWakeLockInternal: lock=1094777160, flags=0x0
12-16 13:53:52.182 D/PowerManagerNotifier(  417): onWakeLockReleased: flags=1, tag="LocationManagerService", ownerUid=1000, ownerPid=417, workSource=null
12-16 13:53:52.182 D/PowerManagerService(  417): updateWakeLockSummaryLocked: mWakefulness=Awake, mWakeLockSummary=0x1
12-16 13:53:52.182 D/PowerManagerService(  417): updateScreenStateLocked: mDisplayReady=true, newScreenState=2, mWakefulness=1, mWakeLockSummary=0x1, mUserActivitySummary=0x1, mBootCompleted=true
12-16 13:53:52.183 D/PowerManagerService(  417): handleSandman: canDream=true, mWakefulness=Awake
12-16 13:53:52.183 D/PowerManagerService(  417): acquireWakeLockInternal: lock=1094777160, flags=0x1, tag="LocationManagerService", ws=null, uid=1000, pid=417
12-16 13:53:52.183 D/PowerManagerNotifier(  417): onWakeLockAcquired: flags=1, tag="LocationManagerService", ownerUid=1000, ownerPid=417, workSource=null
12-16 13:53:52.183 D/PowerManagerService(  417): updateWakeLockSummaryLocked: mWakefulness=Awake, mWakeLockSummary=0x1
12-16 13:53:52.183 D/PowerManagerService(  417): updateScreenStateLocked: mDisplayReady=true, newScreenState=2, mWakefulness=1, mWakeLockSummary=0x1, mUserActivitySummary=0x1, mBootCompleted=true
12-16 13:53:52.183 D/PowerManagerService(  417): handleSandman: canDream=true, mWakefulness=Awake
12-16 13:53:52.184 D/PowerManagerService(  417): releaseWakeLockInternal: lock=1094777160, flags=0x0
12-16 13:53:52.184 D/PowerManagerNotifier(  417): onWakeLockReleased: flags=1, tag="LocationManagerService", ownerUid=1000, ownerPid=417, workSource=null
12-16 13:53:52.184 D/PowerManagerService(  417): updateWakeLockSummaryLocked: mWakefulness=Awake, mWakeLockSummary=0x1
12-16 13:53:52.184 D/PowerManagerService(  417): updateScreenStateLocked: mDisplayReady=true, newScreenState=2, mWakefulness=1, mWakeLockSummary=0x1, mUserActivitySummary=0x1, mBootCompleted=true
12-16 13:53:52.184 D/PowerManagerService(  417): acquireWakeLockInternal: lock=1094777160, flags=0x1, tag="LocationManagerService", ws=null, uid=1000, pid=417
12-16 13:53:52.184 D/PowerManagerNotifier(  417): onWakeLockAcquired: flags=1, tag="LocationManagerService", ownerUid=1000, ownerPid=417, workSource=null
12-16 13:53:52.185 D/PowerManagerService(  417): updateWakeLockSummaryLocked: mWakefulness=Awake, mWakeLockSummary=0x1
12-16 13:53:52.185 D/PowerManagerService(  417): updateScreenStateLocked: mDisplayReady=true, newScreenState=2, mWakefulness=1, mWakeLockSummary=0x1, mUserActivitySummary=0x1, mBootCompleted=true
12-16 13:53:52.185 D/PowerManagerService(  417): handleSandman: canDream=true, mWakefulness=Awake
12-16 13:53:52.185 D/PowerManagerService(  417): releaseWakeLockInternal: lock=1094777160, flags=0x0
12-16 13:53:52.185 D/PowerManagerNotifier(  417): onWakeLockReleased: flags=1, tag="LocationManagerService", ownerUid=1000, ownerPid=417, workSource=null
12-16 13:53:52.185 D/PowerManagerService(  417): updateWakeLockSummaryLocked: mWakefulness=Awake, mWakeLockSummary=0x1
12-16 13:53:52.185 D/PowerManagerService(  417): updateScreenStateLocked: mDisplayReady=true, newScreenState=2, mWakefulness=1, mWakeLockSummary=0x1, mUserActivitySummary=0x1, mBootCompleted=true
12-16 13:53:52.186 D/BackCarMsg( 2441): UPDATE_UI :FF550A00070125020000000100
12-16 13:53:52.186 D/PowerManagerService(  417): acquireWakeLockInternal: lock=1094777160, flags=0x1, tag="LocationManagerService", ws=null, uid=1000, pid=417
12-16 13:53:52.186 D/PowerManagerNotifier(  417): onWakeLockAcquired: flags=1, tag="LocationManagerService", ownerUid=1000, ownerPid=417, workSource=null
12-16 13:53:52.186 D/PowerManagerService(  417): updateWakeLockSummaryLocked: mWakefulness=Awake, mWakeLockSummary=0x1
12-16 13:53:52.186 D/PowerManagerService(  417): updateScreenStateLocked: mDisplayReady=true, newScreenState=2, mWakefulness=1, mWakeLockSummary=0x1, mUserActivitySummary=0x1, mBootCompleted=true
12-16 13:53:52.186 D/PowerManagerService(  417): handleSandman: canDream=true, mWakefulness=Awake
12-16 13:53:52.186 D/PowerManagerService(  417): releaseWakeLockInternal: lock=1094777160, flags=0x0
12-16 13:53:52.186 D/PowerManagerNotifier(  417): onWakeLockReleased: flags=1, tag="LocationManagerService", ownerUid=1000, ownerPid=417, workSource=null
12-16 13:53:52.186 D/PowerManagerService(  417): updateWakeLockSummaryLocked: mWakefulness=Awake, mWakeLockSummary=0x1
12-16 13:53:52.186 D/PowerManagerService(  417): updateScreenStateLocked: mDisplayReady=true, newScreenState=2, mWakefulness=1, mWakeLockSummary=0x1, mUserActivitySummary=0x1, mBootCompleted=true
12-16 13:53:52.188 D/PowerManagerService(  417): acquireWakeLockInternal: lock=1094777160, flags=0x1, tag="LocationManagerService", ws=null, uid=1000, pid=417
12-16 13:53:52.188 D/PowerManagerNotifier(  417): onWakeLockAcquired: flags=1, tag="LocationManagerService", ownerUid=1000, ownerPid=417, workSource=null
12-16 13:53:52.188 D/PowerManagerService(  417): updateWakeLockSummaryLocked: mWakefulness=Awake, mWakeLockSummary=0x1
12-16 13:53:52.188 D/PowerManagerService(  417): updateScreenStateLocked: mDisplayReady=true, newScreenState=2, mWakefulness=1, mWakeLockSummary=0x1, mUserActivitySummary=0x1, mBootCompleted=true
12-16 13:53:52.188 D/PowerManagerService(  417): handleSandman: canDream=true, mWakefulness=Awake
