12-16 13:53:52.200 D/BackCarMsg( 2441): UPDATE_UI :FF550A00070127020000000000
12-16 13:53:52.201 D/BackCarMsg( 2441): UPDATE_UI :FF550A00070421FF000100
12-16 13:53:52.202 D/BackCarMsg( 2441): UPDATE_UI :FF550A00070221020000000000
12-16 13:53:52.203 D/BackCarMsg( 2441): UPDATE_UI :FF550A00070422FF000100
12-16 13:53:52.204 D/BackCarMsg( 2441): UPDATE_UI :FF550A00070222020000000000
12-16 13:53:52.205 D/BackCarMsg( 2441): UPDATE_UI :FF550A00070424FF000100
12-16 13:53:52.206 D/BackCarMsg( 2441): UPDATE_UI :FF550A00070224020000000000
12-16 13:53:52.207 D/BackCarMsg( 2441): UPDATE_UI :FF550A00070425FF000100
12-16 13:53:52.208 D/BackCarMsg( 2441): UPDATE_UI :FF550A00070225020000000000
12-16 13:53:52.208 D/PowerManagerService(  417): releaseWakeLockInternal: lock=1094777160, flags=0x0
12-16 13:53:52.208 D/PowerManagerNotifier(  417): onWakeLockReleased: flags=1, tag="LocationManagerService", ownerUid=1000, ownerPid=417, workSource=null
12-16 13:53:52.208 D/PowerManagerService(  417): updateWakeLockSummaryLocked: mWakefulness=Awake, mWakeLockSummary=0x1
12-16 13:53:52.208 D/PowerManagerService(  417): updateScreenStateLocked: mDisplayReady=true, newScreenState=2, mWakefulness=1, mWakeLockSummary=0x1, mUserActivitySummary=0x1, mBootCompleted=true
12-16 13:53:52.208 D/PowerManagerService(  417): handleSandman: canDream=true, mWakefulness=Awake
12-16 13:53:52.209 D/BackCarMsg( 2441): UPDATE_UI :FF550A00070427FF000100
12-16 13:53:52.209 D/BackCarMsg( 2441): UPDATE_UI :FF550A00070428FF000100
12-16 13:53:52.210 D/BackCarMsg( 2441): UPDATE_UI :FF550A0007042AFF000100
12-16 13:53:52.211 D/BackCarMsg( 2441): UPDATE_UI :FF550A0007042BFF000100
12-16 13:53:52.212 D/BackCarMsg( 2441): UPDATE_UI :FF550A0007022B020000000000
12-16 13:53:52.213 D/BackCarMsg( 2441): UPDATE_UI :FF550A00070322010000000300
12-16 13:53:52.213 D/DDD     ( 2441):  cmd 7 paramer[1] 1  tmpRadarShow 1
12-16 13:53:52.213 D/BackCarMsg( 2441): UPDATE_UI :FF550A00070324010000000300
12-16 13:53:52.214 D/BackCarMsg( 2441): UPDATE_UI :FF550A00070325010000000300
12-16 13:53:52.215 D/BackCarMsg( 2441): UPDATE_UI :FF550800070120FF000100
12-16 13:53:52.216 D/BackCarMsg( 2441): UPDATE_UI :FF550A00070227010000000000
12-16 13:53:52.217 D/BackCarMsg( 2441): UPDATE_UI :FF550A00070228010000000000
12-16 13:53:52.218 D/BackCarMsg( 2441): UPDATE_UI :FF550A0007022A010000000000
12-16 13:53:52.219 D/BackCarMsg( 2441): UPDATE_UI :FF550A0007022B010000000100
12-16 13:53:52.220 D/BackCarMsg( 2441): UPDATE_UI :FF550A00070327010000000000
12-16 13:53:52.221 D/BackCarMsg( 2441): UPDATE_UI :FF550A00070328010000000000
12-16 13:53:52.222 D/BackCarMsg( 2441): UPDATE_UI :FF550A0007032A010000000000
12-16 13:53:52.222 D/BackCarMsg( 2441): UPDATE_UI :FF550A0007032B010000000100
12-16 13:53:52.224 D/BackCarMsg( 2441): UPDATE_UI :FF551700071000FF0A0303030301000000010101010000000100
12-16 13:53:52.224 D/BackCarMsg( 2441): UPDATE_UI :FF550800071000FF070100
12-16 13:53:52.225 D/BackCarMsg( 2441): UPDATE_UI :FF550800070120FF000100
12-16 13:53:52.226 D/BackCarMsg( 2441): UPDATE_UI :FF550A00070121010000000200
12-16 13:53:52.240 D/BackCarMsg( 2441): UPDATE_UI :FF550A00070122010000000600
12-16 13:53:52.251 D/dalvikvm(  417): GC_CONCURRENT freed 1629K, 25% free 8621K/11400K, paused 3ms+9ms, total 62ms
12-16 13:53:52.263 D/BackCarMsg( 2441): UPDATE_UI :FF550A00070124010000000600
12-16 13:53:52.274 E/baidumapsdk( 3273): Authentication Error errorcode: -1 uid: -1 appid -1 msg: Current network is not available.
12-16 13:53:52.277 D/BackCarMsg( 2441): UPDATE_UI :FF550A00070125010000000200
12-16 13:53:52.291 D/BackCarMsg( 2441): UPDATE_UI :FF550A00070021010000000200
12-16 13:53:52.291 I/Module_timer(  761): cmd:30 sendModuleId:40
12-16 13:53:52.291 D/Module_timer(  761): deleteTimer:timer:3
12-16 13:53:52.291 D/Module_timer(  761): number:6
12-16 13:53:52.291 D/Module_timer(  761): moduleId[0]:2 index:6
12-16 13:53:52.291 D/Module_timer(  761): moduleId[1]:20 index:6
12-16 13:53:52.291 D/Module_timer(  761): moduleId[2]:20 index:10
12-16 13:53:52.291 D/Module_timer(  761): moduleId[3]:40 index:3
12-16 13:53:52.291 D/Module_timer(  761): moduleId:40 timerId[3].moduleId:40
12-16 13:53:52.291 D/Module_timer(  761): index:3 timerId[3].index3
12-16 13:53:52.292 I/Module_timer(  761): cmd:20 sendModuleId:40
12-16 13:53:52.292 D/BackCarMsg( 2441): UPDATE_UI :FF550A00070022010000000600
12-16 13:53:52.293 D/BackCarMsg( 2441): UPDATE_UI :FF550A00070024010000000600
12-16 13:53:52.293 D/BackCarMsg( 2441): UPDATE_UI :FF550A00070025010000000200
12-16 13:53:52.294 D/BackCarMsg( 2441): UPDATE_UI :FF550A00070127010000000000
12-16 13:53:52.295 D/BackCarMsg( 2441): UPDATE_UI :FF550A00070128010000000000
12-16 13:53:52.296 D/BackCarMsg( 2441): UPDATE_UI :FF550A0007012A010000000000
12-16 13:53:52.297 D/BackCarMsg( 2441): UPDATE_UI :FF550A0007012B010000000000
12-16 13:53:52.298 D/BackCarMsg( 2441): UPDATE_UI :FF550A00070027010000000000
12-16 13:53:52.298 D/BackCarMsg( 2441): UPDATE_UI :FF550A00070028010000000000
12-16 13:53:52.299 D/BackCarMsg( 2441): UPDATE_UI :FF550A0007002A010000000000
12-16 13:53:52.300 D/BackCarMsg( 2441): UPDATE_UI :FF550A0007002B010000000000
12-16 13:53:52.300 D/BackCarMsg( 2441): UPDATE_UI :FF550800070120FF000100
12-16 13:53:52.301 D/BackCarMsg( 2441): UPDATE_UI :FF550A00070221010000000300
12-16 13:53:52.302 D/BackCarMsg( 2441): UPDATE_UI :FF550A00070222010000000300
12-16 13:53:52.302 D/BackCarMsg( 2441): UPDATE_UI :FF550A00070224010000000300
12-16 13:53:52.303 D/BackCarMsg( 2441): UPDATE_UI :FF550A00070225010000000300
12-16 13:53:52.304 D/BackCarMsg( 2441): UPDATE_UI :FF550A00070321010000000300
12-16 13:53:52.305 D/BackCarMsg( 2441): UPDATE_UI :FF550A00070322010000000300
12-16 13:53:52.305 D/BackCarMsg( 2441): UPDATE_UI :FF550A00070324010000000300
12-16 13:53:52.306 D/BackCarMsg( 2441): UPDATE_UI :FF550A00070325010000000300
12-16 13:53:52.307 D/BackCarMsg( 2441): UPDATE_UI :FF550800070120FF000100
12-16 13:53:52.308 D/BackCarMsg( 2441): UPDATE_UI :FF550A00070227010000000000
12-16 13:53:52.308 D/BackCarMsg( 2441): UPDATE_UI :FF550A00070228010000000000
12-16 13:53:52.309 D/BackCarMsg( 2441): UPDATE_UI :FF550A0007022A010000000000
12-16 13:53:52.310 D/BackCarMsg( 2441): UPDATE_UI :FF550A0007022B010000000100
12-16 13:53:52.311 D/BackCarMsg( 2441): UPDATE_UI :FF550A00070327010000000000
12-16 13:53:52.311 D/BackCarMsg( 2441): UPDATE_UI :FF550A00070328010000000000
12-16 13:53:52.312 D/BackCarMsg( 2441): UPDATE_UI :FF550A0007032A010000000000
12-16 13:53:52.313 D/BackCarMsg( 2441): UPDATE_UI :FF550A0007032B010000000100
12-16 13:53:52.313 D/BackCarMsg( 2441): UPDATE_UI :FF551700071000FF0A0303030301000000010101010000000100
12-16 13:53:52.314 D/BackCarMsg( 2441): UPDATE_UI :FF550800070600FF000100
12-16 13:53:52.315 D/BackCarMsg( 2441): UPDATE_UI :FF550A00070600010000010000
12-16 13:53:52.315 I/FlyBackCarMainView( 2441): data [10] = 1 data[11] 0 data[12] 0  0
12-16 13:53:52.316 D/BackCarMsg( 2441): UPDATE_UI :FF550800071000FF070100
12-16 13:53:52.316 D/DDDB    ( 2441):  0x0a  edgeRadar 
12-16 13:53:52.316 D/DDDD    ( 2441):  EdgeRadarDealWithData 18  1033331000111100010
12-16 13:53:52.316 D/BackCarMsg( 2441): UPDATE_UI :FF550A00070121020000000100
12-16 13:53:52.340 D/BackCarMsg( 2441): UPDATE_UI :FF550A00070122020000000100
12-16 13:53:52.356 D/dalvikvm( 2441): GC_CONCURRENT freed 1970K, 18% free 21675K/26280K, paused 2ms+5ms, total 38ms
12-16 13:53:52.364 D/BackCarMsg( 2441): UPDATE_UI :FF550A00070124020000000100
12-16 13:53:52.380 D/BackCarMsg( 2441): UPDATE_UI :FF550A00070125020000000100
12-16 13:53:52.396 D/BackCarMsg( 2441): UPDATE_UI :FF550A00070127020000000000
12-16 13:53:52.398 D/BackCarMsg( 2441): UPDATE_UI :FF550A00070421FF000100
12-16 13:53:52.398 D/BackCarMsg( 2441): UPDATE_UI :FF550A00070221020000000000
12-16 13:53:52.399 D/BackCarMsg( 2441): UPDATE_UI :FF550A00070422FF000100
12-16 13:53:52.400 D/BackCarMsg( 2441): UPDATE_UI :FF550A00070222020000000000
12-16 13:53:52.401 D/BackCarMsg( 2441): UPDATE_UI :FF550A00070424FF000100
12-16 13:53:52.402 D/BackCarMsg( 2441): UPDATE_UI :FF550A00070224020000000000
12-16 13:53:52.402 D/BackCarMsg( 2441): UPDATE_UI :FF550A00070425FF000100
12-16 13:53:52.403 D/BackCarMsg( 2441): UPDATE_UI :FF550A00070225020000000000
12-16 13:53:52.404 D/BackCarMsg( 2441): UPDATE_UI :FF550A00070427FF000100
12-16 13:53:52.405 D/BackCarMsg( 2441): UPDATE_UI :FF550A00070428FF000100
12-16 13:53:52.406 D/BackCarMsg( 2441): UPDATE_UI :FF550A0007042AFF000100
12-16 13:53:52.406 D/BackCarMsg( 2441): UPDATE_UI :FF550A0007042BFF000100
12-16 13:53:52.407 D/BackCarMsg( 2441): UPDATE_UI :FF550A0007022B020000000000
12-16 13:53:52.408 D/BackCarMsg( 2441): UPDATE_UI :FF550800070120FF000100
12-16 13:53:52.409 D/DDD     ( 2441):  cmd 7 paramer[1] 1  tmpRadarShow 1
12-16 13:53:52.409 D/BackCarMsg( 2441): UPDATE_UI :FF550A00070121010000000200
12-16 13:53:52.425 D/BackCarMsg( 2441): UPDATE_UI :FF550A00070122010000000600
12-16 13:53:52.442 D/BackCarMsg( 2441): UPDATE_UI :FF550A00070124010000000600
12-16 13:53:52.458 D/BackCarMsg( 2441): UPDATE_UI :FF550A00070125010000000200
12-16 13:53:52.474 D/BackCarMsg( 2441): UPDATE_UI :FF550A00070021010000000200
12-16 13:53:52.475 D/BackCarMsg( 2441): UPDATE_UI :FF550A00070022010000000600
12-16 13:53:52.476 D/BackCarMsg( 2441): UPDATE_UI :FF550A00070024010000000600
12-16 13:53:52.477 D/BackCarMsg( 2441): UPDATE_UI :FF550A00070025010000000200
12-16 13:53:52.477 D/BackCarMsg( 2441): UPDATE_UI :FF550A00070127010000000000
12-16 13:53:52.478 D/BackCarMsg( 2441): UPDATE_UI :FF550A00070128010000000000
12-16 13:53:52.479 D/BackCarMsg( 2441): UPDATE_UI :FF550A0007012A010000000000
12-16 13:53:52.480 D/BackCarMsg( 2441): UPDATE_UI :FF550A0007012B010000000000
12-16 13:53:52.481 D/BackCarMsg( 2441): UPDATE_UI :FF550A00070027010000000000
12-16 13:53:52.482 D/BackCarMsg( 2441): UPDATE_UI :FF550A00070028010000000000
12-16 13:53:52.483 D/BackCarMsg( 2441): UPDATE_UI :FF550A0007002A010000000000
12-16 13:53:52.484 D/BackCarMsg( 2441): UPDATE_UI :FF550A0007002B010000000000
12-16 13:53:52.485 D/BackCarMsg( 2441): UPDATE_UI :FF550800070120FF000100
12-16 13:53:52.485 D/BackCarMsg( 2441): UPDATE_UI :FF550A00070221010000000300
12-16 13:53:52.486 D/BackCarMsg( 2441): UPDATE_UI :FF550A00070222010000000300
12-16 13:53:52.487 D/BackCarMsg( 2441): UPDATE_UI :FF550A00070224010000000300
12-16 13:53:52.488 D/BackCarMsg( 2441): UPDATE_UI :FF550A00070225010000000300
12-16 13:53:52.489 D/BackCarMsg( 2441): UPDATE_UI :FF550A00070321010000000300
12-16 13:53:52.490 D/BackCarMsg( 2441): UPDATE_UI :FF550A00070322010000000300
12-16 13:53:52.491 D/BackCarMsg( 2441): UPDATE_UI :FF550A00070324010000000300
12-16 13:53:52.492 D/BackCarMsg( 2441): UPDATE_UI :FF550A00070325010000000300
12-16 13:53:52.493 D/BackCarMsg( 2441): UPDATE_UI :FF550800070120FF000100
12-16 13:53:52.493 D/BackCarMsg( 2441): UPDATE_UI :FF550A00070227010000000000
12-16 13:53:52.494 D/BackCarMsg( 2441): UPDATE_UI :FF550A00070228010000000000
12-16 13:53:52.495 D/BackCarMsg( 2441): UPDATE_UI :FF550A0007022A010000000000
12-16 13:53:52.496 D/BackCarMsg( 2441): UPDATE_UI :FF550A0007022B010000000100
12-16 13:53:52.497 D/BackCarMsg( 2441): UPDATE_UI :FF550A00070327010000000000
12-16 13:53:52.498 D/BackCarMsg( 2441): UPDATE_UI :FF550A00070328010000000000
12-16 13:53:52.499 D/BackCarMsg( 2441): UPDATE_UI :FF550A0007032A010000000000
12-16 13:53:52.500 D/BackCarMsg( 2441): UPDATE_UI :FF550A0007032B010000000100
12-16 13:53:52.501 D/BackCarMsg( 2441): UPDATE_UI :FF551700071000FF0A0303030301000000010101010000000100
12-16 13:53:52.501 D/BackCarMsg( 2441): UPDATE_UI :FF550800071000FF070100
12-16 13:53:52.502 D/BackCarMsg( 2441): UPDATE_UI :FF550800070120FF000100
12-16 13:53:52.503 D/BackCarMsg( 2441): UPDATE_UI :FF550A00070121010000000200
12-16 13:53:52.519 D/BackCarMsg( 2441): UPDATE_UI :FF550A00070122010000000700
12-16 13:53:52.536 D/BackCarMsg( 2441): UPDATE_UI :FF550A00070124010000000700
12-16 13:53:52.552 D/BackCarMsg( 2441): UPDATE_UI :FF550A00070125010000000300
12-16 13:53:52.568 D/BackCarMsg( 2441): UPDATE_UI :FF550A00070021010000000200
12-16 13:53:52.569 D/BackCarMsg( 2441): UPDATE_UI :FF550A00070022010000000700
12-16 13:53:52.570 D/BackCarMsg( 2441): UPDATE_UI :FF550A00070024010000000700
12-16 13:53:52.571 D/BackCarMsg( 2441): UPDATE_UI :FF550A00070025010000000300
12-16 13:53:52.572 D/BackCarMsg( 2441): UPDATE_UI :FF550A00070127010000000000
12-16 13:53:52.573 D/BackCarMsg( 2441): UPDATE_UI :FF550A00070128010000000000
12-16 13:53:52.574 D/BackCarMsg( 2441): UPDATE_UI :FF550A0007012A010000000000
12-16 13:53:52.575 D/BackCarMsg( 2441): UPDATE_UI :FF550A0007012B010000000000
12-16 13:53:52.576 D/BackCarMsg( 2441): UPDATE_UI :FF550A00070027010000000000
12-16 13:53:52.577 D/BackCarMsg( 2441): UPDATE_UI :FF550A00070028010000000000
12-16 13:53:52.577 D/BackCarMsg( 2441): UPDATE_UI :FF550A0007002A010000000000
12-16 13:53:52.578 D/BackCarMsg( 2441): UPDATE_UI :FF550A0007002B010000000000
12-16 13:53:52.579 D/BackCarMsg( 2441): UPDATE_UI :FF550800070120FF000100
12-16 13:53:52.580 D/BackCarMsg( 2441): UPDATE_UI :FF550A00070221010000000300
12-16 13:53:52.581 D/BackCarMsg( 2441): UPDATE_UI :FF550A00070222010000000300
12-16 13:53:52.582 D/BackCarMsg( 2441): UPDATE_UI :FF550A00070224010000000300
12-16 13:53:52.583 D/BackCarMsg( 2441): UPDATE_UI :FF550A00070225010000000300
12-16 13:53:52.584 D/BackCarMsg( 2441): UPDATE_UI :FF550A00070321010000000300
12-16 13:53:52.585 D/BackCarMsg( 2441): UPDATE_UI :FF550A00070322010000000300
12-16 13:53:52.586 D/BackCarMsg( 2441): UPDATE_UI :FF550A00070324010000000300
12-16 13:53:52.587 D/BackCarMsg( 2441): UPDATE_UI :FF550A00070325010000000300
12-16 13:53:52.588 D/BackCarMsg( 2441): UPDATE_UI :FF550800070120FF000100
12-16 13:53:52.588 D/BackCarMsg( 2441): UPDATE_UI :FF550A00070227010000000000
12-16 13:53:52.589 D/BackCarMsg( 2441): UPDATE_UI :FF550A00070228010000000000
12-16 13:53:52.590 D/BackCarMsg( 2441): UPDATE_UI :FF550A0007022A010000000000
12-16 13:53:52.591 D/BackCarMsg( 2441): UPDATE_UI :FF550A0007022B010000000100
12-16 13:53:52.592 D/BackCarMsg( 2441): UPDATE_UI :FF550A00070327010000000000
12-16 13:53:52.593 D/BackCarMsg( 2441): UPDATE_UI :FF550A00070328010000000000
12-16 13:53:52.594 D/BackCarMsg( 2441): UPDATE_UI :FF550A0007032A010000000000
12-16 13:53:52.595 D/BackCarMsg( 2441): UPDATE_UI :FF550A0007032B010000000100
12-16 13:53:52.596 D/BackCarMsg( 2441): UPDATE_UI :FF551700071000FF0A0303030301000000010101010000000100
12-16 13:53:52.596 D/DDDB    ( 2441):  0x0a  edgeRadar 
12-16 13:53:52.597 D/DDDD    ( 2441):  EdgeRadarDealWithData 18  1033331000111100010
12-16 13:53:52.597 D/BackCarMsg( 2441): UPDATE_UI :FF550A00070121020000000100
12-16 13:53:52.613 D/BackCarMsg( 2441): UPDATE_UI :FF550A00070122020000000100
12-16 13:53:52.629 D/BackCarMsg( 2441): UPDATE_UI :FF550A00070124020000000100
12-16 13:53:52.645 D/BackCarMsg( 2441): UPDATE_UI :FF550A00070125020000000100
12-16 13:53:52.661 D/BackCarMsg( 2441): UPDATE_UI :FF550A00070127020000000000
12-16 13:53:52.662 D/BackCarMsg( 2441): UPDATE_UI :FF550A00070421FF000100
12-16 13:53:52.662 D/BackCarMsg( 2441): UPDATE_UI :FF550A00070221020000000000
12-16 13:53:52.663 D/BackCarMsg( 2441): UPDATE_UI :FF550A00070422FF000100
12-16 13:53:52.664 D/BackCarMsg( 2441): UPDATE_UI :FF550A00070222020000000000
12-16 13:53:52.664 D/BackCarMsg( 2441): UPDATE_UI :FF550A00070424FF000100
12-16 13:53:52.665 D/BackCarMsg( 2441): UPDATE_UI :FF550A00070224020000000000
12-16 13:53:52.666 D/BackCarMsg( 2441): UPDATE_UI :FF550A00070425FF000100
12-16 13:53:52.667 D/BackCarMsg( 2441): UPDATE_UI :FF550A00070225020000000000
12-16 13:53:52.667 D/BackCarMsg( 2441): UPDATE_UI :FF550A00070427FF000100
12-16 13:53:52.668 D/BackCarMsg( 2441): UPDATE_UI :FF550A00070428FF000100
12-16 13:53:52.669 D/BackCarMsg( 2441): UPDATE_UI :FF550A0007042AFF000100
12-16 13:53:52.669 D/BackCarMsg( 2441): UPDATE_UI :FF550A0007042BFF000100
12-16 13:53:52.670 D/BackCarMsg( 2441): UPDATE_UI :FF550A0007022B020000000000
12-16 13:53:52.671 D/DDD     ( 2441):  cmd 7 paramer[1] 1  tmpRadarShow 1
12-16 13:53:52.671 D/BackCarMsg( 2441): UPDATE_UI :FF550800071000FF070100
12-16 13:53:52.672 D/BackCarMsg( 2441): UPDATE_UI :FF550800070120FF000100
12-16 13:53:52.672 D/BackCarMsg( 2441): UPDATE_UI :FF550A00070121010000000200
12-16 13:53:52.689 D/BackCarMsg( 2441): UPDATE_UI :FF550A00070122010000000700
12-16 13:53:52.705 D/BackCarMsg( 2441): UPDATE_UI :FF550A00070124010000000700
12-16 13:53:52.721 D/BackCarMsg( 2441): UPDATE_UI :FF550A00070125010000000300
12-16 13:53:52.737 D/BackCarMsg( 2441): UPDATE_UI :FF550A00070021010000000200
12-16 13:53:52.738 D/BackCarMsg( 2441): UPDATE_UI :FF550A00070022010000000700
12-16 13:53:52.739 D/BackCarMsg( 2441): UPDATE_UI :FF550A00070024010000000700
12-16 13:53:52.739 D/BackCarMsg( 2441): UPDATE_UI :FF550A00070025010000000300
12-16 13:53:52.740 D/BackCarMsg( 2441): UPDATE_UI :FF550A00070127010000000000
12-16 13:53:52.741 D/BackCarMsg( 2441): UPDATE_UI :FF550A00070128010000000000
12-16 13:53:52.742 D/BackCarMsg( 2441): UPDATE_UI :FF550A0007012A010000000000
12-16 13:53:52.743 D/BackCarMsg( 2441): UPDATE_UI :FF550A0007012B010000000000
12-16 13:53:52.743 D/BackCarMsg( 2441): UPDATE_UI :FF550A00070027010000000000
12-16 13:53:52.744 D/BackCarMsg( 2441): UPDATE_UI :FF550A00070028010000000000
12-16 13:53:52.745 D/BackCarMsg( 2441): UPDATE_UI :FF550A0007002A010000000000
12-16 13:53:52.746 D/BackCarMsg( 2441): UPDATE_UI :FF550A0007002B010000000000
12-16 13:53:52.746 D/BackCarMsg( 2441): UPDATE_UI :FF550800070120FF000100
12-16 13:53:52.747 D/BackCarMsg( 2441): UPDATE_UI :FF550A00070221010000000300
12-16 13:53:52.748 D/BackCarMsg( 2441): UPDATE_UI :FF550A00070222010000000300
12-16 13:53:52.749 D/BackCarMsg( 2441): UPDATE_UI :FF550A00070224010000000300
12-16 13:53:52.749 D/BackCarMsg( 2441): UPDATE_UI :FF550A00070225010000000300
12-16 13:53:52.750 D/BackCarMsg( 2441): UPDATE_UI :FF550A00070321010000000300
12-16 13:53:52.751 D/BackCarMsg( 2441): UPDATE_UI :FF550A00070322010000000300
12-16 13:53:52.752 D/BackCarMsg( 2441): UPDATE_UI :FF550A00070324010000000300
12-16 13:53:52.752 D/BackCarMsg( 2441): UPDATE_UI :FF550A00070325010000000300
12-16 13:53:52.753 D/BackCarMsg( 2441): UPDATE_UI :FF550800070120FF000100
12-16 13:53:52.754 D/BackCarMsg( 2441): UPDATE_UI :FF550A00070227010000000000
12-16 13:53:52.755 D/BackCarMsg( 2441): UPDATE_UI :FF550A00070228010000000000
12-16 13:53:52.755 D/BackCarMsg( 2441): UPDATE_UI :FF550A0007022A010000000000
12-16 13:53:52.756 D/BackCarMsg( 2441): UPDATE_UI :FF550A0007022B010000000100
12-16 13:53:52.757 D/BackCarMsg( 2441): UPDATE_UI :FF550A00070327010000000000
12-16 13:53:52.758 D/BackCarMsg( 2441): UPDATE_UI :FF550A00070328010000000000
12-16 13:53:52.758 D/BackCarMsg( 2441): UPDATE_UI :FF550A0007032A010000000000
12-16 13:53:52.759 D/BackCarMsg( 2441): UPDATE_UI :FF550A0007032B010000000100
12-16 13:53:52.760 D/BackCarMsg( 2441): UPDATE_UI :FF551700071000FF0A0303030301000000010101010000000100
12-16 13:53:52.761 D/BackCarMsg( 2441): UPDATE_UI :FF550800071000FF070100
12-16 13:53:52.761 D/BackCarMsg( 2441): UPDATE_UI :FF550800070120FF000100
12-16 13:53:52.762 D/BackCarMsg( 2441): UPDATE_UI :FF550A00070121010000000300
12-16 13:53:52.779 D/BackCarMsg( 2441): UPDATE_UI :FF550A00070122010000000700
12-16 13:53:52.789 D/serviceHAL(  761): 
12-16 13:53:52.789 D/serviceHAL(  761):  hardwareReadProc read ID:8
12-16 13:53:52.795 D/BackCarMsg( 2441): UPDATE_UI :FF550A00070124010000000700
12-16 13:53:52.811 D/BackCarMsg( 2441): UPDATE_UI :FF550A00070125010000000300
12-16 13:53:52.827 D/BackCarMsg( 2441): UPDATE_UI :FF550A00070021010000000300
12-16 13:53:52.828 D/BackCarMsg( 2441): UPDATE_UI :FF550A00070022010000000700
12-16 13:53:52.829 D/BackCarMsg( 2441): UPDATE_UI :FF550A00070024010000000700
12-16 13:53:52.830 D/BackCarMsg( 2441): UPDATE_UI :FF550A00070025010000000300
12-16 13:53:52.830 D/DDDB    ( 2441):  0x0a  edgeRadar 
12-16 13:53:52.830 D/DDDD    ( 2441):  EdgeRadarDealWithData 18  1033331000111100010
12-16 13:53:52.831 D/BackCarMsg( 2441): UPDATE_UI :FF550A00070121020000000100
12-16 13:53:52.847 D/BackCarMsg( 2441): UPDATE_UI :FF550A00070122020000000100
12-16 13:53:52.856 I/Module_timer(  761): cmd:20 sendModuleId:2
12-16 13:53:52.856 D/serviceHAL(  761): 
12-16 13:53:52.856 D/serviceHAL(  761):  hardwareReadProc read ID:0
12-16 13:53:52.864 D/BackCarMsg( 2441): UPDATE_UI :FF550A00070124020000000100
12-16 13:53:52.879 D/BackCarMsg( 2441): UPDATE_UI :FF550A00070125020000000100
12-16 13:53:52.896 D/BackCarMsg( 2441): UPDATE_UI :FF550A00070127020000000000
12-16 13:53:52.897 D/BackCarMsg( 2441): UPDATE_UI :FF550A00070421FF000100
12-16 13:53:52.897 D/BackCarMsg( 2441): UPDATE_UI :FF550A00070221020000000000
12-16 13:53:52.898 D/BackCarMsg( 2441): UPDATE_UI :FF550A00070422FF000100
12-16 13:53:52.899 D/BackCarMsg( 2441): UPDATE_UI :FF550A00070222020000000000
12-16 13:53:52.900 D/BackCarMsg( 2441): UPDATE_UI :FF550A00070424FF000100
12-16 13:53:52.900 D/BackCarMsg( 2441): UPDATE_UI :FF550A00070224020000000000
12-16 13:53:52.901 D/BackCarMsg( 2441): UPDATE_UI :FF550A00070425FF000100
12-16 13:53:52.901 D/BackCarMsg( 2441): UPDATE_UI :FF550A00070225020000000000
12-16 13:53:52.902 D/BackCarMsg( 2441): UPDATE_UI :FF550A00070427FF000100
12-16 13:53:52.903 D/BackCarMsg( 2441): UPDATE_UI :FF550A00070428FF000100
12-16 13:53:52.904 D/BackCarMsg( 2441): UPDATE_UI :FF550A0007042AFF000100
12-16 13:53:52.904 D/BackCarMsg( 2441): UPDATE_UI :FF550A0007042BFF000100
12-16 13:53:52.905 D/BackCarMsg( 2441): UPDATE_UI :FF550A0007022B020000000000
12-16 13:53:52.906 D/BackCarMsg( 2441): UPDATE_UI :FF550A00070127010000000000
12-16 13:53:52.907 D/BackCarMsg( 2441): UPDATE_UI :FF550A00070128010000000000
12-16 13:53:52.907 D/BackCarMsg( 2441): UPDATE_UI :FF550A0007012A010000000000
12-16 13:53:52.908 D/BackCarMsg( 2441): UPDATE_UI :FF550A0007012B010000000000
12-16 13:53:52.909 D/BackCarMsg( 2441): UPDATE_UI :FF550A00070027010000000000
12-16 13:53:52.910 D/BackCarMsg( 2441): UPDATE_UI :FF550A00070028010000000000
12-16 13:53:52.911 D/BackCarMsg( 2441): UPDATE_UI :FF550A0007002A010000000000
12-16 13:53:52.912 D/BackCarMsg( 2441): UPDATE_UI :FF550A0007002B010000000000
12-16 13:53:52.912 D/BackCarMsg( 2441): UPDATE_UI :FF550800070120FF000100
12-16 13:53:52.913 D/BackCarMsg( 2441): UPDATE_UI :FF550A00070221010000000300
12-16 13:53:52.914 D/BackCarMsg( 2441): UPDATE_UI :FF550A00070222010000000300
12-16 13:53:52.915 D/BackCarMsg( 2441): UPDATE_UI :FF550A00070224010000000300
12-16 13:53:52.916 D/BackCarMsg( 2441): UPDATE_UI :FF550A00070225010000000300
12-16 13:53:52.916 D/BackCarMsg( 2441): UPDATE_UI :FF550A00070321010000000300
12-16 13:53:52.917 D/BackCarMsg( 2441): UPDATE_UI :FF550A00070322010000000300
12-16 13:53:52.918 D/BackCarMsg( 2441): UPDATE_UI :FF550A00070324010000000300
12-16 13:53:52.918 D/BackCarMsg( 2441): UPDATE_UI :FF550A00070325010000000300
12-16 13:53:52.919 D/BackCarMsg( 2441): UPDATE_UI :FF550800070120FF000100
12-16 13:53:52.920 D/BackCarMsg( 2441): UPDATE_UI :FF550A00070227010000000000
12-16 13:53:52.921 D/BackCarMsg( 2441): UPDATE_UI :FF550A00070228010000000000
12-16 13:53:52.921 D/BackCarMsg( 2441): UPDATE_UI :FF550A0007022A010000000000
12-16 13:53:52.922 D/BackCarMsg( 2441): UPDATE_UI :FF550A0007022B010000000100
12-16 13:53:52.923 D/BackCarMsg( 2441): UPDATE_UI :FF550A00070327010000000000
12-16 13:53:52.924 D/BackCarMsg( 2441): UPDATE_UI :FF550A00070328010000000000
12-16 13:53:52.925 D/BackCarMsg( 2441): UPDATE_UI :FF550A0007032A010000000000
12-16 13:53:52.925 D/BackCarMsg( 2441): UPDATE_UI :FF550A0007032B010000000100
12-16 13:53:52.926 D/BackCarMsg( 2441): UPDATE_UI :FF551700071000FF0A0303030301000000010101010000000100
12-16 13:53:52.927 D/BackCarMsg( 2441): UPDATE_UI :FF550800070600FF000100
12-16 13:53:52.928 D/BackCarMsg( 2441): UPDATE_UI :FF550A00070600010000010000
12-16 13:53:52.928 I/FlyBackCarMainView( 2441): data [10] = 1 data[11] 0 data[12] 0  0
12-16 13:53:52.930 D/BackCarMsg( 2441): UPDATE_UI :FF550800071000FF070100
12-16 13:53:52.931 D/BackCarMsg( 2441): UPDATE_UI :FF550800070120FF000100
12-16 13:53:52.932 D/BackCarMsg( 2441): UPDATE_UI :FF550A00070121010000000300
12-16 13:53:52.935 D/serviceHAL(  761): 
12-16 13:53:52.935 D/serviceHAL(  761):  hardwareReadProc read ID:8
12-16 13:53:52.935 D/systemHAL(  761): 
12-16 13:53:52.935 D/systemHAL(  761): SYSTEM-HAL return  bytes to User: 22 87
12-16 13:53:52.935 D/Module_osd(  761): [getSystemMessage] p 40 87 
12-16 13:53:52.935 D/Module_osd(  761): [getFromSystemBatteryVoltage] v = [135]
12-16 13:53:52.953 D/dalvikvm( 2441): GC_CONCURRENT freed 2020K, 18% free 21616K/26280K, paused 2ms+4ms, total 25ms
12-16 13:53:52.955 D/BackCarMsg( 2441): UPDATE_UI :FF550A00070122010000000700
12-16 13:53:52.971 D/BackCarMsg( 2441): UPDATE_UI :FF550A00070124010000000700
12-16 13:53:52.986 D/BackCarMsg( 2441): UPDATE_UI :FF550A00070125010000000300
12-16 13:53:53.002 D/BackCarMsg( 2441): UPDATE_UI :FF550A00070021010000000300
12-16 13:53:53.003 D/BackCarMsg( 2441): UPDATE_UI :FF550A00070022010000000700
12-16 13:53:53.004 D/BackCarMsg( 2441): UPDATE_UI :FF550A00070024010000000700
12-16 13:53:53.005 D/BackCarMsg( 2441): UPDATE_UI :FF550A00070025010000000300
12-16 13:53:53.006 D/BackCarMsg( 2441): UPDATE_UI :FF550A00070127010000000000
12-16 13:53:53.007 D/BackCarMsg( 2441): UPDATE_UI :FF550A00070128010000000000
12-16 13:53:53.007 D/BackCarMsg( 2441): UPDATE_UI :FF550A0007012A010000000000
12-16 13:53:53.008 D/BackCarMsg( 2441): UPDATE_UI :FF550A0007012B010000000000
12-16 13:53:53.009 D/BackCarMsg( 2441): UPDATE_UI :FF550A00070027010000000000
12-16 13:53:53.010 D/BackCarMsg( 2441): UPDATE_UI :FF550A00070028010000000000
12-16 13:53:53.011 D/BackCarMsg( 2441): UPDATE_UI :FF550A0007002A010000000000
12-16 13:53:53.012 D/BackCarMsg( 2441): UPDATE_UI :FF550A0007002B010000000000
12-16 13:53:53.012 D/BackCarMsg( 2441): UPDATE_UI :FF550800070120FF000100
12-16 13:53:53.013 D/BackCarMsg( 2441): UPDATE_UI :FF550A00070221010000000300
12-16 13:53:53.014 D/BackCarMsg( 2441): UPDATE_UI :FF550A00070222010000000300
12-16 13:53:53.015 D/BackCarMsg( 2441): UPDATE_UI :FF550A00070224010000000300
12-16 13:53:53.016 D/BackCarMsg( 2441): UPDATE_UI :FF550A00070225010000000300
12-16 13:53:53.017 D/BackCarMsg( 2441): UPDATE_UI :FF550A00070321010000000300
12-16 13:53:53.017 D/BackCarMsg( 2441): UPDATE_UI :FF550A00070322010000000300
12-16 13:53:53.018 D/BackCarMsg( 2441): UPDATE_UI :FF550A00070324010000000300
12-16 13:53:53.019 D/BackCarMsg( 2441): UPDATE_UI :FF550A00070325010000000300
12-16 13:53:53.020 D/BackCarMsg( 2441): UPDATE_UI :FF550800070120FF000100
12-16 13:53:53.020 D/BackCarMsg( 2441): UPDATE_UI :FF550A00070227010000000000
12-16 13:53:53.021 D/BackCarMsg( 2441): UPDATE_UI :FF550A00070228010000000000
12-16 13:53:53.022 D/BackCarMsg( 2441): UPDATE_UI :FF550A0007022A010000000000
12-16 13:53:53.023 D/BackCarMsg( 2441): UPDATE_UI :FF550A0007022B010000000100
12-16 13:53:53.024 D/BackCarMsg( 2441): UPDATE_UI :FF550A00070327010000000000
12-16 13:53:53.024 D/BackCarMsg( 2441): UPDATE_UI :FF550A00070328010000000000
12-16 13:53:53.025 D/BackCarMsg( 2441): UPDATE_UI :FF550A0007032A010000000000
12-16 13:53:53.026 D/BackCarMsg( 2441): UPDATE_UI :FF550A0007032B010000000100
12-16 13:53:53.027 D/BackCarMsg( 2441): UPDATE_UI :FF551700071000FF0A0303030301000000010101010000000100
12-16 13:53:53.027 D/DDD     ( 2441):  cmd 7 paramer[1] 1  tmpRadarShow 1
12-16 13:53:53.028 D/BackCarMsg( 2441): UPDATE_UI :FF550800071000FF070100
12-16 13:53:53.028 D/BackCarMsg( 2441): UPDATE_UI :FF550800070120FF000100
12-16 13:53:53.029 D/BackCarMsg( 2441): UPDATE_UI :FF550A00070121010000000300
12-16 13:53:53.044 D/BackCarMsg( 2441): UPDATE_UI :FF550A00070122010000000700
12-16 13:53:53.058 D/BackCarMsg( 2441): UPDATE_UI :FF550A00070124010000000700
12-16 13:53:53.072 D/BackCarMsg( 2441): UPDATE_UI :FF550A00070125010000000300
12-16 13:53:53.086 D/BackCarMsg( 2441): UPDATE_UI :FF550A00070021010000000300
12-16 13:53:53.086 D/BackCarMsg( 2441): UPDATE_UI :FF550A00070022010000000700
12-16 13:53:53.087 D/BackCarMsg( 2441): UPDATE_UI :FF550A00070024010000000700
12-16 13:53:53.088 D/BackCarMsg( 2441): UPDATE_UI :FF550A00070025010000000300
12-16 13:53:53.089 D/BackCarMsg( 2441): UPDATE_UI :FF550A00070127010000000000
12-16 13:53:53.089 D/BackCarMsg( 2441): UPDATE_UI :FF550A00070128010000000000
12-16 13:53:53.090 D/BackCarMsg( 2441): UPDATE_UI :FF550A0007012A010000000000
12-16 13:53:53.091 D/BackCarMsg( 2441): UPDATE_UI :FF550A0007012B010000000000
12-16 13:53:53.092 D/BackCarMsg( 2441): UPDATE_UI :FF550A00070027010000000000
12-16 13:53:53.092 D/BackCarMsg( 2441): UPDATE_UI :FF550A00070028010000000000
12-16 13:53:53.093 D/BackCarMsg( 2441): UPDATE_UI :FF550A0007002A010000000000
12-16 13:53:53.094 D/BackCarMsg( 2441): UPDATE_UI :FF550A0007002B010000000000
12-16 13:53:53.094 D/BackCarMsg( 2441): UPDATE_UI :FF550800070120FF000100
12-16 13:53:53.095 D/BackCarMsg( 2441): UPDATE_UI :FF550A00070221010000000300
12-16 13:53:53.096 D/BackCarMsg( 2441): UPDATE_UI :FF550A00070222010000000300
12-16 13:53:53.097 D/BackCarMsg( 2441): UPDATE_UI :FF550A00070224010000000300
12-16 13:53:53.097 D/BackCarMsg( 2441): UPDATE_UI :FF550A00070225010000000300
12-16 13:53:53.098 D/BackCarMsg( 2441): UPDATE_UI :FF550A00070321010000000300
12-16 13:53:53.099 D/BackCarMsg( 2441): UPDATE_UI :FF550A00070322010000000300
12-16 13:53:53.100 D/BackCarMsg( 2441): UPDATE_UI :FF550A00070324010000000300
12-16 13:53:53.100 D/BackCarMsg( 2441): UPDATE_UI :FF550A00070325010000000300
12-16 13:53:53.101 D/BackCarMsg( 2441): UPDATE_UI :FF550800070120FF000100
12-16 13:53:53.102 D/BackCarMsg( 2441): UPDATE_UI :FF550A00070227010000000000
12-16 13:53:53.102 D/BackCarMsg( 2441): UPDATE_UI :FF550A00070228010000000000
12-16 13:53:53.103 D/BackCarMsg( 2441): UPDATE_UI :FF550A0007022A010000000000
12-16 13:53:53.104 D/BackCarMsg( 2441): UPDATE_UI :FF550A0007022B010000000100
12-16 13:53:53.105 D/BackCarMsg( 2441): UPDATE_UI :FF550A00070327010000000000
12-16 13:53:53.105 D/BackCarMsg( 2441): UPDATE_UI :FF550A00070328010000000000
12-16 13:53:53.106 D/BackCarMsg( 2441): UPDATE_UI :FF550A0007032A010000000000
12-16 13:53:53.107 D/BackCarMsg( 2441): UPDATE_UI :FF550A0007032B010000000100
12-16 13:53:53.108 D/BackCarMsg( 2441): UPDATE_UI :FF551700071000FF0A0303030301000000010101010000000100
12-16 13:53:53.108 D/BackCarMsg( 2441): UPDATE_UI :FF550800070600FF000100
12-16 13:53:53.109 D/BackCarMsg( 2441): UPDATE_UI :FF550A00070600010000010000
12-16 13:53:53.109 I/FlyBackCarMainView( 2441): data [10] = 1 data[11] 0 data[12] 0  0
12-16 13:53:53.110 D/BackCarMsg( 2441): UPDATE_UI :FF550800071000FF070100
12-16 13:53:53.110 D/BackCarMsg( 2441): UPDATE_UI :FF550800070120FF000100
12-16 13:53:53.111 D/BackCarMsg( 2441): UPDATE_UI :FF550A00070121010000000300
12-16 13:53:53.125 D/BackCarMsg( 2441): UPDATE_UI :FF550A00070122010000000700
12-16 13:53:53.139 D/BackCarMsg( 2441): UPDATE_UI :FF550A00070124010000000700
12-16 13:53:53.153 D/BackCarMsg( 2441): UPDATE_UI :FF550A00070125010000000300
12-16 13:53:53.168 D/BackCarMsg( 2441): UPDATE_UI :FF550A00070021010000000300
12-16 13:53:53.169 D/BackCarMsg( 2441): UPDATE_UI :FF550A00070022010000000700
12-16 13:53:53.172 D/mnl_linux( 3466): mtk_gps_sys_gps_mnl_callback: MTK_GPS_MSG_FIX_READY
12-16 13:53:53.172 D/MNLD    (  843): mnl_set_alarm: (0, 0x80000000, 5)
12-16 13:53:53.172 D/BackCarMsg( 2441): UPDATE_UI :FF550A00070024010000000700
12-16 13:53:53.173 D/BackCarMsg( 2441): UPDATE_UI :FF550A00070025010000000300
12-16 13:53:53.174 D/BackCarMsg( 2441): UPDATE_UI :FF550A00070127010000000000
12-16 13:53:53.175 D/BackCarMsg( 2441): UPDATE_UI :FF550A00070128010000000000
12-16 13:53:53.176 D/gps_mtk_gps(  417): nmea_reader_parse: line = 980: GPS get accuracy from driver:4.700000
12-16 13:53:53.176 D/BackCarMsg( 2441): UPDATE_UI :FF550A0007012A010000000000
12-16 13:53:53.176 D/gps_mtk_gps(  417): nmea_reader_parse: line = 1044: Found 12 Satellites, mask = 0x909a5a10
12-16 13:53:53.178 D/GPS     (  554): count:11
12-16 13:53:53.178 D/BackCarMsg( 2441): UPDATE_UI :FF550A0007012B010000000000
12-16 13:53:53.178 D/PowerManagerService(  417): acquireWakeLockInternal: lock=1094777160, flags=0x1, tag="LocationManagerService", ws=null, uid=1000, pid=417
12-16 13:53:53.178 D/PowerManagerNotifier(  417): onWakeLockAcquired: flags=1, tag="LocationManagerService", ownerUid=1000, ownerPid=417, workSource=null
12-16 13:53:53.178 D/PowerManagerService(  417): updateWakeLockSummaryLocked: mWakefulness=Awake, mWakeLockSummary=0x1
12-16 13:53:53.178 D/PowerManagerService(  417): updateScreenStateLocked: mDisplayReady=true, newScreenState=2, mWakefulness=1, mWakeLockSummary=0x1, mUserActivitySummary=0x1, mBootCompleted=true
12-16 13:53:53.178 D/PowerManagerService(  417): handleSandman: canDream=true, mWakefulness=Awake
12-16 13:53:53.178 D/PowerManagerService(  417): releaseWakeLockInternal: lock=1094777160, flags=0x0
12-16 13:53:53.178 D/PowerManagerNotifier(  417): onWakeLockReleased: flags=1, tag="LocationManagerService", ownerUid=1000, ownerPid=417, workSource=null
12-16 13:53:53.179 D/PowerManagerService(  417): updateWakeLockSummaryLocked: mWakefulness=Awake, mWakeLockSummary=0x1
12-16 13:53:53.179 D/PowerManagerService(  417): updateScreenStateLocked: mDisplayReady=true, newScreenState=2, mWakefulness=1, mWakeLockSummary=0x1, mUserActivitySummary=0x1, mBootCompleted=true
12-16 13:53:53.179 D/PowerManagerService(  417): handleSandman: canDream=true, mWakefulness=Awake
12-16 13:53:53.180 D/BackCarMsg( 2441): UPDATE_UI :FF550A00070027010000000000
12-16 13:53:53.180 D/GPS     (  915): count:11
12-16 13:53:53.181 D/BackCarMsg( 2441): UPDATE_UI :FF550A00070028010000000000
12-16 13:53:53.181 D/BackCarMsg( 2441): UPDATE_UI :FF550A0007002A010000000000
12-16 13:53:53.182 D/PowerManagerService(  417): acquireWakeLockInternal: lock=1094777160, flags=0x1, tag="LocationManagerService", ws=null, uid=1000, pid=417
12-16 13:53:53.182 D/PowerManagerNotifier(  417): onWakeLockAcquired: flags=1, tag="LocationManagerService", ownerUid=1000, ownerPid=417, workSource=null
12-16 13:53:53.182 D/PowerManagerService(  417): updateWakeLockSummaryLocked: mWakefulness=Awake, mWakeLockSummary=0x1
12-16 13:53:53.182 D/PowerManagerService(  417): updateScreenStateLocked: mDisplayReady=true, newScreenState=2, mWakefulness=1, mWakeLockSummary=0x1, mUserActivitySummary=0x1, mBootCompleted=true
12-16 13:53:53.183 D/BackCarMsg( 2441): UPDATE_UI :FF550A0007002B010000000000
12-16 13:53:53.183 D/DDDB    ( 2441):  0x0a  edgeRadar 
12-16 13:53:53.183 D/PowerManagerService(  417): handleSandman: canDream=true, mWakefulness=Awake
12-16 13:53:53.184 D/DDDD    ( 2441):  EdgeRadarDealWithData 18  1033331000111100010
12-16 13:53:53.184 D/BackCarMsg( 2441): UPDATE_UI :FF550A00070121020000000100
12-16 13:53:53.184 D/SendManager-gps data ( 3381): onLocationChanged data : 4.7,53.76,1.3017325
12-16 13:53:53.184 D/SendManager-CollectService( 3381): collectGPSData==imei===111110000000003
12-16 13:53:53.194 D/SendManager-FlyaudioCollectDB( 3381): insertDatas===data=={"msgcontent":{"bearing":53.76,"date":"2016-12-16 13:53:54 ","imei":"111110000000003","latitude":23.01539833333333,"longitude":113.96348833333334,"speed":1.3017325,"startTime":"2016-12-16 13:37:03 "},"msghead":"0001010020"}
12-16 13:53:53.197 D/PowerManagerService(  417): releaseWakeLockInternal: lock=1094777160, flags=0x0
12-16 13:53:53.197 D/PowerManagerNotifier(  417): onWakeLockReleased: flags=1, tag="LocationManagerService", ownerUid=1000, ownerPid=417, workSource=null
12-16 13:53:53.198 D/PowerManagerService(  417): updateWakeLockSummaryLocked: mWakefulness=Awake, mWakeLockSummary=0x1
12-16 13:53:53.198 D/PowerManagerService(  417): updateScreenStateLocked: mDisplayReady=true, newScreenState=2, mWakefulness=1, mWakeLockSummary=0x1, mUserActivitySummary=0x1, mBootCompleted=true
12-16 13:53:53.198 D/PowerManagerService(  417): handleSandman: canDream=true, mWakefulness=Awake
12-16 13:53:53.199 D/BackCarMsg( 2441): UPDATE_UI :FF550A00070122020000000100
12-16 13:53:53.214 D/BackCarMsg( 2441): UPDATE_UI :FF550A00070124020000000100
12-16 13:53:53.228 D/BackCarMsg( 2441): UPDATE_UI :FF550A00070125020000000100
12-16 13:53:53.242 D/BackCarMsg( 2441): UPDATE_UI :FF550A00070127020000000000
12-16 13:53:53.243 D/BackCarMsg( 2441): UPDATE_UI :FF550A00070421FF000100
12-16 13:53:53.243 D/BackCarMsg( 2441): UPDATE_UI :FF550A00070221020000000000
12-16 13:53:53.244 D/BackCarMsg( 2441): UPDATE_UI :FF550A00070422FF000100
12-16 13:53:53.245 D/BackCarMsg( 2441): UPDATE_UI :FF550A00070222020000000000
12-16 13:53:53.245 D/BackCarMsg( 2441): UPDATE_UI :FF550A00070424FF000100
12-16 13:53:53.246 D/BackCarMsg( 2441): UPDATE_UI :FF550A00070224020000000000
12-16 13:53:53.246 D/BackCarMsg( 2441): UPDATE_UI :FF550A00070425FF000100
12-16 13:53:53.247 D/BackCarMsg( 2441): UPDATE_UI :FF550A00070225020000000000
12-16 13:53:53.248 D/BackCarMsg( 2441): UPDATE_UI :FF550A00070427FF000100
12-16 13:53:53.248 D/BackCarMsg( 2441): UPDATE_UI :FF550A00070428FF000100
12-16 13:53:53.249 D/BackCarMsg( 2441): UPDATE_UI :FF550A0007042AFF000100
12-16 13:53:53.250 D/BackCarMsg( 2441): UPDATE_UI :FF550A0007042BFF000100
12-16 13:53:53.250 D/BackCarMsg( 2441): UPDATE_UI :FF550A0007022B020000000000
12-16 13:53:53.251 D/BackCarMsg( 2441): UPDATE_UI :FF550800070120FF000100
12-16 13:53:53.252 D/BackCarMsg( 2441): UPDATE_UI :FF550A00070221010000000300
12-16 13:53:53.253 D/BackCarMsg( 2441): UPDATE_UI :FF550A00070222010000000300
12-16 13:53:53.253 D/DDD     ( 2441):  cmd 7 paramer[1] 1  tmpRadarShow 1
12-16 13:53:53.253 D/BackCarMsg( 2441): UPDATE_UI :FF550A00070224010000000300
12-16 13:53:53.254 D/BackCarMsg( 2441): UPDATE_UI :FF550A00070225010000000300
12-16 13:53:53.255 D/BackCarMsg( 2441): UPDATE_UI :FF550A00070321010000000300
12-16 13:53:53.256 D/BackCarMsg( 2441): UPDATE_UI :FF550A00070322010000000300
12-16 13:53:53.256 D/BackCarMsg( 2441): UPDATE_UI :FF550A00070324010000000300
12-16 13:53:53.257 D/BackCarMsg( 2441): UPDATE_UI :FF550A00070325010000000300
12-16 13:53:53.258 D/BackCarMsg( 2441): UPDATE_UI :FF550800070120FF000100
12-16 13:53:53.258 D/BackCarMsg( 2441): UPDATE_UI :FF550A00070227010000000000
12-16 13:53:53.259 D/BackCarMsg( 2441): UPDATE_UI :FF550A00070228010000000000
12-16 13:53:53.260 D/BackCarMsg( 2441): UPDATE_UI :FF550A0007022A010000000000
12-16 13:53:53.260 D/BackCarMsg( 2441): UPDATE_UI :FF550A0007022B010000000100
12-16 13:53:53.261 D/BackCarMsg( 2441): UPDATE_UI :FF550A00070327010000000000
12-16 13:53:53.262 D/BackCarMsg( 2441): UPDATE_UI :FF550A00070328010000000000
12-16 13:53:53.263 D/BackCarMsg( 2441): UPDATE_UI :FF550A0007032A010000000000
12-16 13:53:53.263 D/BackCarMsg( 2441): UPDATE_UI :FF550A0007032B010000000100
12-16 13:53:53.264 D/BackCarMsg( 2441): UPDATE_UI :FF551700071000FF0A0303030301000000010101010000000100
12-16 13:53:53.265 D/BackCarMsg( 2441): UPDATE_UI :FF550800070600FF000100
12-16 13:53:53.265 D/BackCarMsg( 2441): UPDATE_UI :FF550A00070600010000000000
12-16 13:53:53.266 I/FlyBackCarMainView( 2441): data [10] = 0 data[11] 0 data[12] 0  0
12-16 13:53:53.266 D/DDDB    ( 2441):  0x0a  edgeRadar 
12-16 13:53:53.266 D/DDDD    ( 2441):  EdgeRadarDealWithData 18  1033331000111100010
12-16 13:53:53.267 D/BackCarMsg( 2441): UPDATE_UI :FF550A00070121020000000100
12-16 13:53:53.281 D/BackCarMsg( 2441): UPDATE_UI :FF550A00070122020000000100
12-16 13:53:53.294 D/BackCarMsg( 2441): UPDATE_UI :FF550A00070124020000000100
12-16 13:53:53.308 D/BackCarMsg( 2441): UPDATE_UI :FF550A00070125020000000100
12-16 13:53:53.322 D/BackCarMsg( 2441): UPDATE_UI :FF550A00070127020000000000
12-16 13:53:53.323 D/BackCarMsg( 2441): UPDATE_UI :FF550A00070421FF000100
12-16 13:53:53.323 D/BackCarMsg( 2441): UPDATE_UI :FF550A00070221020000000000
12-16 13:53:53.324 D/BackCarMsg( 2441): UPDATE_UI :FF550A00070422FF000100
12-16 13:53:53.325 D/BackCarMsg( 2441): UPDATE_UI :FF550A00070222020000000000
12-16 13:53:53.325 D/BackCarMsg( 2441): UPDATE_UI :FF550A00070424FF000100
12-16 13:53:53.326 D/BackCarMsg( 2441): UPDATE_UI :FF550A00070224020000000000
12-16 13:53:53.327 D/BackCarMsg( 2441): UPDATE_UI :FF550A00070425FF000100
12-16 13:53:53.327 D/BackCarMsg( 2441): UPDATE_UI :FF550A00070225020000000000
12-16 13:53:53.328 D/BackCarMsg( 2441): UPDATE_UI :FF550A00070427FF000100
12-16 13:53:53.328 D/BackCarMsg( 2441): UPDATE_UI :FF550A00070428FF000100
12-16 13:53:53.329 D/BackCarMsg( 2441): UPDATE_UI :FF550A0007042AFF000100
12-16 13:53:53.330 D/BackCarMsg( 2441): UPDATE_UI :FF550A0007042BFF000100
12-16 13:53:53.331 D/BackCarMsg( 2441): UPDATE_UI :FF550A0007022B020000000000
12-16 13:53:53.331 D/DDD     ( 2441):  cmd 7 paramer[1] 1  tmpRadarShow 1
12-16 13:53:53.332 D/BackCarMsg( 2441): UPDATE_UI :FF550800070600FF000100
12-16 13:53:53.333 D/BackCarMsg( 2441): UPDATE_UI :FF550A00070600010000000000
12-16 13:53:53.333 I/FlyBackCarMainView( 2441): data [10] = 0 data[11] 0 data[12] 0  0
12-16 13:53:53.333 D/BackCarMsg( 2441): UPDATE_UI :FF550800070600FF000100
12-16 13:53:53.334 D/DDDB    ( 2441):  0x0a  edgeRadar 
12-16 13:53:53.334 D/DDDD    ( 2441):  EdgeRadarDealWithData 18  1033331000111100010
12-16 13:53:53.334 D/BackCarMsg( 2441): UPDATE_UI :FF550A00070121020000000100
12-16 13:53:53.348 D/BackCarMsg( 2441): UPDATE_UI :FF550A00070122020000000100
12-16 13:53:53.362 D/BackCarMsg( 2441): UPDATE_UI :FF550A00070124020000000100
12-16 13:53:53.376 D/BackCarMsg( 2441): UPDATE_UI :FF550A00070125020000000100
12-16 13:53:53.390 D/BackCarMsg( 2441): UPDATE_UI :FF550A00070127020000000000
12-16 13:53:53.390 D/BackCarMsg( 2441): UPDATE_UI :FF550A00070421FF000100
12-16 13:53:53.391 D/BackCarMsg( 2441): UPDATE_UI :FF550A00070221020000000000
12-16 13:53:53.392 D/BackCarMsg( 2441): UPDATE_UI :FF550A00070422FF000100
12-16 13:53:53.392 D/BackCarMsg( 2441): UPDATE_UI :FF550A00070222020000000000
12-16 13:53:53.393 D/BackCarMsg( 2441): UPDATE_UI :FF550A00070424FF000100
12-16 13:53:53.394 D/BackCarMsg( 2441): UPDATE_UI :FF550A00070224020000000000
12-16 13:53:53.394 D/BackCarMsg( 2441): UPDATE_UI :FF550A00070425FF000100
12-16 13:53:53.395 D/BackCarMsg( 2441): UPDATE_UI :FF550A00070225020000000000
12-16 13:53:53.396 D/BackCarMsg( 2441): UPDATE_UI :FF550A00070427FF000100
12-16 13:53:53.396 D/BackCarMsg( 2441): UPDATE_UI :FF550A00070428FF000100
12-16 13:53:53.397 D/BackCarMsg( 2441): UPDATE_UI :FF550A0007042AFF000100
12-16 13:53:53.397 D/BackCarMsg( 2441): UPDATE_UI :FF550A0007042BFF000100
12-16 13:53:53.398 D/BackCarMsg( 2441): UPDATE_UI :FF550A0007022B020000000000
12-16 13:53:53.399 D/DDD     ( 2441):  cmd 7 paramer[1] 1  tmpRadarShow 1
12-16 13:53:53.399 D/BackCarMsg( 2441): UPDATE_UI :FF550A00070600010000000000
12-16 13:53:53.399 I/FlyBackCarMainView( 2441): data [10] = 0 data[11] 0 data[12] 0  0
12-16 13:53:53.399 D/DDDB    ( 2441):  0x0a  edgeRadar 
12-16 13:53:53.400 D/DDDD    ( 2441):  EdgeRadarDealWithData 18  1033331000111100010
12-16 13:53:53.400 D/BackCarMsg( 2441): UPDATE_UI :FF550A00070121020000000100
12-16 13:53:53.414 D/BackCarMsg( 2441): UPDATE_UI :FF550A00070122020000000100
12-16 13:53:53.428 D/BackCarMsg( 2441): UPDATE_UI :FF550A00070124020000000100
12-16 13:53:53.441 D/BackCarMsg( 2441): UPDATE_UI :FF550A00070125020000000100
12-16 13:53:53.455 D/BackCarMsg( 2441): UPDATE_UI :FF550A00070127020000000000
12-16 13:53:53.456 D/BackCarMsg( 2441): UPDATE_UI :FF550A00070421FF000100
12-16 13:53:53.456 D/BackCarMsg( 2441): UPDATE_UI :FF550A00070221020000000000
12-16 13:53:53.457 D/BackCarMsg( 2441): UPDATE_UI :FF550A00070422FF000100
12-16 13:53:53.458 D/BackCarMsg( 2441): UPDATE_UI :FF550A00070222020000000000
12-16 13:53:53.458 D/BackCarMsg( 2441): UPDATE_UI :FF550A00070424FF000100
12-16 13:53:53.459 D/BackCarMsg( 2441): UPDATE_UI :FF550A00070224020000000000
12-16 13:53:53.460 D/BackCarMsg( 2441): UPDATE_UI :FF550A00070425FF000100
12-16 13:53:53.460 D/BackCarMsg( 2441): UPDATE_UI :FF550A00070225020000000000
12-16 13:53:53.461 D/BackCarMsg( 2441): UPDATE_UI :FF550A00070427FF000100
12-16 13:53:53.462 D/BackCarMsg( 2441): UPDATE_UI :FF550A00070428FF000100
12-16 13:53:53.462 D/BackCarMsg( 2441): UPDATE_UI :FF550A0007042AFF000100
12-16 13:53:53.463 D/BackCarMsg( 2441): UPDATE_UI :FF550A0007042BFF000100
12-16 13:53:53.464 D/BackCarMsg( 2441): UPDATE_UI :FF550A0007022B020000000000
12-16 13:53:53.464 D/DDD     ( 2441):  cmd 7 paramer[1] 1  tmpRadarShow 1
12-16 13:53:53.464 D/BackCarMsg( 2441): UPDATE_UI :FF550800070600FF000100
12-16 13:53:53.465 D/DDDB    ( 2441):  0x0a  edgeRadar 
12-16 13:53:53.465 D/DDDD    ( 2441):  EdgeRadarDealWithData 18  1033331000111100010
12-16 13:53:53.466 D/BackCarMsg( 2441): UPDATE_UI :FF550A00070121020000000100
12-16 13:53:53.480 D/BackCarMsg( 2441): UPDATE_UI :FF550A00070122020000000100
12-16 13:53:53.505 D/dalvikvm( 2441): GC_CONCURRENT freed 1956K, 18% free 21590K/26280K, paused 2ms+5ms, total 25ms
12-16 13:53:53.505 D/BackCarMsg( 2441): UPDATE_UI :FF550A00070124020000000100
12-16 13:53:53.519 D/BackCarMsg( 2441): UPDATE_UI :FF550A00070125020000000100
12-16 13:53:53.533 D/BackCarMsg( 2441): UPDATE_UI :FF550A00070127020000000000
12-16 13:53:53.534 D/BackCarMsg( 2441): UPDATE_UI :FF550A00070421FF000100
12-16 13:53:53.534 D/BackCarMsg( 2441): UPDATE_UI :FF550A00070221020000000000
12-16 13:53:53.535 D/BackCarMsg( 2441): UPDATE_UI :FF550A00070422FF000100
12-16 13:53:53.536 D/BackCarMsg( 2441): UPDATE_UI :FF550A00070222020000000000
12-16 13:53:53.536 D/BackCarMsg( 2441): UPDATE_UI :FF550A00070424FF000100
12-16 13:53:53.537 D/BackCarMsg( 2441): UPDATE_UI :FF550A00070224020000000000
12-16 13:53:53.537 D/BackCarMsg( 2441): UPDATE_UI :FF550A00070425FF000100
12-16 13:53:53.538 D/BackCarMsg( 2441): UPDATE_UI :FF550A00070225020000000000
12-16 13:53:53.539 D/BackCarMsg( 2441): UPDATE_UI :FF550A00070427FF000100
12-16 13:53:53.539 D/BackCarMsg( 2441): UPDATE_UI :FF550A00070428FF